13:43:07	 Account: beodkny	Name: gremory	 DelItem: §¹i Phong §ao
13:58:19	 Account: beodkny	Name: gremory	 DelItem: YÓm NhËt kh«i
13:58:19	 Account: beodkny	Name: gremory	 DelItem: Vßng Hoa ThÊt TŞch
13:58:19	 Account: beodkny	Name: gremory	 DelItem: B¸nh Trung Thu Nh©n Dõa
13:58:19	 Account: beodkny	Name: gremory	 DelItem: B¶o R­¬ng §å Xanh
14:10:10	 Account: luntest	Name: MounTaintDew	 DelItem: Tóc S­¬ng
14:41:58	 Account: jimmy01	Name: Test01	 DelItem: Tóc S­¬ng
15:05:41	 Account: cohoang155	Name: Ho¶ÙThiªnÙDi	 DelItem: Ch©n Vò Th¸nh Y
15:05:41	 Account: cohoang155	Name: Ho¶ÙThiªnÙDi	 DelItem: Tóc S­¬ng
15:14:19	 Account: jimmy01	Name: Test01	 DelItem: [ Nguyªn So¸i ] chiÕn m·
15:19:41	 Account: kimdonghuynh01	Name: ÙThorÙÙ	 DelItem: [ Nguyªn So¸i ] chiÕn m·
15:19:41	 Account: kimdonghuynh01	Name: ÙThorÙÙ	 DelItem: [ Nguyªn So¸i ] chiÕn m·
15:19:41	 Account: kimdonghuynh01	Name: ÙThorÙÙ	 DelItem: [ Nguyªn So¸i ] mÆt n¹ [ cÊp 9 ]
15:19:41	 Account: kimdonghuynh01	Name: ÙThorÙÙ	 DelItem: [ Nguyªn So¸i ] mÆt n¹ [ cÊp 8 ]
15:19:41	 Account: kimdonghuynh01	Name: ÙThorÙÙ	 DelItem: [ Nguyªn So¸i ] mÆt n¹ [ cÊp 7 ]
15:19:41	 Account: kimdonghuynh01	Name: ÙThorÙÙ	 DelItem: [ Nguyªn So¸i ] mÆt n¹ [ cÊp 6 ]
15:19:41	 Account: kimdonghuynh01	Name: ÙThorÙÙ	 DelItem: [ Nguyªn So¸i ] mÆt n¹ [ cÊp 5 ]
15:19:41	 Account: kimdonghuynh01	Name: ÙThorÙÙ	 DelItem: [ Nguyªn So¸i ] mÆt n¹ [ cÊp 4 ]
15:19:41	 Account: kimdonghuynh01	Name: ÙThorÙÙ	 DelItem: [ Nguyªn So¸i ] mÆt n¹ [ cÊp 3 ]
15:19:41	 Account: kimdonghuynh01	Name: ÙThorÙÙ	 DelItem: [ Nguyªn So¸i ] mÆt n¹ [ cÊp 2 ]
15:19:41	 Account: kimdonghuynh01	Name: ÙThorÙÙ	 DelItem: [ Nguyªn So¸i ] mÆt n¹ [ cÊp 1 ]
15:20:00	 Account: kimdonghuynh01	Name: ÙThorÙÙ	 DelItem: Toµn Th¹ch H¹ng Liªn
15:20:00	 Account: kimdonghuynh01	Name: ÙThorÙÙ	 DelItem: [ Nguyªn So¸i ] chiÕn m·
15:20:00	 Account: kimdonghuynh01	Name: ÙThorÙÙ	 DelItem: [ Nguyªn So¸i ] chiÕn m·
15:20:00	 Account: kimdonghuynh01	Name: ÙThorÙÙ	 DelItem: Tóc S­¬ng
15:21:01	 Account: kimdonghuynh01	Name: ÙThorÙÙ	 DelItem: [ Nguyªn So¸i ] trang søc
15:21:01	 Account: kimdonghuynh01	Name: ÙThorÙÙ	 DelItem: [ Nguyªn So¸i ] trang søc
15:21:01	 Account: kimdonghuynh01	Name: ÙThorÙÙ	 DelItem: [ Nguyªn So¸i ] trang søc
15:21:01	 Account: kimdonghuynh01	Name: ÙThorÙÙ	 DelItem: [ Nguyªn So¸i ] trang søc
15:21:01	 Account: kimdonghuynh01	Name: ÙThorÙÙ	 DelItem: [ Nguyªn So¸i ] trang søc
15:21:01	 Account: kimdonghuynh01	Name: ÙThorÙÙ	 DelItem: [ Nguyªn So¸i ] trang søc
15:21:01	 Account: kimdonghuynh01	Name: ÙThorÙÙ	 DelItem: [ Nguyªn So¸i ] phi phong
15:21:01	 Account: kimdonghuynh01	Name: ÙThorÙÙ	 DelItem: [ Nguyªn So¸i ] phi phong
15:21:01	 Account: kimdonghuynh01	Name: ÙThorÙÙ	 DelItem: [ Nguyªn So¸i ] phi phong
15:21:01	 Account: kimdonghuynh01	Name: ÙThorÙÙ	 DelItem: [ Nguyªn So¸i ] phi phong
15:21:01	 Account: kimdonghuynh01	Name: ÙThorÙÙ	 DelItem: [ Nguyªn So¸i ] phi phong
15:21:01	 Account: kimdonghuynh01	Name: ÙThorÙÙ	 DelItem: [ Nguyªn So¸i ] phi phong
15:21:01	 Account: kimdonghuynh01	Name: ÙThorÙÙ	 DelItem: [ Nguyªn So¸i ] phi phong
15:21:01	 Account: kimdonghuynh01	Name: ÙThorÙÙ	 DelItem: [ Nguyªn So¸i ] phi phong
15:21:01	 Account: kimdonghuynh01	Name: ÙThorÙÙ	 DelItem: [ Nguyªn So¸i ] phi phong
15:21:01	 Account: kimdonghuynh01	Name: ÙThorÙÙ	 DelItem: [ Nguyªn So¸i ] quan Ên
15:21:01	 Account: kimdonghuynh01	Name: ÙThorÙÙ	 DelItem: [ Nguyªn So¸i ] quan Ên
15:21:01	 Account: kimdonghuynh01	Name: ÙThorÙÙ	 DelItem: [ Nguyªn So¸i ] quan Ên
15:21:01	 Account: kimdonghuynh01	Name: ÙThorÙÙ	 DelItem: [ Nguyªn So¸i ] quan Ên
15:21:01	 Account: kimdonghuynh01	Name: ÙThorÙÙ	 DelItem: [ Nguyªn So¸i ] quan Ên
15:21:01	 Account: kimdonghuynh01	Name: ÙThorÙÙ	 DelItem: [ Nguyªn So¸i ] quan Ên
15:21:01	 Account: kimdonghuynh01	Name: ÙThorÙÙ	 DelItem: [ Nguyªn So¸i ] quan Ên
15:21:01	 Account: kimdonghuynh01	Name: ÙThorÙÙ	 DelItem: [ Nguyªn So¸i ] quan Ên
15:21:01	 Account: kimdonghuynh01	Name: ÙThorÙÙ	 DelItem: [ Nguyªn So¸i ] quan Ên
15:21:22	 Account: kimdonghuynh01	Name: ÙThorÙÙ	 DelItem: [ Nguyªn So¸i ] trang søc
15:21:22	 Account: kimdonghuynh01	Name: ÙThorÙÙ	 DelItem: [ Nguyªn So¸i ] trang søc
15:21:22	 Account: kimdonghuynh01	Name: ÙThorÙÙ	 DelItem: [ Nguyªn So¸i ] trang søc
15:21:22	 Account: kimdonghuynh01	Name: ÙThorÙÙ	 DelItem: [ Nguyªn So¸i ] trang søc
15:21:22	 Account: kimdonghuynh01	Name: ÙThorÙÙ	 DelItem: [ Nguyªn So¸i ] trang søc
15:21:22	 Account: kimdonghuynh01	Name: ÙThorÙÙ	 DelItem: [ Nguyªn So¸i ] trang søc
15:21:22	 Account: kimdonghuynh01	Name: ÙThorÙÙ	 DelItem: [ Nguyªn So¸i ] trang søc
15:21:22	 Account: kimdonghuynh01	Name: ÙThorÙÙ	 DelItem: [ Nguyªn So¸i ] trang søc
15:21:22	 Account: kimdonghuynh01	Name: ÙThorÙÙ	 DelItem: [ Nguyªn So¸i ] trang søc
15:21:22	 Account: kimdonghuynh01	Name: ÙThorÙÙ	 DelItem: [ Nguyªn So¸i ] trang søc
15:21:22	 Account: kimdonghuynh01	Name: ÙThorÙÙ	 DelItem: [ Nguyªn So¸i ] trang søc
15:21:22	 Account: kimdonghuynh01	Name: ÙThorÙÙ	 DelItem: [ Nguyªn So¸i ] trang søc
15:21:22	 Account: kimdonghuynh01	Name: ÙThorÙÙ	 DelItem: [ Nguyªn So¸i ] trang søc
15:21:22	 Account: kimdonghuynh01	Name: ÙThorÙÙ	 DelItem: B¸nh TiÒm N¨ng
15:26:32	 Account: kimdonghuynh02	Name: HoaÙNhan	 DelItem: [ Nguyªn So¸i ] mÆt n¹ [ cÊp 9 ]
15:26:32	 Account: kimdonghuynh02	Name: HoaÙNhan	 DelItem: [ Nguyªn So¸i ] mÆt n¹ [ cÊp 8 ]
15:26:32	 Account: kimdonghuynh02	Name: HoaÙNhan	 DelItem: [ Nguyªn So¸i ] mÆt n¹ [ cÊp 7 ]
15:26:32	 Account: kimdonghuynh02	Name: HoaÙNhan	 DelItem: [ Nguyªn So¸i ] mÆt n¹ [ cÊp 6 ]
15:26:32	 Account: kimdonghuynh02	Name: HoaÙNhan	 DelItem: [ Nguyªn So¸i ] mÆt n¹ [ cÊp 5 ]
15:26:32	 Account: kimdonghuynh02	Name: HoaÙNhan	 DelItem: [ Nguyªn So¸i ] mÆt n¹ [ cÊp 4 ]
15:26:32	 Account: kimdonghuynh02	Name: HoaÙNhan	 DelItem: [ Nguyªn So¸i ] mÆt n¹ [ cÊp 3 ]
15:26:32	 Account: kimdonghuynh02	Name: HoaÙNhan	 DelItem: [ Nguyªn So¸i ] mÆt n¹ [ cÊp 2 ]
15:26:32	 Account: kimdonghuynh02	Name: HoaÙNhan	 DelItem: [ Nguyªn So¸i ] mÆt n¹ [ cÊp 1 ]
15:42:56	 Account: kimdonghuynh02	Name: HoaÙNhan	 DelItem: [ Nguyªn So¸i ] chiÕn m·
15:42:56	 Account: kimdonghuynh02	Name: HoaÙNhan	 DelItem: [ Nguyªn So¸i ] chiÕn m·
15:42:56	 Account: kimdonghuynh02	Name: HoaÙNhan	 DelItem: [ Nguyªn So¸i ] chiÕn m·
15:43:08	 Account: kimdonghuynh02	Name: HoaÙNhan	 DelItem: [ Nguyªn So¸i ] chiÕn m·
15:43:08	 Account: kimdonghuynh02	Name: HoaÙNhan	 DelItem: [ Nguyªn So¸i ] chiÕn m·
15:43:08	 Account: kimdonghuynh02	Name: HoaÙNhan	 DelItem: [ Nguyªn So¸i ] chiÕn m·
15:43:25	 Account: kimdonghuynh02	Name: HoaÙNhan	 DelItem: [ Nguyªn So¸i ] chiÕn m·
15:43:25	 Account: kimdonghuynh02	Name: HoaÙNhan	 DelItem: Tóc S­¬ng
15:44:27	 Account: kimdonghuynh02	Name: HoaÙNhan	 DelItem: [ Nguyªn So¸i ] trang søc
15:44:27	 Account: kimdonghuynh02	Name: HoaÙNhan	 DelItem: [ Nguyªn So¸i ] trang søc
15:44:27	 Account: kimdonghuynh02	Name: HoaÙNhan	 DelItem: [ Nguyªn So¸i ] trang søc
15:44:27	 Account: kimdonghuynh02	Name: HoaÙNhan	 DelItem: [ Nguyªn So¸i ] trang søc
15:44:27	 Account: kimdonghuynh02	Name: HoaÙNhan	 DelItem: [ Nguyªn So¸i ] trang søc
15:44:27	 Account: kimdonghuynh02	Name: HoaÙNhan	 DelItem: [ Nguyªn So¸i ] trang søc
15:44:27	 Account: kimdonghuynh02	Name: HoaÙNhan	 DelItem: [ Nguyªn So¸i ] trang søc
15:44:27	 Account: kimdonghuynh02	Name: HoaÙNhan	 DelItem: [ Nguyªn So¸i ] trang søc
15:44:27	 Account: kimdonghuynh02	Name: HoaÙNhan	 DelItem: [ Nguyªn So¸i ] trang søc
15:44:27	 Account: kimdonghuynh02	Name: HoaÙNhan	 DelItem: [ Nguyªn So¸i ] quan Ên
15:44:27	 Account: kimdonghuynh02	Name: HoaÙNhan	 DelItem: [ Nguyªn So¸i ] quan Ên
15:44:27	 Account: kimdonghuynh02	Name: HoaÙNhan	 DelItem: [ Nguyªn So¸i ] quan Ên
15:44:27	 Account: kimdonghuynh02	Name: HoaÙNhan	 DelItem: [ Nguyªn So¸i ] quan Ên
15:44:27	 Account: kimdonghuynh02	Name: HoaÙNhan	 DelItem: [ Nguyªn So¸i ] quan Ên
15:44:27	 Account: kimdonghuynh02	Name: HoaÙNhan	 DelItem: [ Nguyªn So¸i ] quan Ên
15:44:27	 Account: kimdonghuynh02	Name: HoaÙNhan	 DelItem: [ Nguyªn So¸i ] quan Ên
15:44:27	 Account: kimdonghuynh02	Name: HoaÙNhan	 DelItem: [ Nguyªn So¸i ] quan Ên
15:44:27	 Account: kimdonghuynh02	Name: HoaÙNhan	 DelItem: [ Nguyªn So¸i ] quan Ên
16:01:09	 Account: kimdonghuynh02	Name: 5docchuong	 DelItem: [ Nguyªn So¸i ] chiÕn m·
16:01:09	 Account: kimdonghuynh02	Name: 5docchuong	 DelItem: [ Nguyªn So¸i ] chiÕn m·
16:01:09	 Account: kimdonghuynh02	Name: 5docchuong	 DelItem: [ Nguyªn So¸i ] mÆt n¹ [ cÊp 9 ]
16:01:09	 Account: kimdonghuynh02	Name: 5docchuong	 DelItem: [ Nguyªn So¸i ] mÆt n¹ [ cÊp 8 ]
16:01:09	 Account: kimdonghuynh02	Name: 5docchuong	 DelItem: [ Nguyªn So¸i ] mÆt n¹ [ cÊp 7 ]
16:01:09	 Account: kimdonghuynh02	Name: 5docchuong	 DelItem: [ Nguyªn So¸i ] mÆt n¹ [ cÊp 6 ]
16:01:09	 Account: kimdonghuynh02	Name: 5docchuong	 DelItem: [ Nguyªn So¸i ] mÆt n¹ [ cÊp 5 ]
16:01:09	 Account: kimdonghuynh02	Name: 5docchuong	 DelItem: [ Nguyªn So¸i ] mÆt n¹ [ cÊp 4 ]
16:01:09	 Account: kimdonghuynh02	Name: 5docchuong	 DelItem: [ Nguyªn So¸i ] mÆt n¹ [ cÊp 3 ]
16:01:09	 Account: kimdonghuynh02	Name: 5docchuong	 DelItem: [ Nguyªn So¸i ] mÆt n¹ [ cÊp 2 ]
16:01:09	 Account: kimdonghuynh02	Name: 5docchuong	 DelItem: [ Nguyªn So¸i ] mÆt n¹ [ cÊp 1 ]
16:01:19	 Account: kimdonghuynh02	Name: 5docchuong	 DelItem: [ Nguyªn So¸i ] chiÕn m·
16:01:19	 Account: kimdonghuynh02	Name: 5docchuong	 DelItem: [ Nguyªn So¸i ] chiÕn m·
16:01:19	 Account: kimdonghuynh02	Name: 5docchuong	 DelItem: [ Nguyªn So¸i ] chiÕn m·
16:01:59	 Account: kimdonghuynh02	Name: 5docchuong	 DelItem: [ Nguyªn So¸i ] trang søc
16:01:59	 Account: kimdonghuynh02	Name: 5docchuong	 DelItem: [ Nguyªn So¸i ] trang søc
16:01:59	 Account: kimdonghuynh02	Name: 5docchuong	 DelItem: [ Nguyªn So¸i ] trang søc
16:01:59	 Account: kimdonghuynh02	Name: 5docchuong	 DelItem: [ Nguyªn So¸i ] trang søc
16:01:59	 Account: kimdonghuynh02	Name: 5docchuong	 DelItem: [ Nguyªn So¸i ] trang søc
16:01:59	 Account: kimdonghuynh02	Name: 5docchuong	 DelItem: [ Nguyªn So¸i ] trang søc
16:01:59	 Account: kimdonghuynh02	Name: 5docchuong	 DelItem: [ Nguyªn So¸i ] trang søc
16:01:59	 Account: kimdonghuynh02	Name: 5docchuong	 DelItem: [ Nguyªn So¸i ] trang søc
16:01:59	 Account: kimdonghuynh02	Name: 5docchuong	 DelItem: [ Nguyªn So¸i ] trang søc
16:01:59	 Account: kimdonghuynh02	Name: 5docchuong	 DelItem: [ Nguyªn So¸i ] phi phong
16:01:59	 Account: kimdonghuynh02	Name: 5docchuong	 DelItem: [ Nguyªn So¸i ] phi phong
16:01:59	 Account: kimdonghuynh02	Name: 5docchuong	 DelItem: [ Nguyªn So¸i ] phi phong
16:01:59	 Account: kimdonghuynh02	Name: 5docchuong	 DelItem: [ Nguyªn So¸i ] phi phong
16:01:59	 Account: kimdonghuynh02	Name: 5docchuong	 DelItem: [ Nguyªn So¸i ] phi phong
16:01:59	 Account: kimdonghuynh02	Name: 5docchuong	 DelItem: [ Nguyªn So¸i ] phi phong
16:01:59	 Account: kimdonghuynh02	Name: 5docchuong	 DelItem: [ Nguyªn So¸i ] phi phong
16:01:59	 Account: kimdonghuynh02	Name: 5docchuong	 DelItem: [ Nguyªn So¸i ] phi phong
16:01:59	 Account: kimdonghuynh02	Name: 5docchuong	 DelItem: [ Nguyªn So¸i ] phi phong
16:01:59	 Account: kimdonghuynh02	Name: 5docchuong	 DelItem: [ Nguyªn So¸i ] quan Ên
16:01:59	 Account: kimdonghuynh02	Name: 5docchuong	 DelItem: [ Nguyªn So¸i ] quan Ên
16:01:59	 Account: kimdonghuynh02	Name: 5docchuong	 DelItem: [ Nguyªn So¸i ] quan Ên
16:01:59	 Account: kimdonghuynh02	Name: 5docchuong	 DelItem: [ Nguyªn So¸i ] quan Ên
16:01:59	 Account: kimdonghuynh02	Name: 5docchuong	 DelItem: [ Nguyªn So¸i ] quan Ên
16:01:59	 Account: kimdonghuynh02	Name: 5docchuong	 DelItem: [ Nguyªn So¸i ] quan Ên
16:02:10	 Account: kimdonghuynh02	Name: 5docchuong	 DelItem: [ Nguyªn So¸i ] quan Ên
16:02:10	 Account: kimdonghuynh02	Name: 5docchuong	 DelItem: [ Nguyªn So¸i ] quan Ên
16:02:10	 Account: kimdonghuynh02	Name: 5docchuong	 DelItem: [ Nguyªn So¸i ] quan Ên
16:02:10	 Account: kimdonghuynh02	Name: 5docchuong	 DelItem: Tóc S­¬ng
16:02:34	 Account: kimdonghuynh02	Name: 5docchuong	 DelItem: [ Nguyªn So¸i ] chiÕn m·
16:02:34	 Account: kimdonghuynh02	Name: 5docchuong	 DelItem: [ Nguyªn So¸i ] chiÕn m·
16:02:44	 Account: kimdonghuynh02	Name: 5docchuong	 DelItem: [ Nguyªn So¸i ] chiÕn m·
16:02:44	 Account: kimdonghuynh02	Name: 5docchuong	 DelItem: [ Nguyªn So¸i ] chiÕn m·
16:11:45	 Account: luongtien	Name: FapFapFap	 DelItem: Tóc S­¬ng
16:13:42	 Account: ngominhquan0	Name: CæÙTrÇnÙSa	 DelItem: Tóc S­¬ng
16:16:23	 Account: thukho1	Name: 212121211	 DelItem: Tóc S­¬ng
16:19:02	 Account: kimdonghuynh01	Name: ÙThorÙÙ	 DelItem: [ Nguyªn So¸i ] chiÕn m·
16:19:02	 Account: kimdonghuynh01	Name: ÙThorÙÙ	 DelItem: [ Nguyªn So¸i ] chiÕn m·
16:19:02	 Account: kimdonghuynh01	Name: ÙThorÙÙ	 DelItem: [ Nguyªn So¸i ] chiÕn m·
16:19:23	 Account: kimdonghuynh01	Name: ÙThorÙÙ	 DelItem: LÔ Bao Vßng Hoa ThÊt TŞch
16:19:23	 Account: kimdonghuynh01	Name: ÙThorÙÙ	 DelItem: [ Nguyªn So¸i ] chiÕn m·
16:19:23	 Account: kimdonghuynh01	Name: ÙThorÙÙ	 DelItem: [ Nguyªn So¸i ] chiÕn m·
16:19:23	 Account: kimdonghuynh01	Name: ÙThorÙÙ	 DelItem: Vßng Hoa ThÊt TŞch
16:19:51	 Account: kimdonghuynh01	Name: ÙThorÙÙ	 DelItem: Phiªn Vò 
16:23:12	 Account: kimdonghuynh02	Name: HoaÙNhan	 DelItem: [ Nguyªn So¸i ] chiÕn m·
16:23:12	 Account: kimdonghuynh02	Name: HoaÙNhan	 DelItem: [ Nguyªn So¸i ] chiÕn m·
16:23:12	 Account: kimdonghuynh02	Name: HoaÙNhan	 DelItem: [ Nguyªn So¸i ] chiÕn m·
16:48:21	 Account: kimdonghuynh02	Name: HoaÙNhan	 DelItem: [ Nguyªn So¸i ] phi phong
16:48:21	 Account: kimdonghuynh02	Name: HoaÙNhan	 DelItem: [ Nguyªn So¸i ] phi phong
16:48:21	 Account: kimdonghuynh02	Name: HoaÙNhan	 DelItem: [ Nguyªn So¸i ] phi phong
16:48:21	 Account: kimdonghuynh02	Name: HoaÙNhan	 DelItem: [ Nguyªn So¸i ] phi phong
16:48:21	 Account: kimdonghuynh02	Name: HoaÙNhan	 DelItem: [ Nguyªn So¸i ] phi phong
16:48:21	 Account: kimdonghuynh02	Name: HoaÙNhan	 DelItem: [ Nguyªn So¸i ] phi phong
16:48:21	 Account: kimdonghuynh02	Name: HoaÙNhan	 DelItem: [ Nguyªn So¸i ] phi phong
16:48:21	 Account: kimdonghuynh02	Name: HoaÙNhan	 DelItem: [ Nguyªn So¸i ] phi phong
17:12:42	 Account: thanh1	Name: §­êngÙTam	 DelItem: Tóc S­¬ng
17:14:30	 Account: lhphung0	Name: T©yÙ§éc	 DelItem: Tóc S­¬ng
17:15:23	 Account: lhphung0	Name: T©yÙ§éc	 DelItem: [ Nguyªn So¸i ] mÆt n¹ [ cÊp 9 ]
17:15:23	 Account: lhphung0	Name: T©yÙ§éc	 DelItem: [ Nguyªn So¸i ] mÆt n¹ [ cÊp 8 ]
17:15:23	 Account: lhphung0	Name: T©yÙ§éc	 DelItem: [ Nguyªn So¸i ] mÆt n¹ [ cÊp 7 ]
17:15:23	 Account: lhphung0	Name: T©yÙ§éc	 DelItem: [ Nguyªn So¸i ] mÆt n¹ [ cÊp 6 ]
17:15:23	 Account: lhphung0	Name: T©yÙ§éc	 DelItem: [ Nguyªn So¸i ] mÆt n¹ [ cÊp 5 ]
17:15:23	 Account: lhphung0	Name: T©yÙ§éc	 DelItem: [ Nguyªn So¸i ] mÆt n¹ [ cÊp 4 ]
17:15:23	 Account: lhphung0	Name: T©yÙ§éc	 DelItem: [ Nguyªn So¸i ] mÆt n¹ [ cÊp 3 ]
17:15:23	 Account: lhphung0	Name: T©yÙ§éc	 DelItem: [ Nguyªn So¸i ] mÆt n¹ [ cÊp 2 ]
17:15:23	 Account: lhphung0	Name: T©yÙ§éc	 DelItem: [ Nguyªn So¸i ] mÆt n¹ [ cÊp 1 ]
17:16:04	 Account: lhphung0	Name: T©yÙ§éc	 DelItem: [ Nguyªn So¸i ] chiÕn m·
17:16:04	 Account: lhphung0	Name: T©yÙ§éc	 DelItem: [ Nguyªn So¸i ] chiÕn m·
17:16:04	 Account: lhphung0	Name: T©yÙ§éc	 DelItem: [ Nguyªn So¸i ] chiÕn m·
17:16:14	 Account: lhphung0	Name: T©yÙ§éc	 DelItem: [ Nguyªn So¸i ] chiÕn m·
17:16:14	 Account: lhphung0	Name: T©yÙ§éc	 DelItem: [ Nguyªn So¸i ] chiÕn m·
17:16:14	 Account: lhphung0	Name: T©yÙ§éc	 DelItem: [ Nguyªn So¸i ] chiÕn m·
17:19:31	 Account: kr4yzy	Name: ÙÙXaÙPhuÙÙ	 DelItem: Tóc S­¬ng
17:19:31	 Account: kr4yzy	Name: ÙÙXaÙPhuÙÙ	 DelItem: Nga Mi Thİch
17:23:49	 Account: haumiss01	Name: nacarot	 DelItem: Tóc S­¬ng
17:26:05	 Account: lhphung0	Name: T©yÙ§éc	 DelItem: [ Nguyªn So¸i ] trang søc
17:26:05	 Account: lhphung0	Name: T©yÙ§éc	 DelItem: [ Nguyªn So¸i ] trang søc
17:26:05	 Account: lhphung0	Name: T©yÙ§éc	 DelItem: [ Nguyªn So¸i ] trang søc
17:26:05	 Account: lhphung0	Name: T©yÙ§éc	 DelItem: [ Nguyªn So¸i ] trang søc
17:26:05	 Account: lhphung0	Name: T©yÙ§éc	 DelItem: [ Nguyªn So¸i ] trang søc
17:26:05	 Account: lhphung0	Name: T©yÙ§éc	 DelItem: [ Nguyªn So¸i ] trang søc
17:26:05	 Account: lhphung0	Name: T©yÙ§éc	 DelItem: [ Nguyªn So¸i ] trang søc
17:26:05	 Account: lhphung0	Name: T©yÙ§éc	 DelItem: [ Nguyªn So¸i ] quan Ên
17:26:05	 Account: lhphung0	Name: T©yÙ§éc	 DelItem: [ Nguyªn So¸i ] quan Ên
17:26:05	 Account: lhphung0	Name: T©yÙ§éc	 DelItem: [ Nguyªn So¸i ] quan Ên
17:26:05	 Account: lhphung0	Name: T©yÙ§éc	 DelItem: [ Nguyªn So¸i ] quan Ên
17:26:05	 Account: lhphung0	Name: T©yÙ§éc	 DelItem: [ Nguyªn So¸i ] quan Ên
17:26:05	 Account: lhphung0	Name: T©yÙ§éc	 DelItem: [ Nguyªn So¸i ] quan Ên
17:26:05	 Account: lhphung0	Name: T©yÙ§éc	 DelItem: [ Nguyªn So¸i ] quan Ên
17:26:05	 Account: lhphung0	Name: T©yÙ§éc	 DelItem: [ Nguyªn So¸i ] quan Ên
17:26:05	 Account: lhphung0	Name: T©yÙ§éc	 DelItem: [ Nguyªn So¸i ] quan Ên
17:26:05	 Account: lhphung0	Name: T©yÙ§éc	 DelItem: [ Nguyªn So¸i ] phi phong
17:26:05	 Account: lhphung0	Name: T©yÙ§éc	 DelItem: [ Nguyªn So¸i ] phi phong
17:26:05	 Account: lhphung0	Name: T©yÙ§éc	 DelItem: [ Nguyªn So¸i ] phi phong
17:26:05	 Account: lhphung0	Name: T©yÙ§éc	 DelItem: [ Nguyªn So¸i ] phi phong
17:26:05	 Account: lhphung0	Name: T©yÙ§éc	 DelItem: [ Nguyªn So¸i ] phi phong
17:26:05	 Account: lhphung0	Name: T©yÙ§éc	 DelItem: [ Nguyªn So¸i ] phi phong
17:26:05	 Account: lhphung0	Name: T©yÙ§éc	 DelItem: [ Nguyªn So¸i ] phi phong
17:26:05	 Account: lhphung0	Name: T©yÙ§éc	 DelItem: [ Nguyªn So¸i ] phi phong
17:26:25	 Account: lhphung0	Name: T©yÙ§éc	 DelItem: [ Nguyªn So¸i ] trang søc
17:26:25	 Account: lhphung0	Name: T©yÙ§éc	 DelItem: [ Nguyªn So¸i ] trang søc
17:26:25	 Account: lhphung0	Name: T©yÙ§éc	 DelItem: [ Nguyªn So¸i ] phi phong
17:26:50	 Account: kr4yzy	Name: Ù•ÄÙXaÙPhuÙÄ•Ù	 DelItem: LÖnh bµi Phong L¨ng §é
17:26:50	 Account: kr4yzy	Name: Ù•ÄÙXaÙPhuÙÄ•Ù	 DelItem: LÖnh bµi Phong L¨ng §é
17:26:50	 Account: kr4yzy	Name: Ù•ÄÙXaÙPhuÙÄ•Ù	 DelItem: LÖnh bµi Phong L¨ng §é
17:26:50	 Account: kr4yzy	Name: Ù•ÄÙXaÙPhuÙÄ•Ù	 DelItem: LÖnh bµi Phong L¨ng §é
17:26:50	 Account: kr4yzy	Name: Ù•ÄÙXaÙPhuÙÄ•Ù	 DelItem: LÖnh bµi Phong L¨ng §é
17:26:50	 Account: kr4yzy	Name: Ù•ÄÙXaÙPhuÙÄ•Ù	 DelItem: LÖnh bµi Phong L¨ng §é
17:26:50	 Account: kr4yzy	Name: Ù•ÄÙXaÙPhuÙÄ•Ù	 DelItem: LÖnh bµi Phong L¨ng §é
17:26:50	 Account: kr4yzy	Name: Ù•ÄÙXaÙPhuÙÄ•Ù	 DelItem: LÖnh bµi Phong L¨ng §é
17:26:50	 Account: kr4yzy	Name: Ù•ÄÙXaÙPhuÙÄ•Ù	 DelItem: LÖnh bµi Phong L¨ng §é
17:26:50	 Account: kr4yzy	Name: Ù•ÄÙXaÙPhuÙÄ•Ù	 DelItem: LÖnh bµi Phong L¨ng §é
17:26:50	 Account: kr4yzy	Name: Ù•ÄÙXaÙPhuÙÄ•Ù	 DelItem: LÖnh bµi Phong L¨ng §é
17:26:50	 Account: kr4yzy	Name: Ù•ÄÙXaÙPhuÙÄ•Ù	 DelItem: LÖnh bµi Phong L¨ng §é
18:38:38	 Account: haumiss02	Name: nacacrot1	 DelItem: Tóc S­¬ng
19:14:35	 Account: haumiss01	Name: nacarot	 DelItem: [ Nguyªn So¸i ] chiÕn m·
