19:35:44	 Account: 1	Name: JxÙZidÙ0001	 DelItem: HuyÒn ThiÕt KiÕm
19:37:07	 Account: 1	Name: JxÙZidÙ0001	 DelItem: HuyÒn ThiÕt KiÕm
19:48:20	 Account: 1	Name: JxÙZidÙ0001	 DelItem: B¸ V­¬ngTiªu
19:57:14	 Account: 1	Name: JxÙZidÙ0001	 DelItem: Ph¸ Phong §ao
20:10:10	 Account: 1	Name: JxÙZidÙ0001	 DelItem: Lôc PhØ Thóy Hé Th©n phï 
20:10:16	 Account: 1	Name: JxÙZidÙ0001	 DelItem: Lôc PhØ Thóy Hé Th©n phï 
20:11:19	 Account: 1	Name: JxÙZidÙ0001	 DelItem: Lôc PhØ Thóy Hé Th©n phï 
20:11:24	 Account: 1	Name: JxÙZidÙ0001	 DelItem: Lôc PhØ Thóy Hé Th©n phï 
20:14:28	 Account: 1	Name: JxÙZidÙ0001	 DelItem: Lôc PhØ Thóy Hé Th©n phï 
20:17:07	 Account: 1	Name: JxÙZidÙ0001	 DelItem: Lôc PhØ Thóy Hé Th©n phï 
20:42:31	 Account: 1	Name: JxÙZidÙ0001	 DelItem: Lôc PhØ Thóy Hé Th©n phï 
20:42:37	 Account: 1	Name: JxÙZidÙ0001	 DelItem: Lôc PhØ Thóy Hé Th©n phï 
20:44:07	 Account: 1	Name: JxÙZidÙ0001	 DelItem: Lôc PhØ Thóy Hé Th©n phï 
20:44:40	 Account: 1	Name: JxÙZidÙ0001	 DelItem: Lôc PhØ Thóy Hé Th©n phï 
20:50:30	 Account: 1	Name: JxÙZidÙ0001	 DelItem: Lôc PhØ Thóy Hé Th©n phï 
20:53:23	 Account: 1	Name: JxÙZidÙ0001	 DelItem: Lôc PhØ Thóy Hé Th©n phï 
20:53:52	 Account: 1	Name: JxÙZidÙ0001	 DelItem: Lôc PhØ Thóy Hé Th©n phï 
20:53:59	 Account: 1	Name: JxÙZidÙ0001	 DelItem: Lôc PhØ Thóy Hé Th©n phï 
20:54:30	 Account: 1	Name: JxÙZidÙ0001	 DelItem: Lôc PhØ Thóy Hé Th©n phï 
20:54:58	 Account: 1	Name: JxÙZidÙ0001	 DelItem: Lôc PhØ Thóy Hé Th©n phï 
21:00:55	 Account: 1	Name: JxÙZidÙ0001	 DelItem: Lôc PhØ Thóy Hé Th©n phï 
21:02:54	 Account: 1	Name: JxÙZidÙ0001	 DelItem: Lôc PhØ Thóy Hé Th©n phï -AddItemEx(0,0,0,0,0,0,0,0,0,0,0,0,0,0,0,0)
