00:19:26	 Account: vanson	Name: TaDiTimEm	 DelItem: Tóc S­¬ng
02:21:58	 Account: nhuhoa1	Name: TenÙNhanÙVat	 DelItem: Tóc S­¬ng
02:23:37	 Account: nhuhoa1	Name: TenÙNhanÙVat	 DelItem: LÖnh bµi Phong L¨ng §é
02:23:37	 Account: nhuhoa1	Name: TenÙNhanÙVat	 DelItem: LÖnh bµi Phong L¨ng §é
02:25:01	 Account: nhuhoa2	Name: XinÙDatÙTen	 DelItem: Tóc S­¬ng
03:26:38	 Account: badao765	Name: Salika	 DelItem: Tóc S­¬ng
03:44:02	 Account: quangthaian	Name: S¾tÙThiªn	 DelItem: Tóc S­¬ng
03:47:13	 Account: quangthaian	Name: S¾tÙThiªn	 DelItem: [ Nguyªn So¸i ] quan Ên
03:47:13	 Account: quangthaian	Name: S¾tÙThiªn	 DelItem: [ Nguyªn So¸i ] quan Ên
03:47:13	 Account: quangthaian	Name: S¾tÙThiªn	 DelItem: [ Nguyªn So¸i ] quan Ên
03:47:13	 Account: quangthaian	Name: S¾tÙThiªn	 DelItem: [ Nguyªn So¸i ] quan Ên
03:47:13	 Account: quangthaian	Name: S¾tÙThiªn	 DelItem: [ Nguyªn So¸i ] quan Ên
03:47:13	 Account: quangthaian	Name: S¾tÙThiªn	 DelItem: [ Nguyªn So¸i ] quan Ên
03:47:13	 Account: quangthaian	Name: S¾tÙThiªn	 DelItem: [ Nguyªn So¸i ] quan Ên
03:47:13	 Account: quangthaian	Name: S¾tÙThiªn	 DelItem: [ Nguyªn So¸i ] quan Ên
03:47:13	 Account: quangthaian	Name: S¾tÙThiªn	 DelItem: [ Nguyªn So¸i ] quan Ên
03:47:13	 Account: quangthaian	Name: S¾tÙThiªn	 DelItem: [ Nguyªn So¸i ] phi phong
03:47:13	 Account: quangthaian	Name: S¾tÙThiªn	 DelItem: [ Nguyªn So¸i ] phi phong
03:47:13	 Account: quangthaian	Name: S¾tÙThiªn	 DelItem: [ Nguyªn So¸i ] phi phong
03:47:13	 Account: quangthaian	Name: S¾tÙThiªn	 DelItem: [ Nguyªn So¸i ] phi phong
03:47:13	 Account: quangthaian	Name: S¾tÙThiªn	 DelItem: [ Nguyªn So¸i ] phi phong
03:47:13	 Account: quangthaian	Name: S¾tÙThiªn	 DelItem: [ Nguyªn So¸i ] phi phong
03:47:13	 Account: quangthaian	Name: S¾tÙThiªn	 DelItem: [ Nguyªn So¸i ] phi phong
03:47:13	 Account: quangthaian	Name: S¾tÙThiªn	 DelItem: [ Nguyªn So¸i ] phi phong
03:47:13	 Account: quangthaian	Name: S¾tÙThiªn	 DelItem: [ Nguyªn So¸i ] phi phong
03:47:13	 Account: quangthaian	Name: S¾tÙThiªn	 DelItem: [ Nguyªn So¸i ] phi phong
03:47:13	 Account: quangthaian	Name: S¾tÙThiªn	 DelItem: [ Nguyªn So¸i ] phi phong
03:47:13	 Account: quangthaian	Name: S¾tÙThiªn	 DelItem: [ Nguyªn So¸i ] phi phong
03:47:13	 Account: quangthaian	Name: S¾tÙThiªn	 DelItem: [ Nguyªn So¸i ] phi phong
03:47:13	 Account: quangthaian	Name: S¾tÙThiªn	 DelItem: [ Nguyªn So¸i ] phi phong
03:47:13	 Account: quangthaian	Name: S¾tÙThiªn	 DelItem: [ Nguyªn So¸i ] phi phong
03:47:19	 Account: quangthaian	Name: S¾tÙThiªn	 DelItem: [ Nguyªn So¸i ] phi phong
03:47:19	 Account: quangthaian	Name: S¾tÙThiªn	 DelItem: [ Nguyªn So¸i ] phi phong
03:47:19	 Account: quangthaian	Name: S¾tÙThiªn	 DelItem: [ Nguyªn So¸i ] phi phong
03:47:19	 Account: quangthaian	Name: S¾tÙThiªn	 DelItem: [ Nguyªn So¸i ] phi phong
04:18:39	 Account: sang001	Name: MartinÙXO	 DelItem: Tóc S­¬ng
04:38:09	 Account: hhcc11	Name: TräcÙCa	 DelItem: Tóc S­¬ng
04:42:05	 Account: huynhanh02	Name: KuHocMon	 DelItem: [ Nguyªn So¸i ] phi phong
04:42:05	 Account: huynhanh02	Name: KuHocMon	 DelItem: [ Nguyªn So¸i ] phi phong
04:42:05	 Account: huynhanh02	Name: KuHocMon	 DelItem: [ Nguyªn So¸i ] phi phong
04:42:05	 Account: huynhanh02	Name: KuHocMon	 DelItem: [ Nguyªn So¸i ] phi phong
04:42:05	 Account: huynhanh02	Name: KuHocMon	 DelItem: [ Nguyªn So¸i ] phi phong
04:42:05	 Account: huynhanh02	Name: KuHocMon	 DelItem: [ Nguyªn So¸i ] phi phong
04:42:05	 Account: huynhanh02	Name: KuHocMon	 DelItem: [ Nguyªn So¸i ] phi phong
04:42:05	 Account: huynhanh02	Name: KuHocMon	 DelItem: [ Nguyªn So¸i ] phi phong
04:42:05	 Account: huynhanh02	Name: KuHocMon	 DelItem: [ Nguyªn So¸i ] phi phong
04:52:11	 Account: hunter1	Name: RichÙNe	 DelItem: Tóc S­¬ng
04:52:57	 Account: hhcc11	Name: TräcÙCa	 DelItem: Tói M¸u T©n Thñ
04:56:13	 Account: quangthaian	Name: S¾tÙThiªn	 DelItem: MÆt n¹ chiÕn tr­êng Th¸nh Gi¶
04:56:13	 Account: quangthaian	Name: S¾tÙThiªn	 DelItem: LÖnh bµi Phong L¨ng §é
04:56:13	 Account: quangthaian	Name: S¾tÙThiªn	 DelItem: LÖnh bµi Phong L¨ng §é
04:56:13	 Account: quangthaian	Name: S¾tÙThiªn	 DelItem: LÖnh bµi Phong L¨ng §é
04:56:13	 Account: quangthaian	Name: S¾tÙThiªn	 DelItem: LÖnh bµi Phong L¨ng §é
04:56:13	 Account: quangthaian	Name: S¾tÙThiªn	 DelItem: MÆt n¹ chiÕn tr­êng Th¸nh Gi¶
04:56:25	 Account: quangthaian	Name: S¾tÙThiªn	 DelItem: LÖnh bµi Phong L¨ng §é
04:56:25	 Account: quangthaian	Name: S¾tÙThiªn	 DelItem: LÖnh bµi Phong L¨ng §é
04:56:25	 Account: quangthaian	Name: S¾tÙThiªn	 DelItem: LÖnh bµi Phong L¨ng §é
04:56:25	 Account: quangthaian	Name: S¾tÙThiªn	 DelItem: LÖnh bµi Phong L¨ng §é
06:12:36	 Account: sang002	Name: WhiskyÙ1979	 DelItem: Tóc S­¬ng
08:50:28	 Account: dungnt1	Name: Lu«nÙVuiÙT­¬i	 DelItem: Tóc S­¬ng
09:37:32	 Account: chipl15	Name: SieuBay	 DelItem: [ Nguyªn So¸i ] chiÕn m·
09:37:32	 Account: chipl15	Name: SieuBay	 DelItem: [ Nguyªn So¸i ] mÆt n¹ [cÊp 5]
09:37:32	 Account: chipl15	Name: SieuBay	 DelItem: [ Nguyªn So¸i ] mÆt n¹ [cÊp 4]
09:37:32	 Account: chipl15	Name: SieuBay	 DelItem: [ Nguyªn So¸i ] mÆt n¹ [cÊp 3]
09:37:32	 Account: chipl15	Name: SieuBay	 DelItem: [ Nguyªn So¸i ] mÆt n¹ [cÊp 2]
09:37:57	 Account: chipl15	Name: SieuBay	 DelItem: Tóc S­¬ng
10:28:32	 Account: nqtoan	Name: ChuChiNhuoc	 DelItem: [ Nguyªn So¸i ] trang søc
10:28:32	 Account: nqtoan	Name: ChuChiNhuoc	 DelItem: [ Nguyªn So¸i ] trang søc
10:28:32	 Account: nqtoan	Name: ChuChiNhuoc	 DelItem: [ Nguyªn So¸i ] trang søc
10:28:32	 Account: nqtoan	Name: ChuChiNhuoc	 DelItem: [ Nguyªn So¸i ] trang søc
10:28:32	 Account: nqtoan	Name: ChuChiNhuoc	 DelItem: [ Nguyªn So¸i ] trang søc
10:28:32	 Account: nqtoan	Name: ChuChiNhuoc	 DelItem: [ Nguyªn So¸i ] trang søc
10:28:32	 Account: nqtoan	Name: ChuChiNhuoc	 DelItem: [ Nguyªn So¸i ] trang søc
10:28:32	 Account: nqtoan	Name: ChuChiNhuoc	 DelItem: [ Nguyªn So¸i ] trang søc
10:28:32	 Account: nqtoan	Name: ChuChiNhuoc	 DelItem: [ Nguyªn So¸i ] trang søc
10:45:47	 Account: nqtoan	Name: ChuChiNhuoc	 DelItem: [ Nguyªn So¸i ] chiÕn m·
10:45:47	 Account: nqtoan	Name: ChuChiNhuoc	 DelItem: [ Nguyªn So¸i ] chiÕn m·
10:45:47	 Account: nqtoan	Name: ChuChiNhuoc	 DelItem: [ Nguyªn So¸i ] phi phong
10:45:47	 Account: nqtoan	Name: ChuChiNhuoc	 DelItem: [ Nguyªn So¸i ] phi phong
10:45:47	 Account: nqtoan	Name: ChuChiNhuoc	 DelItem: [ Nguyªn So¸i ] phi phong
10:45:47	 Account: nqtoan	Name: ChuChiNhuoc	 DelItem: [ Nguyªn So¸i ] phi phong
10:45:47	 Account: nqtoan	Name: ChuChiNhuoc	 DelItem: [ Nguyªn So¸i ] phi phong
10:45:47	 Account: nqtoan	Name: ChuChiNhuoc	 DelItem: [ Nguyªn So¸i ] phi phong
10:45:47	 Account: nqtoan	Name: ChuChiNhuoc	 DelItem: Tóc S­¬ng
