01:00:53	 Account: huutuanbmt1	Name: CËnÙVÖÙCL	 DelItem: Kim Phong Lan §×nh Ngäc
01:00:53	 Account: huutuanbmt1	Name: CËnÙVÖÙCL	 DelItem: Kim Phong HËu NghÖ dÉn cung
01:00:53	 Account: huutuanbmt1	Name: CËnÙVÖÙCL	 DelItem: Kim Phong Thanh D­¬ng Kh«i
01:02:37	 Account: huutuanbmt3	Name: CËnÙVÖÙTl	 DelItem: Kim Phong HËu NghÖ dÉn cung
01:02:37	 Account: huutuanbmt3	Name: CËnÙVÖÙTl	 DelItem: Kim Phong §o¹t Hån Ngäc ®¸i
01:02:37	 Account: huutuanbmt3	Name: CËnÙVÖÙTl	 DelItem: Kim Phong Thanh D­¬ng Kh«i
01:02:37	 Account: huutuanbmt3	Name: CËnÙVÖÙTl	 DelItem: B¹ch PhØ Thóy Hé Th©n phï 
04:27:48	 Account: quangthaian2	Name: S¸tÙThiªn	 DelItem: [ Nguyªn So¸i ] phi phong
04:27:48	 Account: quangthaian2	Name: S¸tÙThiªn	 DelItem: [ Nguyªn So¸i ] trang søc
04:39:38	 Account: okila13	Name: Okila13	 DelItem: Kim Phong Kú L©n HuyÕt
04:39:48	 Account: okila13	Name: Okila13	 DelItem: Kim Phong Thanh D­¬ng Kh«i
04:39:48	 Account: okila13	Name: Okila13	 DelItem: Kim Phong HËu NghÖ dÉn cung
05:12:11	 Account: quangthaian	Name: S¸tÙThÇnÙ	 DelItem: [ Nguyªn So¸i ] phi phong
08:32:08	 Account: huuhoa1	Name: Xéalika4	 DelItem: Kim Phong §ång T­íc Xu©n Th©m
08:32:08	 Account: huuhoa1	Name: Xéalika4	 DelItem: Kim Phong Lan §×nh Ngäc
08:32:08	 Account: huuhoa1	Name: Xéalika4	 DelItem: Kim Phong HËu NghÖ dÉn cung
08:32:08	 Account: huuhoa1	Name: Xéalika4	 DelItem: Kim Phong §o¹t Hån Ngäc ®¸i
08:32:08	 Account: huuhoa1	Name: Xéalika4	 DelItem: Kim Phong C«ng CÈn Tam Th¸n
08:32:08	 Account: huuhoa1	Name: Xéalika4	 DelItem: Kim Phong Tr¹c Liªn Quang
08:32:08	 Account: huuhoa1	Name: Xéalika4	 DelItem: Kim Phong Kú L©n HuyÕt
08:32:08	 Account: huuhoa1	Name: Xéalika4	 DelItem: Kim Phong Thanh D­¬ng Kh«i
11:45:13	 Account: vugiang6	Name: CLDF9CaXe	 DelItem: Tóc S­¬ng
11:47:44	 Account: vugiang6	Name: CLDF9CaXe	 DelItem: Kim Phong Thiªn Lý Th¶o Th­îng Phi
11:47:44	 Account: vugiang6	Name: CLDF9CaXe	 DelItem: Kim Phong HËu NghÖ dÉn cung
11:47:44	 Account: vugiang6	Name: CLDF9CaXe	 DelItem: Kim Phong §o¹t Hån Ngäc ®¸i
11:47:44	 Account: vugiang6	Name: CLDF9CaXe	 DelItem: Kim Phong Thanh D­¬ng Kh«i
11:52:36	 Account: vugiang6	Name: CLDF9CaXe	 DelItem: Kim Phong Lan §×nh Ngäc
11:52:36	 Account: vugiang6	Name: CLDF9CaXe	 DelItem: Kim Phong Tr¹c Liªn Quang
14:26:52	 Account: volamkiemthu76	Name: Ph­îngHoµngLöa	 DelItem: Kim Phong §ång T­íc Xu©n Th©m
14:26:52	 Account: volamkiemthu76	Name: Ph­îngHoµngLöa	 DelItem: Kim Phong Thiªn Lý Th¶o Th­îng Phi
14:26:52	 Account: volamkiemthu76	Name: Ph­îngHoµngLöa	 DelItem: Kim Phong Lan §×nh Ngäc
14:26:52	 Account: volamkiemthu76	Name: Ph­îngHoµngLöa	 DelItem: Kim Phong §o¹t Hån Ngäc ®¸i
14:26:52	 Account: volamkiemthu76	Name: Ph­îngHoµngLöa	 DelItem: Kim Phong C«ng CÈn Tam Th¸n
14:26:52	 Account: volamkiemthu76	Name: Ph­îngHoµngLöa	 DelItem: Kim Phong Tr¹c Liªn Quang
14:26:52	 Account: volamkiemthu76	Name: Ph­îngHoµngLöa	 DelItem: Kim Phong Kú L©n HuyÕt
15:14:26	 Account: vinagame	Name: HungCaRo	 DelItem: §¹i Phong §ao
15:32:32	 Account: volamkiemthu78	Name: TiÓuB¶oB¶o	 DelItem: Kim Phong §ång T­íc Xu©n Th©m
15:32:32	 Account: volamkiemthu78	Name: TiÓuB¶oB¶o	 DelItem: Kim Phong Thiªn Lý Th¶o Th­îng Phi
15:32:32	 Account: volamkiemthu78	Name: TiÓuB¶oB¶o	 DelItem: Kim Phong Lan §×nh Ngäc
15:32:32	 Account: volamkiemthu78	Name: TiÓuB¶oB¶o	 DelItem: Kim Phong HËu NghÖ dÉn cung
15:32:32	 Account: volamkiemthu78	Name: TiÓuB¶oB¶o	 DelItem: Kim Phong §o¹t Hån Ngäc ®¸i
15:32:32	 Account: volamkiemthu78	Name: TiÓuB¶oB¶o	 DelItem: Kim Phong C«ng CÈn Tam Th¸n
17:26:21	 Account: haumiss06	Name: chipchip	 DelItem: Kim Phong §ång T­íc Xu©n Th©m
17:26:21	 Account: haumiss06	Name: chipchip	 DelItem: Kim Phong Thiªn Lý Th¶o Th­îng Phi
17:26:21	 Account: haumiss06	Name: chipchip	 DelItem: Kim Phong Lan §×nh Ngäc
17:26:21	 Account: haumiss06	Name: chipchip	 DelItem: Kim Phong HËu NghÖ dÉn cung
17:26:21	 Account: haumiss06	Name: chipchip	 DelItem: Kim Phong §o¹t Hån Ngäc ®¸i
17:26:21	 Account: haumiss06	Name: chipchip	 DelItem: Kim Phong C«ng CÈn Tam Th¸n
17:26:21	 Account: haumiss06	Name: chipchip	 DelItem: Kim Phong Tr¹c Liªn Quang
17:26:21	 Account: haumiss06	Name: chipchip	 DelItem: Kim Phong Kú L©n HuyÕt
17:26:21	 Account: haumiss06	Name: chipchip	 DelItem: Kim Phong Thanh D­¬ng Kh«i
17:26:28	 Account: haumiss06	Name: chipchip	 DelItem: Tóc S­¬ng
18:03:25	 Account: haumiss08	Name: chipchii	 DelItem: Kim Phong §ång T­íc Xu©n Th©m
18:03:25	 Account: haumiss08	Name: chipchii	 DelItem: Kim Phong Thiªn Lý Th¶o Th­îng Phi
18:03:25	 Account: haumiss08	Name: chipchii	 DelItem: Kim Phong Lan §×nh Ngäc
18:03:25	 Account: haumiss08	Name: chipchii	 DelItem: Kim Phong HËu NghÖ dÉn cung
18:03:25	 Account: haumiss08	Name: chipchii	 DelItem: Kim Phong §o¹t Hån Ngäc ®¸i
18:03:25	 Account: haumiss08	Name: chipchii	 DelItem: Kim Phong C«ng CÈn Tam Th¸n
18:03:25	 Account: haumiss08	Name: chipchii	 DelItem: Kim Phong Tr¹c Liªn Quang
18:03:25	 Account: haumiss08	Name: chipchii	 DelItem: Kim Phong Kú L©n HuyÕt
18:03:25	 Account: haumiss08	Name: chipchii	 DelItem: Kim Phong Thanh D­¬ng Kh«i
18:03:34	 Account: haumiss08	Name: chipchii	 DelItem: Tóc S­¬ng
22:03:12	 Account: xuanhung1	Name: NáÙHÕtÙ§¹n	 DelItem: Phóc Duyªn Lé (§¹i) 
