00:00:50	 Account: vanson	Name: TaDiTimEm	 DelItem: Tóc S­¬ng
00:06:03	 Account: vanson	Name: TaDiTimEm	 DelItem: [ Nguyªn So¸i ] mÆt n¹ [cÊp 1]
00:06:03	 Account: vanson	Name: TaDiTimEm	 DelItem: [ Nguyªn So¸i ] phi phong
00:06:03	 Account: vanson	Name: TaDiTimEm	 DelItem: [ Nguyªn So¸i ] phi phong
00:06:03	 Account: vanson	Name: TaDiTimEm	 DelItem: [ Nguyªn So¸i ] quan Ên
00:06:03	 Account: vanson	Name: TaDiTimEm	 DelItem: [ Nguyªn So¸i ] mÆt n¹ [cÊp 1]
00:06:03	 Account: vanson	Name: TaDiTimEm	 DelItem: [ Nguyªn So¸i ] phi phong
00:06:03	 Account: vanson	Name: TaDiTimEm	 DelItem: [ Nguyªn So¸i ] phi phong
00:06:03	 Account: vanson	Name: TaDiTimEm	 DelItem: [ Nguyªn So¸i ] quan Ên
00:06:49	 Account: vanson	Name: TaDiTimEm	 DelItem: QuÕ Hoa Töu
03:38:45	 Account: test87	Name: IIIIIIII	 DelItem: Nga Mi ThÝch
03:38:45	 Account: test87	Name: IIIIIIII	 DelItem: Tóc S­¬ng
03:39:43	 Account: test87	Name: IIIIIIII	 DelItem: Kim Phong Thanh D­¬ng Kh«i
03:39:43	 Account: test87	Name: IIIIIIII	 DelItem: Kim Phong Kú L©n HuyÕt
03:39:43	 Account: test87	Name: IIIIIIII	 DelItem: Kim Phong Tr¹c Liªn Quang
03:39:43	 Account: test87	Name: IIIIIIII	 DelItem: Kim Phong C«ng CÈn Tam Th¸n
03:39:43	 Account: test87	Name: IIIIIIII	 DelItem: Kim Phong §o¹t Hån Ngäc ®¸i
03:39:43	 Account: test87	Name: IIIIIIII	 DelItem: Kim Phong HËu NghÖ dÉn cung
03:39:43	 Account: test87	Name: IIIIIIII	 DelItem: Kim Phong Lan §×nh Ngäc
03:39:43	 Account: test87	Name: IIIIIIII	 DelItem: Kim Phong Thiªn Lý Th¶o Th­îng Phi
03:39:43	 Account: test87	Name: IIIIIIII	 DelItem: Kim Phong §ång T­íc Xu©n Th©m
03:42:53	 Account: test87	Name: IIIIIIII	 DelItem: [ Nguyªn So¸i ] chiÕn m·
03:42:53	 Account: test87	Name: IIIIIIII	 DelItem: [ Nguyªn So¸i ] chiÕn m·
03:42:53	 Account: test87	Name: IIIIIIII	 DelItem: [ Nguyªn So¸i ] mÆt n¹ [cÊp 9]
03:42:53	 Account: test87	Name: IIIIIIII	 DelItem: [ Nguyªn So¸i ] mÆt n¹ [cÊp 8]
03:42:53	 Account: test87	Name: IIIIIIII	 DelItem: [ Nguyªn So¸i ] mÆt n¹ [cÊp 7]
03:42:53	 Account: test87	Name: IIIIIIII	 DelItem: [ Nguyªn So¸i ] mÆt n¹ [cÊp 6]
03:42:53	 Account: test87	Name: IIIIIIII	 DelItem: [ Nguyªn So¸i ] mÆt n¹ [cÊp 5]
03:42:53	 Account: test87	Name: IIIIIIII	 DelItem: [ Nguyªn So¸i ] mÆt n¹ [cÊp 4]
03:42:53	 Account: test87	Name: IIIIIIII	 DelItem: [ Nguyªn So¸i ] mÆt n¹ [cÊp 3]
03:42:53	 Account: test87	Name: IIIIIIII	 DelItem: [ Nguyªn So¸i ] mÆt n¹ [cÊp 2]
03:42:53	 Account: test87	Name: IIIIIIII	 DelItem: [ Nguyªn So¸i ] mÆt n¹ [cÊp 1]
03:43:02	 Account: test87	Name: IIIIIIII	 DelItem: [ Nguyªn So¸i ] chiÕn m·
03:43:02	 Account: test87	Name: IIIIIIII	 DelItem: [ Nguyªn So¸i ] chiÕn m·
03:43:02	 Account: test87	Name: IIIIIIII	 DelItem: Phiªn Vò 
03:43:07	 Account: test87	Name: IIIIIIII	 DelItem: [ Nguyªn So¸i ] chiÕn m·
04:24:48	 Account: duylinh1	Name: sadasdsad	 DelItem: Kim Phong §ång T­íc Xu©n Th©m
04:24:48	 Account: duylinh1	Name: sadasdsad	 DelItem: Kim Phong Thiªn Lý Th¶o Th­îng Phi
04:24:48	 Account: duylinh1	Name: sadasdsad	 DelItem: Kim Phong Lan §×nh Ngäc
04:24:48	 Account: duylinh1	Name: sadasdsad	 DelItem: Kim Phong HËu NghÖ dÉn cung
04:24:48	 Account: duylinh1	Name: sadasdsad	 DelItem: Kim Phong §o¹t Hån Ngäc ®¸i
04:24:48	 Account: duylinh1	Name: sadasdsad	 DelItem: Kim Phong C«ng CÈn Tam Th¸n
04:24:48	 Account: duylinh1	Name: sadasdsad	 DelItem: Kim Phong Tr¹c Liªn Quang
04:24:48	 Account: duylinh1	Name: sadasdsad	 DelItem: Kim Phong Kú L©n HuyÕt
04:24:48	 Account: duylinh1	Name: sadasdsad	 DelItem: Kim Phong Thanh D­¬ng Kh«i
07:19:12	 Account: duongmon	Name: D­¬ngÙGiaÙT­íng	 DelItem: [ Nguyªn So¸i ] mÆt n¹ [cÊp 1]
07:19:22	 Account: duongmon	Name: D­¬ngÙGiaÙT­íng	 DelItem: Tiªn Th¶o Lé 
09:10:09	 Account: qqqqqqqq	Name: ahihih	 DelItem: Tóc S­¬ng
09:10:09	 Account: qqqqqqqq	Name: ahihih	 DelItem: Kim Phong §ång T­íc Xu©n Th©m
10:12:38	 Account: admin	Name: GameMaster	 DelItem: [ Nguyªn So¸i ] mÆt n¹ [cÊp 1]
10:12:42	 Account: admin	Name: GameMaster	 DelItem: [ Nguyªn So¸i ] mÆt n¹ [cÊp 1]
10:12:47	 Account: admin	Name: GameMaster	 DelItem: [ Nguyªn So¸i ] mÆt n¹ [cÊp 1]
10:12:51	 Account: admin	Name: GameMaster	 DelItem: [ Nguyªn So¸i ] mÆt n¹ [cÊp 1]
10:12:57	 Account: admin	Name: GameMaster	 DelItem: [ Nguyªn So¸i ] chiÕn m·
11:19:29	 Account: thanh1	Name: H¾cÙMéc	 DelItem: Tói M¸u T©n Thñ
11:22:25	 Account: thanh1	Name: H¾cÙMéc	 DelItem: Tóc S­¬ng
12:07:58	 Account: hatuthuyen	Name: BópÙM¨ngÙNon	 DelItem: Tóc S­¬ng
12:08:04	 Account: thanh2	Name: H¾cÙMéc	 DelItem: Tóc S­¬ng
12:08:13	 Account: huutuanbmt	Name: R­îuÙCÇn	 DelItem: Tóc S­¬ng
12:08:45	 Account: vuongvu11	Name: ÙÙÙKUAÙÙÙ	 DelItem: Tóc S­¬ng
12:08:50	 Account: zukuwa	Name: KennyS¶n	 DelItem: Tóc S­¬ng
12:09:15	 Account: thanh4	Name: H¾cÙBV	 DelItem: Tóc S­¬ng
12:09:20	 Account: zukuwa1	Name: KennyS¶n1	 DelItem: Tóc S­¬ng
12:09:56	 Account: zukuwa2	Name: KennyS¶n2	 DelItem: Tóc S­¬ng
12:10:32	 Account: zukuwa3	Name: KennyS¶n3	 DelItem: Tóc S­¬ng
12:10:58	 Account: vuongvu22	Name: AÙKÙÙÙ	 DelItem: Tóc S­¬ng
12:15:05	 Account: zero9x	Name: YuriBoyka	 DelItem: Kim Phong Kú L©n HuyÕt
12:15:05	 Account: zero9x	Name: YuriBoyka	 DelItem: Kim Phong §o¹t Hån Ngäc ®¸i
12:15:05	 Account: zero9x	Name: YuriBoyka	 DelItem: Kim Phong §ång T­íc Xu©n Th©m
12:16:19	 Account: vuongvu33	Name: QuaiÙVatÙDoc	 DelItem: Tóc S­¬ng
12:20:45	 Account: zero9x	Name: YuriBoyka	 DelItem: Kim Phong Thiªn Lý Th¶o Th­îng Phi
12:25:45	 Account: yok001	Name: Jamies	 DelItem: Kim Phong §ång T­íc Xu©n Th©m
12:26:24	 Account: hatuthuyen1	Name: NMK001	 DelItem: Tóc S­¬ng
12:27:16	 Account: zero9x1	Name: MaÙN÷Ù§aÙT×nh	 DelItem: Kim Phong Kú L©n HuyÕt
12:27:16	 Account: zero9x1	Name: MaÙN÷Ù§aÙT×nh	 DelItem: Kim Phong Thanh D­¬ng Kh«i
12:27:16	 Account: zero9x1	Name: MaÙN÷Ù§aÙT×nh	 DelItem: Tóc S­¬ng
12:27:34	 Account: taochiai1	Name: thanbuff	 DelItem: Kim Phong C«ng CÈn Tam Th¸n
12:31:14	 Account: hatuthuyen2	Name: 5DocBuff	 DelItem: Tóc S­¬ng
12:31:34	 Account: mixmuzz	Name: HoaS¬nKiÕm	 DelItem: Tóc S­¬ng
12:32:31	 Account: tan001	Name: o0oTLo0o	 DelItem: Kim Phong C«ng CÈn Tam Th¸n
12:32:31	 Account: tan001	Name: o0oTLo0o	 DelItem: Tóc S­¬ng
12:34:44	 Account: yokeij	Name: TiÓuÙLong	 DelItem: Kim Phong §ång T­íc Xu©n Th©m
12:34:44	 Account: yokeij	Name: TiÓuÙLong	 DelItem: Kim Phong Lan §×nh Ngäc
12:34:44	 Account: yokeij	Name: TiÓuÙLong	 DelItem: Kim Phong HËu NghÖ dÉn cung
12:34:44	 Account: yokeij	Name: TiÓuÙLong	 DelItem: Kim Phong §o¹t Hån Ngäc ®¸i
12:34:44	 Account: yokeij	Name: TiÓuÙLong	 DelItem: Kim Phong C«ng CÈn Tam Th¸n
12:34:44	 Account: yokeij	Name: TiÓuÙLong	 DelItem: Kim Phong Tr¹c Liªn Quang
12:34:44	 Account: yokeij	Name: TiÓuÙLong	 DelItem: Kim Phong Kú L©n HuyÕt
12:34:44	 Account: yokeij	Name: TiÓuÙLong	 DelItem: Kim Phong Thanh D­¬ng Kh«i
12:35:11	 Account: tan002	Name: o0oDMo0o	 DelItem: Kim Phong §ång T­íc Xu©n Th©m
12:35:11	 Account: tan002	Name: o0oDMo0o	 DelItem: Tóc S­¬ng
12:35:11	 Account: tan002	Name: o0oDMo0o	 DelItem: Phi §ao
12:36:28	 Account: tan003	Name: o0o5Do0o	 DelItem: Kim Phong C«ng CÈn Tam Th¸n
12:36:28	 Account: tan003	Name: o0o5Do0o	 DelItem: Tóc S­¬ng
12:36:28	 Account: tan003	Name: o0o5Do0o	 DelItem: Tô TiÔn
12:37:39	 Account: tan004	Name: o0oNMo0o	 DelItem: Kim Phong §ång T­íc Xu©n Th©m
12:37:39	 Account: tan004	Name: o0oNMo0o	 DelItem: Tóc S­¬ng
12:38:36	 Account: zero9x	Name: YuriBoyka	 DelItem: Tóc S­¬ng
12:42:58	 Account: yok001	Name: Jamies	 DelItem: Kim Phong Thanh D­¬ng Kh«i
12:42:58	 Account: yok001	Name: Jamies	 DelItem: Kim Phong Kú L©n HuyÕt
12:42:58	 Account: yok001	Name: Jamies	 DelItem: Kim Phong C«ng CÈn Tam Th¸n
12:42:58	 Account: yok001	Name: Jamies	 DelItem: Kim Phong §o¹t Hån Ngäc ®¸i
12:43:26	 Account: vuongvu44	Name: ¸ÙµÙghªÙgím	 DelItem: Tóc S­¬ng
12:45:14	 Account: zero9x1	Name: MaÙN÷Ù§aÙT×nh	 DelItem: Kim Phong §o¹t Hån Ngäc ®¸i
12:50:10	 Account: hatuthuyen3	Name: Anh3The	 DelItem: Tóc S­¬ng
12:50:25	 Account: tinhlazi	Name: COBEHAMVUI	 DelItem: Tóc S­¬ng
13:03:07	 Account: hoanghai	Name: ÙT©yÙV­¬ng	 DelItem: Tóc S­¬ng
13:04:50	 Account: tan004	Name: o0oNMo0o	 DelItem: Kim Phong Kú L©n HuyÕt
13:08:25	 Account: sssssw	Name: M¹nhBµ	 DelItem: Kim Phong Thiªn Lý Th¶o Th­îng Phi
13:12:11	 Account: yok001	Name: TiÓuÙNhu	 DelItem: Kim Phong §ång T­íc Xu©n Th©m
13:12:11	 Account: yok001	Name: TiÓuÙNhu	 DelItem: Kim Phong Thiªn Lý Th¶o Th­îng Phi
13:12:11	 Account: yok001	Name: TiÓuÙNhu	 DelItem: Kim Phong Lan §×nh Ngäc
13:12:11	 Account: yok001	Name: TiÓuÙNhu	 DelItem: Kim Phong HËu NghÖ dÉn cung
13:12:11	 Account: yok001	Name: TiÓuÙNhu	 DelItem: Kim Phong §o¹t Hån Ngäc ®¸i
13:12:11	 Account: yok001	Name: TiÓuÙNhu	 DelItem: Kim Phong C«ng CÈn Tam Th¸n
13:12:11	 Account: yok001	Name: TiÓuÙNhu	 DelItem: Kim Phong Tr¹c Liªn Quang
13:12:11	 Account: yok001	Name: TiÓuÙNhu	 DelItem: Kim Phong Kú L©n HuyÕt
13:12:11	 Account: yok001	Name: TiÓuÙNhu	 DelItem: Kim Phong Thanh D­¬ng Kh«i
13:17:56	 Account: khanhkiop3	Name: CuÙTiÙ§¹iÙCa	 DelItem: Tóc S­¬ng
13:18:42	 Account: duylinh3	Name: duylinh3	 DelItem: Kim Phong Thanh D­¬ng Kh«i
13:21:14	 Account: tan001	Name: o0oTLo0o	 DelItem: Kim Phong §o¹t Hån Ngäc ®¸i
13:21:14	 Account: tan001	Name: o0oTLo0o	 DelItem: Kim Phong Thanh D­¬ng Kh«i
13:25:39	 Account: tan004	Name: o0oNMo0o	 DelItem: TrÜ VÜ Tèng Ngoa
13:25:39	 Account: tan004	Name: o0oNMo0o	 DelItem: TrÇm §µn H­¬ng Nang
13:25:39	 Account: tan004	Name: o0oNMo0o	 DelItem: Kim Phong Thiªn Lý Th¶o Th­îng Phi
13:25:39	 Account: tan004	Name: o0oNMo0o	 DelItem: Kim Phong §o¹t Hån Ngäc ®¸i
13:25:39	 Account: tan004	Name: o0oNMo0o	 DelItem: Kim Phong Thanh D­¬ng Kh«i
13:26:15	 Account: tan003	Name: o0o5Do0o	 DelItem: Kim Phong Thanh D­¬ng Kh«i
13:26:31	 Account: volam09	Name: gdfgdfgd	 DelItem: Tói M¸u T©n Thñ
13:26:31	 Account: volam09	Name: gdfgdfgd	 DelItem: Kim Phong §ång T­íc Xu©n Th©m
13:26:52	 Account: bocaian	Name: B¸nC¸i¤	 DelItem: Tóc S­¬ng
13:28:15	 Account: bocaian1	Name: ThiªnNhÈn	 DelItem: Tóc S­¬ng
13:29:30	 Account: kiet1992	Name: ThanKinhThep	 DelItem: Kim Phong C«ng CÈn Tam Th¸n
13:29:30	 Account: kiet1992	Name: ThanKinhThep	 DelItem: Kim Phong §o¹t Hån Ngäc ®¸i
13:29:30	 Account: kiet1992	Name: ThanKinhThep	 DelItem: Kim Phong Thiªn Lý Th¶o Th­îng Phi
13:29:54	 Account: bocaian2	Name: NgaThMy	 DelItem: Tóc S­¬ng
13:30:52	 Account: kiet1993	Name: NhinXinhK	 DelItem: Kim Phong §ång T­íc Xu©n Th©m
13:30:52	 Account: kiet1993	Name: NhinXinhK	 DelItem: Kim Phong Lan §×nh Ngäc
13:30:52	 Account: kiet1993	Name: NhinXinhK	 DelItem: Kim Phong C«ng CÈn Tam Th¸n
13:32:01	 Account: bocaian3	Name: L·nhNhËtPhong	 DelItem: Tóc S­¬ng
13:34:31	 Account: lcduc297a	Name: S¸tÙThÇn	 DelItem: Kim Phong Thanh D­¬ng Kh«i
13:36:49	 Account: sicola	Name: C¸ÙTrµÙBËc	 DelItem: Tóc S­¬ng
13:37:26	 Account: akenqn1991	Name: smileÙ1	 DelItem: Tóc S­¬ng
13:37:27	 Account: x02cent	Name: ¤ngÙBènÙM­¬i	 DelItem: Kim Phong Kú L©n HuyÕt
13:37:27	 Account: x02cent	Name: ¤ngÙBènÙM­¬i	 DelItem: Kim Phong Thanh D­¬ng Kh«i
13:39:11	 Account: chipl16	Name: MayCayAi	 DelItem: Tóc S­¬ng
13:42:50	 Account: tan003	Name: o0o5Do0o	 DelItem: Kim Phong Thiªn Lý Th¶o Th­îng Phi
13:44:01	 Account: vuongvu11	Name: ÙÙÙKUAÙÙÙ	 DelItem: Kim Phong C«ng CÈn Tam Th¸n
13:45:58	 Account: sicola1	Name: C¸ÙLaÙH¸n	 DelItem: Tóc S­¬ng
13:48:48	 Account: yokeij	Name: TiÓuÙLong	 DelItem: Kim Phong Thiªn Lý Th¶o Th­îng Phi
13:51:46	 Account: sicola2	Name: C¸ÙThuûÙQu¸i	 DelItem: Tóc S­¬ng
13:51:59	 Account: rudykik	Name: NMQÙVTÙDM	 DelItem: Kim Phong Thanh D­¬ng Kh«i
13:51:59	 Account: rudykik	Name: NMQÙVTÙDM	 DelItem: Kim Phong Lan §×nh Ngäc
13:52:56	 Account: duylinh1	Name: duylinh1	 DelItem: Kim Phong §o¹t Hån Ngäc ®¸i
13:52:56	 Account: duylinh1	Name: duylinh1	 DelItem: Kim Phong HËu NghÖ dÉn cung
13:52:56	 Account: duylinh1	Name: duylinh1	 DelItem: Kim Phong Thiªn Lý Th¶o Th­îng Phi
13:54:14	 Account: x02cent	Name: ¤ngÙBènÙM­¬i	 DelItem: Kim Phong C«ng CÈn Tam Th¸n
13:54:14	 Account: x02cent	Name: ¤ngÙBènÙM­¬i	 DelItem: Kim Phong Tr¹c Liªn Quang
13:55:20	 Account: sicola3	Name: C¸ÙLiaÙThia	 DelItem: Tóc S­¬ng
13:59:53	 Account: hieuphan	Name: DiepCoThanh	 DelItem: Kim Phong §o¹t Hån Ngäc ®¸i
13:59:53	 Account: hieuphan	Name: DiepCoThanh	 DelItem: Kim Phong Tr¹c Liªn Quang
14:00:55	 Account: hieuphan	Name: DiepCoThanh	 DelItem: Kim Phong Lan §×nh Ngäc
14:04:35	 Account: rudykik2	Name: NMQÙVTÙNM	 DelItem: Kim Phong §ång T­íc Xu©n Th©m
14:04:35	 Account: rudykik2	Name: NMQÙVTÙNM	 DelItem: Tóc S­¬ng
14:04:35	 Account: rudykik2	Name: NMQÙVTÙNM	 DelItem: Nga Mi ThÝch
14:08:04	 Account: rudykik2	Name: NMQÙVTÙNM	 DelItem: Kim Phong C«ng CÈn Tam Th¸n
14:08:04	 Account: rudykik2	Name: NMQÙVTÙNM	 DelItem: Tóc S­¬ng
14:08:04	 Account: rudykik2	Name: NMQÙVTÙNM	 DelItem: Nga Mi ThÝch
14:10:51	 Account: tan003	Name: o0o5Do0o	 DelItem: Kim Phong Thiªn Lý Th¶o Th­îng Phi
14:10:55	 Account: akenqn1991	Name: smileÙ1	 DelItem: Tóc S­¬ng
14:15:28	 Account: rudykik3	Name: NMQÙVTÙTL	 DelItem: Kim Phong §ång T­íc Xu©n Th©m
14:15:28	 Account: rudykik3	Name: NMQÙVTÙTL	 DelItem: Tóc S­¬ng
14:19:58	 Account: tan002	Name: o0oDMo0o	 DelItem: Kim Phong Kú L©n HuyÕt
14:19:58	 Account: tan002	Name: o0oDMo0o	 DelItem: Kim Phong C«ng CÈn Tam Th¸n
14:19:58	 Account: tan002	Name: o0oDMo0o	 DelItem: Kim Phong §o¹t Hån Ngäc ®¸i
14:20:51	 Account: rudykik	Name: NMQÙVTÙDM	 DelItem: B¸ V­¬ngTiªu
14:20:51	 Account: rudykik	Name: NMQÙVTÙDM	 DelItem: Kim Phong §ång T­íc Xu©n Th©m
14:20:51	 Account: rudykik	Name: NMQÙVTÙDM	 DelItem: Kim Phong HËu NghÖ dÉn cung
14:20:51	 Account: rudykik	Name: NMQÙVTÙDM	 DelItem: Tóc S­¬ng
14:21:01	 Account: rudykik	Name: NMQÙVTÙDM	 DelItem: Kim Phong C«ng CÈn Tam Th¸n
14:21:35	 Account: batcan	Name: ChÐmThÊyBµMµy	 DelItem: Vò Hån §ao Ph¸p
14:21:35	 Account: batcan	Name: ChÐmThÊyBµMµy	 DelItem: Vò Hån ThuÉn Ph¸p
14:26:55	 Account: lcduc297b	Name: S¸tÙThñ	 DelItem: Kim Phong HËu NghÖ dÉn cung
14:33:17	 Account: lcduc297a	Name: S¸tÙThÇn	 DelItem: Kim Phong Thiªn Lý Th¶o Th­îng Phi
14:41:54	 Account: akenqn1990	Name: ÙsmileÙ	 DelItem: Tóc S­¬ng
14:45:28	 Account: akenqn1992	Name: ÙsmileÙNM	 DelItem: Tóc S­¬ng
14:48:55	 Account: rudykik	Name: NMQÙVTÙDM	 DelItem: Kim Phong §o¹t Hån Ngäc ®¸i
14:48:55	 Account: rudykik	Name: NMQÙVTÙDM	 DelItem: Kim Phong Thiªn Lý Th¶o Th­îng Phi
14:53:26	 Account: lcduc297a	Name: S¸tÙThÇn	 DelItem: Kim Phong §o¹t Hån Ngäc ®¸i
14:54:17	 Account: vuongvu11	Name: ÙÙÙKUAÙÙÙ	 DelItem: Kim Phong §o¹t Hån Ngäc ®¸i
14:54:17	 Account: vuongvu11	Name: ÙÙÙKUAÙÙÙ	 DelItem: Kim Phong Thiªn Lý Th¶o Th­îng Phi
14:55:55	 Account: lcduc297d	Name: S¸tÙ§Õ	 DelItem: Kim Phong Thanh D­¬ng Kh«i
14:56:28	 Account: lcduc297b	Name: S¸tÙThñ	 DelItem: Kim Phong Thanh D­¬ng Kh«i
14:57:09	 Account: lcduc297a	Name: S¸tÙThÇn	 DelItem: Kim Phong HËu NghÖ dÉn cung
15:01:57	 Account: khanhkiop1	Name: H¶iÙChicken	 DelItem: Tóc S­¬ng
15:04:48	 Account: duylinh4	Name: duylinh4	 DelItem: Kim Phong §o¹t Hån Ngäc ®¸i
15:04:48	 Account: duylinh4	Name: duylinh4	 DelItem: Kim Phong HËu NghÖ dÉn cung
15:04:48	 Account: duylinh4	Name: duylinh4	 DelItem: Kim Phong Thiªn Lý Th¶o Th­îng Phi
15:09:27	 Account: khacman4	Name: CayTien004	 DelItem: Kim Phong Thanh D­¬ng Kh«i
15:09:27	 Account: khacman4	Name: CayTien004	 DelItem: Kim Phong Kú L©n HuyÕt
15:09:27	 Account: khacman4	Name: CayTien004	 DelItem: Kim Phong §o¹t Hån Ngäc ®¸i
15:09:27	 Account: khacman4	Name: CayTien004	 DelItem: Kim Phong HËu NghÖ dÉn cung
15:09:27	 Account: khacman4	Name: CayTien004	 DelItem: Kim Phong Thiªn Lý Th¶o Th­îng Phi
15:14:13	 Account: vugiang2	Name: BuffBoss	 DelItem: Kim Phong Thanh D­¬ng Kh«i
15:14:13	 Account: vugiang2	Name: BuffBoss	 DelItem: Kim Phong §o¹t Hån Ngäc ®¸i
15:16:48	 Account: vugiang2	Name: BuffBoss	 DelItem: Kim Phong Thiªn Lý Th¶o Th­îng Phi
15:20:02	 Account: vugiang2	Name: BuffBoss	 DelItem: Kim Phong Kú L©n HuyÕt
15:20:56	 Account: giahuy1	Name: L­ngÙX¨mÙRång	 DelItem: Kim Phong Thanh D­¬ng Kh«i
15:20:56	 Account: giahuy1	Name: L­ngÙX¨mÙRång	 DelItem: Kim Phong Kú L©n HuyÕt
15:20:56	 Account: giahuy1	Name: L­ngÙX¨mÙRång	 DelItem: Kim Phong HËu NghÖ dÉn cung
15:20:56	 Account: giahuy1	Name: L­ngÙX¨mÙRång	 DelItem: Kim Phong Thiªn Lý Th¶o Th­îng Phi
15:21:50	 Account: haumiss01	Name: nacacrot	 DelItem: Kim Phong Lan §×nh Ngäc
15:21:50	 Account: haumiss01	Name: nacacrot	 DelItem: Kim Phong HËu NghÖ dÉn cung
15:21:50	 Account: haumiss01	Name: nacacrot	 DelItem: Kim Phong §o¹t Hån Ngäc ®¸i
15:21:50	 Account: haumiss01	Name: nacacrot	 DelItem: Kim Phong C«ng CÈn Tam Th¸n
15:21:50	 Account: haumiss01	Name: nacacrot	 DelItem: Kim Phong Kú L©n HuyÕt
15:21:50	 Account: haumiss01	Name: nacacrot	 DelItem: Kim Phong Thanh D­¬ng Kh«i
15:24:48	 Account: haumiss01	Name: nacacrot	 DelItem: Kim Phong Thiªn Lý Th¶o Th­îng Phi
15:25:08	 Account: khacman1	Name: CayTien01	 DelItem: Kim Phong Thiªn Lý Th¶o Th­îng Phi
15:26:13	 Account: khacman1	Name: CayTien01	 DelItem: Kim Phong Kú L©n HuyÕt
15:26:13	 Account: khacman1	Name: CayTien01	 DelItem: Kim Phong Thanh D­¬ng Kh«i
15:27:53	 Account: khacman1	Name: CayTien01	 DelItem: Kim Phong HËu NghÖ dÉn cung
15:27:53	 Account: khacman1	Name: CayTien01	 DelItem: Kim Phong §o¹t Hån Ngäc ®¸i
15:28:58	 Account: khacman2	Name: CayTien02	 DelItem: Kim Phong Thiªn Lý Th¶o Th­îng Phi
15:28:58	 Account: khacman2	Name: CayTien02	 DelItem: Kim Phong Kú L©n HuyÕt
15:29:08	 Account: khacman2	Name: CayTien02	 DelItem: Kim Phong HËu NghÖ dÉn cung
15:29:08	 Account: khacman2	Name: CayTien02	 DelItem: Kim Phong §o¹t Hån Ngäc ®¸i
15:29:08	 Account: khacman2	Name: CayTien02	 DelItem: Kim Phong Thanh D­¬ng Kh«i
15:30:43	 Account: giahuy22	Name: §écÙKhãÙCøu	 DelItem: Kim Phong §o¹t Hån Ngäc ®¸i
15:30:43	 Account: giahuy22	Name: §écÙKhãÙCøu	 DelItem: Kim Phong Kú L©n HuyÕt
15:30:43	 Account: giahuy22	Name: §écÙKhãÙCøu	 DelItem: Kim Phong Thanh D­¬ng Kh«i
15:40:28	 Account: khacman3	Name: CayTien003	 DelItem: Kim Phong Thanh D­¬ng Kh«i
15:40:28	 Account: khacman3	Name: CayTien003	 DelItem: Kim Phong Kú L©n HuyÕt
15:40:46	 Account: khacman3	Name: CayTien003	 DelItem: Kim Phong §o¹t Hån Ngäc ®¸i
15:40:51	 Account: khacman3	Name: CayTien003	 DelItem: Kim Phong HËu NghÖ dÉn cung
15:41:54	 Account: vanchuong	Name: ÙÙzPiiÙÙ	 DelItem: Kim Phong §ång T­íc Xu©n Th©m
15:45:55	 Account: yok001	Name: Crackie	 DelItem: Kim Phong Thanh D­¬ng Kh«i
15:45:55	 Account: yok001	Name: Crackie	 DelItem: Kim Phong Kú L©n HuyÕt
15:45:55	 Account: yok001	Name: Crackie	 DelItem: Kim Phong Tr¹c Liªn Quang
15:45:55	 Account: yok001	Name: Crackie	 DelItem: Kim Phong C«ng CÈn Tam Th¸n
15:45:55	 Account: yok001	Name: Crackie	 DelItem: Kim Phong §o¹t Hån Ngäc ®¸i
15:45:55	 Account: yok001	Name: Crackie	 DelItem: Kim Phong HËu NghÖ dÉn cung
15:45:55	 Account: yok001	Name: Crackie	 DelItem: Kim Phong Lan §×nh Ngäc
15:45:55	 Account: yok001	Name: Crackie	 DelItem: Kim Phong Thiªn Lý Th¶o Th­îng Phi
15:45:55	 Account: yok001	Name: Crackie	 DelItem: Kim Phong §ång T­íc Xu©n Th©m
15:49:16	 Account: vanchuong0	Name: BeÙXinh	 DelItem: Kim Phong §ång T­íc Xu©n Th©m
15:51:54	 Account: vanchuong1	Name: BeÙZin	 DelItem: Kim Phong §ång T­íc Xu©n Th©m
15:53:49	 Account: caycap	Name: 2332323223	 DelItem: Tóc S­¬ng
15:53:49	 Account: caycap	Name: 2332323223	 DelItem: Kim Phong Thanh D­¬ng Kh«i
15:53:49	 Account: caycap	Name: 2332323223	 DelItem: Kim Phong Tr¹c Liªn Quang
15:53:49	 Account: caycap	Name: 2332323223	 DelItem: Kim Phong C«ng CÈn Tam Th¸n
15:53:49	 Account: caycap	Name: 2332323223	 DelItem: Kim Phong §o¹t Hån Ngäc ®¸i
15:53:49	 Account: caycap	Name: 2332323223	 DelItem: Kim Phong HËu NghÖ dÉn cung
15:53:49	 Account: caycap	Name: 2332323223	 DelItem: Kim Phong Lan §×nh Ngäc
15:53:49	 Account: caycap	Name: 2332323223	 DelItem: Kim Phong §ång T­íc Xu©n Th©m
15:53:52	 Account: vanchuong2	Name: BeÙBuff	 DelItem: Kim Phong §ång T­íc Xu©n Th©m
15:56:41	 Account: akenqn1994	Name: smileÙTN	 DelItem: Tóc S­¬ng
15:59:10	 Account: duylinh3	Name: duylinh3	 DelItem: Kim Phong Thiªn Lý Th¶o Th­îng Phi
16:02:20	 Account: duylinh3	Name: duylinh3	 DelItem: Kim Phong Kú L©n HuyÕt
16:09:23	 Account: hatuthuyen3	Name: TestDane	 DelItem: Tóc S­¬ng
16:11:37	 Account: duylinh4	Name: duylinh4	 DelItem: Kim Phong Lan §×nh Ngäc
16:11:37	 Account: duylinh4	Name: duylinh4	 DelItem: Kim Phong §ång T­íc Xu©n Th©m
16:13:00	 Account: hatuthuyen2	Name: buaalo	 DelItem: Tóc S­¬ng
16:16:56	 Account: duylinh1	Name: duylinh1	 DelItem: Kim Phong Lan §×nh Ngäc
16:20:27	 Account: kiet1992	Name: ThanKinhThep	 DelItem: Kim Phong Thanh D­¬ng Kh«i
16:20:44	 Account: kiet1992	Name: ThanKinhThep	 DelItem: CÈm Nang T©n Thñ
16:21:52	 Account: hieuphan	Name: DiepCoThanh	 DelItem: Kim Phong Thiªn Lý Th¶o Th­îng Phi
16:22:23	 Account: hieuphan1	Name: TangChu	 DelItem: Kim Phong Thanh D­¬ng Kh«i
16:28:46	 Account: hieuphan1	Name: TangChu	 DelItem: Kim Phong Thiªn Lý Th¶o Th­îng Phi
16:29:18	 Account: hieuphan2	Name: DiepVienVien	 DelItem: Kim Phong HËu NghÖ dÉn cung
16:30:30	 Account: hieuphan1	Name: TangChu	 DelItem: Kim Phong §o¹t Hån Ngäc ®¸i
16:36:27	 Account: hieuphan2	Name: DiepVienVien	 DelItem: Kim Phong Thanh D­¬ng Kh«i
16:39:43	 Account: hieuphan2	Name: DiepVienVien	 DelItem: Kim Phong §o¹t Hån Ngäc ®¸i
16:40:02	 Account: hieuphan	Name: DiepCoThanh	 DelItem: Kim Phong Thanh D­¬ng Kh«i
16:43:09	 Account: hieuphan2	Name: DiepVienVien	 DelItem: Kim Phong Lan §×nh Ngäc
16:44:11	 Account: hieuphan	Name: DiepCoThanh	 DelItem: Kim Phong Kú L©n HuyÕt
16:49:01	 Account: giahuy34	Name: MüÙHoa	 DelItem: Kim Phong HËu NghÖ dÉn cung
16:49:01	 Account: giahuy34	Name: MüÙHoa	 DelItem: Kim Phong Thanh D­¬ng Kh«i
16:49:14	 Account: giahuy32	Name: S¨nÙBoss	 DelItem: Kim Phong Thanh D­¬ng Kh«i
16:54:32	 Account: akenqn1990	Name: ÙsmileÙ	 DelItem: Kim Phong §ång T­íc Xu©n Th©m
16:54:32	 Account: akenqn1990	Name: ÙsmileÙ	 DelItem: Kim Phong HËu NghÖ dÉn cung
16:54:32	 Account: akenqn1990	Name: ÙsmileÙ	 DelItem: Kim Phong Kú L©n HuyÕt
16:54:32	 Account: akenqn1990	Name: ÙsmileÙ	 DelItem: Kim Phong Thanh D­¬ng Kh«i
17:04:04	 Account: hieuphan	Name: DiepCoThanh	 DelItem: Khiªu chiÕn lÖnh
17:04:08	 Account: vanchuong2	Name: BeÙBuff	 DelItem: Kim Phong Lan §×nh Ngäc
17:04:08	 Account: vanchuong2	Name: BeÙBuff	 DelItem: Kim Phong Tr¹c Liªn Quang
17:07:26	 Account: haumiss02	Name: nacarot1	 DelItem: Kim Phong C«ng CÈn Tam Th¸n
17:08:40	 Account: haumiss02	Name: nacarot1	 DelItem: Kim Phong Thiªn Lý Th¶o Th­îng Phi
17:08:40	 Account: haumiss02	Name: nacarot1	 DelItem: Kim Phong Kú L©n HuyÕt
17:09:17	 Account: haumiss02	Name: nacarot1	 DelItem: Tóc S­¬ng
17:13:08	 Account: vuongvu33	Name: QuaiÙVatÙDoc	 DelItem: Kim Phong §o¹t Hån Ngäc ®¸i
17:13:08	 Account: vuongvu33	Name: QuaiÙVatÙDoc	 DelItem: Kim Phong Kú L©n HuyÕt
17:16:33	 Account: vuongvu11	Name: ÙÙÙKUAÙÙÙ	 DelItem: Kim Phong §ång T­íc Xu©n Th©m
17:16:33	 Account: vuongvu11	Name: ÙÙÙKUAÙÙÙ	 DelItem: Kim Phong HËu NghÖ dÉn cung
17:18:10	 Account: vuongvu33	Name: QuaiÙVatÙDoc	 DelItem: Kim Phong Thanh D­¬ng Kh«i
17:19:37	 Account: duylinh2	Name: duykinh2	 DelItem: Kim Phong Tr¹c Liªn Quang
17:19:37	 Account: duylinh2	Name: duykinh2	 DelItem: Kim Phong Thiªn Lý Th¶o Th­îng Phi
17:19:37	 Account: duylinh2	Name: duykinh2	 DelItem: Kim Phong §ång T­íc Xu©n Th©m
17:19:42	 Account: vuongvu44	Name: ¸ÙµÙghªÙgím	 DelItem: Kim Phong Thanh D­¬ng Kh«i
17:21:18	 Account: haumiss02	Name: nacarot1	 DelItem: Kim Phong §ång T­íc Xu©n Th©m
17:21:18	 Account: haumiss02	Name: nacarot1	 DelItem: Kim Phong HËu NghÖ dÉn cung
17:21:18	 Account: haumiss02	Name: nacarot1	 DelItem: Kim Phong §o¹t Hån Ngäc ®¸i
17:21:18	 Account: haumiss02	Name: nacarot1	 DelItem: Kim Phong Tr¹c Liªn Quang
17:21:18	 Account: haumiss02	Name: nacarot1	 DelItem: Kim Phong Thanh D­¬ng Kh«i
17:21:33	 Account: haumiss02	Name: nacarot1	 DelItem: Kim Phong Lan §×nh Ngäc
17:23:23	 Account: akenqn1992	Name: ÙsmileÙNM	 DelItem: Kim Phong Thiªn Lý Th¶o Th­îng Phi
17:23:23	 Account: akenqn1992	Name: ÙsmileÙNM	 DelItem: Kim Phong Kú L©n HuyÕt
17:23:23	 Account: akenqn1992	Name: ÙsmileÙNM	 DelItem: Kim Phong Thanh D­¬ng Kh«i
17:23:24	 Account: zero9x3	Name: HoµngÙD­îcÙS­	 DelItem: Kim Phong Lan §×nh Ngäc
17:28:53	 Account: akenqn1990	Name: ÙsmileÙ	 DelItem: Kim Phong Thiªn Lý Th¶o Th­îng Phi
17:34:02	 Account: duylinh3	Name: duylinh3	 DelItem: Kim Phong §o¹t Hån Ngäc ®¸i
17:38:14	 Account: hieuphan3	Name: DocThamCu	 DelItem: Kim Phong Thiªn Lý Th¶o Th­îng Phi
17:42:24	 Account: ngominhquan0	Name: CæÙTrÇnÙSa	 DelItem: Kim Phong Thiªn Lý Th¶o Th­îng Phi
17:42:24	 Account: ngominhquan0	Name: CæÙTrÇnÙSa	 DelItem: Kim Phong Lan §×nh Ngäc
17:42:24	 Account: ngominhquan0	Name: CæÙTrÇnÙSa	 DelItem: Kim Phong §o¹t Hån Ngäc ®¸i
17:42:24	 Account: ngominhquan0	Name: CæÙTrÇnÙSa	 DelItem: Kim Phong Tr¹c Liªn Quang
17:42:24	 Account: ngominhquan0	Name: CæÙTrÇnÙSa	 DelItem: Kim Phong Kú L©n HuyÕt
17:42:24	 Account: ngominhquan0	Name: CæÙTrÇnÙSa	 DelItem: Kim Phong Thanh D­¬ng Kh«i
17:43:08	 Account: ngominhquan1	Name: Qu¸chÙT­¬ng	 DelItem: Kim Phong §ång T­íc Xu©n Th©m
17:43:08	 Account: ngominhquan1	Name: Qu¸chÙT­¬ng	 DelItem: Kim Phong Thiªn Lý Th¶o Th­îng Phi
17:43:08	 Account: ngominhquan1	Name: Qu¸chÙT­¬ng	 DelItem: Kim Phong Lan §×nh Ngäc
17:43:08	 Account: ngominhquan1	Name: Qu¸chÙT­¬ng	 DelItem: Kim Phong §o¹t Hån Ngäc ®¸i
17:43:08	 Account: ngominhquan1	Name: Qu¸chÙT­¬ng	 DelItem: Kim Phong Tr¹c Liªn Quang
17:43:08	 Account: ngominhquan1	Name: Qu¸chÙT­¬ng	 DelItem: Kim Phong Kú L©n HuyÕt
17:43:08	 Account: ngominhquan1	Name: Qu¸chÙT­¬ng	 DelItem: Kim Phong Thanh D­¬ng Kh«i
17:43:35	 Account: ngominhquan2	Name: MaÙ§ÕÙ	 DelItem: Kim Phong §ång T­íc Xu©n Th©m
17:43:35	 Account: ngominhquan2	Name: MaÙ§ÕÙ	 DelItem: Kim Phong Thiªn Lý Th¶o Th­îng Phi
17:43:35	 Account: ngominhquan2	Name: MaÙ§ÕÙ	 DelItem: Kim Phong §o¹t Hån Ngäc ®¸i
17:43:35	 Account: ngominhquan2	Name: MaÙ§ÕÙ	 DelItem: Kim Phong Tr¹c Liªn Quang
17:43:35	 Account: ngominhquan2	Name: MaÙ§ÕÙ	 DelItem: Kim Phong Kú L©n HuyÕt
17:43:35	 Account: ngominhquan2	Name: MaÙ§ÕÙ	 DelItem: Kim Phong Thanh D­¬ng Kh«i
18:05:09	 Account: zero9x1	Name: MaÙN÷Ù§aÙT×nh	 DelItem: Kim Phong Thiªn Lý Th¶o Th­îng Phi
18:22:04	 Account: vanchuong	Name: ÙÙzPiiÙÙ	 DelItem: Kim Phong Thiªn Lý Th¶o Th­îng Phi
18:33:39	 Account: haumiss01	Name: nacacrot	 DelItem: Tóc S­¬ng
18:33:39	 Account: haumiss01	Name: nacacrot	 DelItem: Kim Phong §ång T­íc Xu©n Th©m
18:51:45	 Account: vugiang2	Name: BuffBoss	 DelItem: Kim Phong HËu NghÖ dÉn cung
18:51:45	 Account: vugiang2	Name: BuffBoss	 DelItem: Kim Phong Tr¹c Liªn Quang
18:51:45	 Account: vugiang2	Name: BuffBoss	 DelItem: Tóc S­¬ng
18:55:36	 Account: haumiss01	Name: nacacrot	 DelItem: Kim Phong Tr¹c Liªn Quang
18:58:47	 Account: vugiang2	Name: BuffBoss	 DelItem: [ Nguyªn So¸i ] chiÕn m·
18:58:47	 Account: vugiang2	Name: BuffBoss	 DelItem: [ Nguyªn So¸i ] chiÕn m·
18:58:47	 Account: vugiang2	Name: BuffBoss	 DelItem: Phong V©n Phi Tèc hoµn
18:58:47	 Account: vugiang2	Name: BuffBoss	 DelItem: LÖnh bµi
18:58:47	 Account: vugiang2	Name: BuffBoss	 DelItem: ChiÕn cæ 
18:58:47	 Account: vugiang2	Name: BuffBoss	 DelItem: LÖnh bµi
18:58:47	 Account: vugiang2	Name: BuffBoss	 DelItem: ChiÕn cæ 
19:00:24	 Account: vugiang2	Name: BuffBoss	 DelItem: LÖnh bµi
19:00:24	 Account: vugiang2	Name: BuffBoss	 DelItem: ChiÕn cæ 
19:00:24	 Account: vugiang2	Name: BuffBoss	 DelItem: Phong V©n Phi Tèc hoµn
19:00:24	 Account: vugiang2	Name: BuffBoss	 DelItem: [ Nguyªn So¸i ] phi phong
19:00:24	 Account: vugiang2	Name: BuffBoss	 DelItem: Phong V©n Phi Tèc hoµn
19:00:24	 Account: vugiang2	Name: BuffBoss	 DelItem: Kim Phong §ång T­íc Xu©n Th©m
19:00:24	 Account: vugiang2	Name: BuffBoss	 DelItem: Kim Phong Lan §×nh Ngäc
19:00:24	 Account: vugiang2	Name: BuffBoss	 DelItem: Kim Phong C«ng CÈn Tam Th¸n
19:00:24	 Account: vugiang2	Name: BuffBoss	 DelItem: [ Nguyªn So¸i ] trang søc
19:00:24	 Account: vugiang2	Name: BuffBoss	 DelItem: [ Nguyªn So¸i ] quan Ên
19:00:24	 Account: vugiang2	Name: BuffBoss	 DelItem: [ Nguyªn So¸i ] trang søc
19:11:16	 Account: vugiang3	Name: SieuNgaMy	 DelItem: Kim Phong §ång T­íc Xu©n Th©m
19:11:16	 Account: vugiang3	Name: SieuNgaMy	 DelItem: Tóc S­¬ng
19:20:56	 Account: haumiss03	Name: nacacrot2	 DelItem: Kim Phong §ång T­íc Xu©n Th©m
19:20:56	 Account: haumiss03	Name: nacacrot2	 DelItem: Kim Phong Thiªn Lý Th¶o Th­îng Phi
19:20:56	 Account: haumiss03	Name: nacacrot2	 DelItem: Kim Phong Lan §×nh Ngäc
19:20:56	 Account: haumiss03	Name: nacacrot2	 DelItem: Kim Phong HËu NghÖ dÉn cung
19:20:56	 Account: haumiss03	Name: nacacrot2	 DelItem: Kim Phong §o¹t Hån Ngäc ®¸i
19:20:56	 Account: haumiss03	Name: nacacrot2	 DelItem: Kim Phong C«ng CÈn Tam Th¸n
19:20:56	 Account: haumiss03	Name: nacacrot2	 DelItem: Kim Phong Tr¹c Liªn Quang
19:20:56	 Account: haumiss03	Name: nacacrot2	 DelItem: Kim Phong Kú L©n HuyÕt
19:20:56	 Account: haumiss03	Name: nacacrot2	 DelItem: Kim Phong Thanh D­¬ng Kh«i
19:21:04	 Account: haumiss03	Name: nacacrot2	 DelItem: Tóc S­¬ng
19:41:29	 Account: vugiang1	Name: BossNo1	 DelItem: Kim Phong §ång T­íc Xu©n Th©m
19:41:29	 Account: vugiang1	Name: BossNo1	 DelItem: Kim Phong Thiªn Lý Th¶o Th­îng Phi
19:41:29	 Account: vugiang1	Name: BossNo1	 DelItem: Kim Phong C«ng CÈn Tam Th¸n
19:41:29	 Account: vugiang1	Name: BossNo1	 DelItem: Kim Phong Tr¹c Liªn Quang
19:41:29	 Account: vugiang1	Name: BossNo1	 DelItem: Kim Phong Kú L©n HuyÕt
19:41:29	 Account: vugiang1	Name: BossNo1	 DelItem: Kim Phong Thanh D­¬ng Kh«i
19:48:50	 Account: vugiang3	Name: SieuNgaMy	 DelItem: Kim Phong Thanh D­¬ng Kh«i
19:48:50	 Account: vugiang3	Name: SieuNgaMy	 DelItem: Kim Phong Tr¹c Liªn Quang
19:48:50	 Account: vugiang3	Name: SieuNgaMy	 DelItem: Kim Phong HËu NghÖ dÉn cung
19:49:38	 Account: vugiang2	Name: BuffBoss	 DelItem: Tinh Hång B¶o Th¹ch
19:49:38	 Account: vugiang2	Name: BuffBoss	 DelItem: Tinh Hång B¶o Th¹ch
19:49:38	 Account: vugiang2	Name: BuffBoss	 DelItem: Tinh Hång B¶o Th¹ch
19:49:38	 Account: vugiang2	Name: BuffBoss	 DelItem: Tinh Hång B¶o Th¹ch
19:49:38	 Account: vugiang2	Name: BuffBoss	 DelItem: Bµn Nh­îc T©m Kinh
19:49:38	 Account: vugiang2	Name: BuffBoss	 DelItem: Tinh Hång B¶o Th¹ch
19:49:38	 Account: vugiang2	Name: BuffBoss	 DelItem: Tinh Hång B¶o Th¹ch
19:54:46	 Account: haumiss04	Name: nacacrot3	 DelItem: Kim Phong §ång T­íc Xu©n Th©m
19:54:46	 Account: haumiss04	Name: nacacrot3	 DelItem: Kim Phong Thiªn Lý Th¶o Th­îng Phi
19:54:46	 Account: haumiss04	Name: nacacrot3	 DelItem: Kim Phong Lan §×nh Ngäc
19:54:46	 Account: haumiss04	Name: nacacrot3	 DelItem: Kim Phong HËu NghÖ dÉn cung
19:54:46	 Account: haumiss04	Name: nacacrot3	 DelItem: Kim Phong §o¹t Hån Ngäc ®¸i
19:54:46	 Account: haumiss04	Name: nacacrot3	 DelItem: Kim Phong Tr¹c Liªn Quang
19:54:46	 Account: haumiss04	Name: nacacrot3	 DelItem: Kim Phong Kú L©n HuyÕt
19:54:46	 Account: haumiss04	Name: nacacrot3	 DelItem: Kim Phong Thanh D­¬ng Kh«i
19:54:53	 Account: haumiss04	Name: nacacrot3	 DelItem: Tóc S­¬ng
20:15:01	 Account: vugiang3	Name: SieuNgaMy	 DelItem: Kim Phong Thiªn Lý Th¶o Th­îng Phi
20:22:38	 Account: haumiss05	Name: nacacrot5	 DelItem: Kim Phong §ång T­íc Xu©n Th©m
20:22:38	 Account: haumiss05	Name: nacacrot5	 DelItem: Kim Phong Thiªn Lý Th¶o Th­îng Phi
20:22:38	 Account: haumiss05	Name: nacacrot5	 DelItem: Kim Phong Lan §×nh Ngäc
20:22:38	 Account: haumiss05	Name: nacacrot5	 DelItem: Kim Phong HËu NghÖ dÉn cung
20:22:38	 Account: haumiss05	Name: nacacrot5	 DelItem: Kim Phong §o¹t Hån Ngäc ®¸i
20:22:38	 Account: haumiss05	Name: nacacrot5	 DelItem: Kim Phong C«ng CÈn Tam Th¸n
20:22:38	 Account: haumiss05	Name: nacacrot5	 DelItem: Kim Phong Tr¹c Liªn Quang
20:22:38	 Account: haumiss05	Name: nacacrot5	 DelItem: Kim Phong Kú L©n HuyÕt
20:22:38	 Account: haumiss05	Name: nacacrot5	 DelItem: Kim Phong Thanh D­¬ng Kh«i
20:22:47	 Account: haumiss05	Name: nacacrot5	 DelItem: Tóc S­¬ng
20:30:25	 Account: vugiang1	Name: BossNo1	 DelItem: Tóc S­¬ng
20:30:25	 Account: vugiang1	Name: BossNo1	 DelItem: Kim Phong §o¹t Hån Ngäc ®¸i
20:30:25	 Account: vugiang1	Name: BossNo1	 DelItem: T©m T©m T­¬ng ¸nh phï 
20:30:25	 Account: vugiang1	Name: BossNo1	 DelItem: Tinh Hång B¶o Th¹ch
20:30:25	 Account: vugiang1	Name: BossNo1	 DelItem: Phi Phong
20:30:25	 Account: vugiang1	Name: BossNo1	 DelItem: Phi Phong
20:52:33	 Account: vugiang3	Name: SieuNgaMy	 DelItem: Bµn Nh­îc T©m Kinh
20:52:33	 Account: vugiang3	Name: SieuNgaMy	 DelItem: Bµn Nh­îc T©m Kinh
20:52:33	 Account: vugiang3	Name: SieuNgaMy	 DelItem: Kim Phong Lan §×nh Ngäc
20:57:54	 Account: gaokojz2	Name: §­êngNguyÖtLiªn	 DelItem: Kim Phong Kú L©n HuyÕt
21:11:12	 Account: gaokojz1	Name: HµnNh­îcTuyÕt	 DelItem: Kim Phong Thanh D­¬ng Kh«i
22:13:48	 Account: vugiang1	Name: SieuPham	 DelItem: Tóc S­¬ng
23:08:49	 Account: xuanhung	Name: C«ÙG¸iÙ£Ù§ª	 DelItem: Tóc S­¬ng
23:12:12	 Account: vugiang3	Name: SieuNgaMy	 DelItem: Kim Phong Kú L©n HuyÕt
23:14:33	 Account: xuanhung1	Name: NáÙHÕtÙ§¹n	 DelItem: Kim Phong C«ng CÈn Tam Th¸n
23:14:33	 Account: xuanhung1	Name: NáÙHÕtÙ§¹n	 DelItem: Tóc S­¬ng
23:41:09	 Account: truongac02	Name: RossiÙBuiÙQuyen	 DelItem: Kim Phong HËu NghÖ dÉn cung
23:41:09	 Account: truongac02	Name: RossiÙBuiÙQuyen	 DelItem: Kim Phong §o¹t Hån Ngäc ®¸i
23:41:09	 Account: truongac02	Name: RossiÙBuiÙQuyen	 DelItem: Kim Phong Tr¹c Liªn Quang
23:41:09	 Account: truongac02	Name: RossiÙBuiÙQuyen	 DelItem: Kim Phong Thanh D­¬ng Kh«i
23:46:44	 Account: truongac03	Name: RossiÙLuuÙHao	 DelItem: Kim Phong Thanh D­¬ng Kh«i
23:46:44	 Account: truongac03	Name: RossiÙLuuÙHao	 DelItem: Kim Phong Kú L©n HuyÕt
23:46:44	 Account: truongac03	Name: RossiÙLuuÙHao	 DelItem: Kim Phong Tr¹c Liªn Quang
23:46:44	 Account: truongac03	Name: RossiÙLuuÙHao	 DelItem: Kim Phong C«ng CÈn Tam Th¸n
23:46:44	 Account: truongac03	Name: RossiÙLuuÙHao	 DelItem: Kim Phong Lan §×nh Ngäc
23:46:44	 Account: truongac03	Name: RossiÙLuuÙHao	 DelItem: Kim Phong Thiªn Lý Th¶o Th­îng Phi
23:46:44	 Account: truongac03	Name: RossiÙLuuÙHao	 DelItem: Kim Phong §ång T­íc Xu©n Th©m
23:46:44	 Account: truongac03	Name: RossiÙLuuÙHao	 DelItem: Tiªn X¹ H­¬ng Nang
23:48:58	 Account: truongac04	Name: RossiÙEmÙBeÙDau	 DelItem: Kim Phong §ång T­íc Xu©n Th©m
23:48:58	 Account: truongac04	Name: RossiÙEmÙBeÙDau	 DelItem: Kim Phong HËu NghÖ dÉn cung
23:48:58	 Account: truongac04	Name: RossiÙEmÙBeÙDau	 DelItem: Kim Phong §o¹t Hån Ngäc ®¸i
23:48:58	 Account: truongac04	Name: RossiÙEmÙBeÙDau	 DelItem: Kim Phong C«ng CÈn Tam Th¸n
23:48:58	 Account: truongac04	Name: RossiÙEmÙBeÙDau	 DelItem: Kim Phong Kú L©n HuyÕt
23:48:58	 Account: truongac04	Name: RossiÙEmÙBeÙDau	 DelItem: Kim Phong Thanh D­¬ng Kh«i
