01:05:25	 Account: thaithao	Name: Xo¸yÙTècÙV¸y	 DelItem: Kim Phong Tr¹c Liªn Quang
01:07:14	 Account: xuanhung2	Name: 1Ù§aoÙLÊyÙM¹ng	 DelItem: Kim Phong Thanh D­¬ng Kh«i
01:07:37	 Account: xuanhung2	Name: 1Ù§aoÙLÊyÙM¹ng	 DelItem: Kim Phong Kú L©n HuyÕt
01:10:11	 Account: vuongvu33	Name: QuaiÙVatÙDoc	 DelItem: Kim Phong Thiªn Lý Th¶o Th­îng Phi
01:10:22	 Account: vuongvu22	Name: AÙKÙÙÙ	 DelItem: Kim Phong C«ng CÈn Tam Th¸n
01:42:56	 Account: thaithao	Name: Xo¸yÙTècÙV¸y	 DelItem: Kim Phong §o¹t Hån Ngäc ®¸i
01:43:24	 Account: thaithao	Name: Xo¸yÙTècÙV¸y	 DelItem: Kim Phong Kú L©n HuyÕt
01:43:24	 Account: thaithao	Name: Xo¸yÙTècÙV¸y	 DelItem: Kim Phong HËu NghÖ dÉn cung
01:43:24	 Account: thaithao	Name: Xo¸yÙTècÙV¸y	 DelItem: Kim Phong Lan §×nh Ngäc
01:50:30	 Account: xuanhung	Name: C«ÙG¸iÙ£Ù§ª	 DelItem: Kim Phong Tr¹c Liªn Quang
02:06:20	 Account: volamkiemthu79	Name: HoaV«KhuyÕt	 DelItem: Yªu §ao
02:13:36	 Account: xuanhung	Name: C«ÙG¸iÙ£Ù§ª	 DelItem: Kim Phong Lan §×nh Ngäc
02:21:37	 Account: xuanhung2	Name: 1Ù§aoÙLÊyÙM¹ng	 DelItem: Kim Phong §o¹t Hån Ngäc ®¸i
03:08:16	 Account: ldtrieu3	Name: OKÙFineÙ3	 DelItem: Giao Ngoa
03:08:16	 Account: ldtrieu3	Name: OKÙFineÙ3	 DelItem: Kim Phong §o¹t Hån Ngäc ®¸i
03:08:16	 Account: ldtrieu3	Name: OKÙFineÙ3	 DelItem: Kim Phong HËu NghÖ dÉn cung
04:17:30	 Account: vugiang	Name: SieuToc	 DelItem: Kim Phong Tr¹c Liªn Quang
04:17:30	 Account: vugiang	Name: SieuToc	 DelItem: Kim Phong Lan §×nh Ngäc
04:17:30	 Account: vugiang	Name: SieuToc	 DelItem: Kim Phong §ång T­íc Xu©n Th©m
04:21:35	 Account: vugiang3	Name: SieuNgaMy	 DelItem: Kim Phong §o¹t Hån Ngäc ®¸i
04:21:35	 Account: vugiang3	Name: SieuNgaMy	 DelItem: Kim Phong C«ng CÈn Tam Th¸n
04:37:25	 Account: vugiang	Name: SieuToc	 DelItem: B¹o Vò Lª Hoa (cÊp 23)
04:52:57	 Account: okilaz1	Name: Okilax1	 DelItem: Phong V©n Phi Tèc hoµn
04:52:57	 Account: okilaz1	Name: Okilax1	 DelItem: LÖnh bµi
04:52:57	 Account: okilaz1	Name: Okilax1	 DelItem: ChiÕn cæ 
04:52:57	 Account: okilaz1	Name: Okilax1	 DelItem: Kim Phong §ång T­íc Xu©n Th©m
04:52:57	 Account: okilaz1	Name: Okilax1	 DelItem: Tóc S­¬ng
05:26:04	 Account: xuanhung2	Name: 1Ù§aoÙLÊyÙM¹ng	 DelItem: Kim Phong Tr¹c Liªn Quang
05:31:47	 Account: lcduc297b	Name: S¸tÙThñ	 DelItem: Kim Phong Tr¹c Liªn Quang
05:31:47	 Account: lcduc297b	Name: S¸tÙThñ	 DelItem: Kim Phong §o¹t Hån Ngäc ®¸i
05:31:47	 Account: lcduc297b	Name: S¸tÙThñ	 DelItem: Kim Phong Kú L©n HuyÕt
05:33:11	 Account: lcduc297c	Name: XeÙCTC	 DelItem: Kim Phong §o¹t Hån Ngäc ®¸i
05:36:11	 Account: lcduc297c	Name: XeÙCTC	 DelItem: Kim Phong Kú L©n HuyÕt
05:40:10	 Account: lcduc297b	Name: S¸tÙThñ	 DelItem: [ Nguyªn So¸i ] mÆt n¹ [cÊp 1]
06:20:25	 Account: okila02	Name: Okila02	 DelItem: Tóc S­¬ng
06:20:25	 Account: okila02	Name: Okila02	 DelItem: Kim Phong Thanh D­¬ng Kh«i
06:20:25	 Account: okila02	Name: Okila02	 DelItem: Kim Phong C«ng CÈn Tam Th¸n
06:20:25	 Account: okila02	Name: Okila02	 DelItem: Kim Phong Thiªn Lý Th¶o Th­îng Phi
06:20:25	 Account: okila02	Name: Okila02	 DelItem: Kim Phong §ång T­íc Xu©n Th©m
06:23:10	 Account: xuanhung	Name: C«ÙG¸iÙ£Ù§ª	 DelItem: Kim Phong C«ng CÈn Tam Th¸n
06:47:49	 Account: admin	Name: GameMaster	 DelItem: Thiªn CÇm
06:47:51	 Account: okila01	Name: Okila01	 DelItem: Kim Phong Lan §×nh Ngäc
06:47:54	 Account: admin	Name: GameMaster	 DelItem: V« §Þch ThÇn Vò Hån §ao 
06:47:59	 Account: admin	Name: GameMaster	 DelItem: LiÖt Thiªn TriÒn Thñ 
06:48:04	 Account: admin	Name: GameMaster	 DelItem: LiÖt Thiªn TriÒn Thñ 
06:49:05	 Account: admin	Name: GameMaster	 DelItem: V« §Þch ThÇn Vò Hån ThuÉn
06:50:08	 Account: okila03	Name: Okila03	 DelItem: Phong V©n Phi Tèc hoµn
06:50:08	 Account: okila03	Name: Okila03	 DelItem: LÖnh bµi
06:50:08	 Account: okila03	Name: Okila03	 DelItem: ChiÕn cæ 
06:50:08	 Account: okila03	Name: Okila03	 DelItem: Kim Phong §ång T­íc Xu©n Th©m
06:50:08	 Account: okila03	Name: Okila03	 DelItem: Tóc S­¬ng
07:07:52	 Account: vuongvu33	Name: QuaiÙVatÙDoc	 DelItem: Kim Phong Tr¹c Liªn Quang
07:13:39	 Account: vuongvu11	Name: ÙÙÙKUAÙÙÙ	 DelItem: Tói M¸u T©n Thñ
07:38:40	 Account: xuanhung1	Name: NáÙHÕtÙ§¹n	 DelItem: Kim Phong Tr¹c Liªn Quang
07:40:29	 Account: duylinh3	Name: duylinh3	 DelItem: Kim Phong §ång T­íc Xu©n Th©m
07:40:29	 Account: duylinh3	Name: duylinh3	 DelItem: Kim Phong Lan §×nh Ngäc
07:40:29	 Account: duylinh3	Name: duylinh3	 DelItem: Kim Phong C«ng CÈn Tam Th¸n
07:46:52	 Account: admin	Name: GameMaster	 DelItem: Khæng T­íc Linh
07:46:57	 Account: admin	Name: GameMaster	 DelItem: Kim C« Bæng
07:47:02	 Account: admin	Name: GameMaster	 DelItem: HuyÒn ThiÕt KiÕm
07:47:07	 Account: admin	Name: GameMaster	 DelItem: §¹i Phong §ao
07:47:11	 Account: admin	Name: GameMaster	 DelItem: Ph¸ Thiªn chïy
07:47:16	 Account: admin	Name: GameMaster	 DelItem: B¸ V­¬ngTiªu
07:48:37	 Account: admin	Name: GameMaster	 DelItem: Thiªn CÇm
07:48:42	 Account: admin	Name: GameMaster	 DelItem: Thiªn CÇm
07:59:12	 Account: okila04	Name: Okila04	 DelItem: §¹i Phong §ao
08:03:05	 Account: vugiang1	Name: SieuPham	 DelItem: Kim Phong Tr¹c Liªn Quang
08:03:05	 Account: vugiang1	Name: SieuPham	 DelItem: Kim Phong Lan §×nh Ngäc
08:03:34	 Account: vugiang1	Name: SieuPham	 DelItem: Kim Phong Thanh D­¬ng Kh«i
08:03:34	 Account: vugiang1	Name: SieuPham	 DelItem: Kim Phong Kú L©n HuyÕt
08:03:34	 Account: vugiang1	Name: SieuPham	 DelItem: Kim Phong §o¹t Hån Ngäc ®¸i
08:27:02	 Account: luongtien2	Name: FapFapFap2	 DelItem: HuyÒn ThiÕt KiÕm
08:27:02	 Account: luongtien2	Name: FapFapFap2	 DelItem: HuyÒn ThiÕt KiÕm
08:34:57	 Account: admin	Name: GameMaster	 DelItem: B¸ V­¬ngTiªu
08:42:45	 Account: admin	Name: GameMaster	 DelItem: §¹i Phong §ao
08:44:45	 Account: lcduc297s1	Name: SatThu	 DelItem: Phi §ao
08:44:45	 Account: lcduc297s1	Name: SatThu	 DelItem: Kim Phong §ång T­íc Xu©n Th©m
08:49:10	 Account: admin	Name: GameMaster	 DelItem: HuyÒn ThiÕt KiÕm
08:49:10	 Account: admin	Name: GameMaster	 DelItem: HuyÒn ThiÕt KiÕm
08:49:10	 Account: admin	Name: GameMaster	 DelItem: HuyÒn ThiÕt KiÕm
08:53:10	 Account: giahuy	Name: ÙÙAÙÙÙ	 DelItem: Khæng T­íc Linh
08:53:10	 Account: giahuy	Name: ÙÙAÙÙÙ	 DelItem: Khæng T­íc Linh
08:53:10	 Account: giahuy	Name: ÙÙAÙÙÙ	 DelItem: Khæng T­íc Linh
08:56:45	 Account: thaithao1	Name: BÊtÙL­¬ngÙNh©n	 DelItem: Kim Phong Tr¹c Liªn Quang
08:56:45	 Account: thaithao1	Name: BÊtÙL­¬ngÙNh©n	 DelItem: Kim Phong §ång T­íc Xu©n Th©m
08:57:47	 Account: thaithao	Name: Xo¸yÙTècÙV¸y	 DelItem: Kim Phong §ång T­íc Xu©n Th©m
09:26:07	 Account: luongtien1	Name: FapFapFap1	 DelItem: §¹i Phong §ao
09:32:40	 Account: giahuy2023	Name: ÙÙDÙÙÙ	 DelItem: Kim Phong HËu NghÖ dÉn cung
09:32:40	 Account: giahuy2023	Name: ÙÙDÙÙÙ	 DelItem: Kim Phong Thiªn Lý Th¶o Th­îng Phi
09:32:40	 Account: giahuy2023	Name: ÙÙDÙÙÙ	 DelItem: Kim Phong §o¹t Hån Ngäc ®¸i
09:32:40	 Account: giahuy2023	Name: ÙÙDÙÙÙ	 DelItem: Kim Phong Kú L©n HuyÕt
09:32:40	 Account: giahuy2023	Name: ÙÙDÙÙÙ	 DelItem: Kim Phong Thanh D­¬ng Kh«i
09:32:58	 Account: giahuy2000	Name: ÙÙBÙÙÙ	 DelItem: Kim Phong HËu NghÖ dÉn cung
09:32:58	 Account: giahuy2000	Name: ÙÙBÙÙÙ	 DelItem: Phi Phông Ngoa
09:32:58	 Account: giahuy2000	Name: ÙÙBÙÙÙ	 DelItem: Kim Phong §o¹t Hån Ngäc ®¸i
09:32:58	 Account: giahuy2000	Name: ÙÙBÙÙÙ	 DelItem: Kim Phong Kú L©n HuyÕt
09:32:58	 Account: giahuy2000	Name: ÙÙBÙÙÙ	 DelItem: Kim Phong Thanh D­¬ng Kh«i
09:33:15	 Account: giahuy2020	Name: ÙÙCÙÙÙ	 DelItem: Kim Phong HËu NghÖ dÉn cung
09:33:15	 Account: giahuy2020	Name: ÙÙCÙÙÙ	 DelItem: Kim Phong Thiªn Lý Th¶o Th­îng Phi
09:33:15	 Account: giahuy2020	Name: ÙÙCÙÙÙ	 DelItem: Kim Phong §o¹t Hån Ngäc ®¸i
09:33:15	 Account: giahuy2020	Name: ÙÙCÙÙÙ	 DelItem: Kim Phong Kú L©n HuyÕt
09:33:15	 Account: giahuy2020	Name: ÙÙCÙÙÙ	 DelItem: Kim Phong Thanh D­¬ng Kh«i
09:52:28	 Account: lcduc297s3	Name: SatThu3	 DelItem: Tiªn Th¶o Lé 
09:52:28	 Account: lcduc297s3	Name: SatThu3	 DelItem: Phong V©n Phi Tèc hoµn
09:52:28	 Account: lcduc297s3	Name: SatThu3	 DelItem: LÖnh bµi
09:52:28	 Account: lcduc297s3	Name: SatThu3	 DelItem: ChiÕn cæ 
09:52:28	 Account: lcduc297s3	Name: SatThu3	 DelItem: Kim Phong §ång T­íc Xu©n Th©m
09:52:28	 Account: lcduc297s3	Name: SatThu3	 DelItem: Kim Phong C«ng CÈn Tam Th¸n
09:52:28	 Account: lcduc297s3	Name: SatThu3	 DelItem: Phi §ao
09:54:23	 Account: vuongvu11	Name: ÙÙÙKUAÙÙÙ	 DelItem: Kim Phong Lan §×nh Ngäc
10:06:24	 Account: okila04	Name: Okila04	 DelItem: Kim Phong C«ng CÈn Tam Th¸n
10:08:13	 Account: lcduc297b	Name: S¸tÙThñ	 DelItem: Kim Phong Thiªn Lý Th¶o Th­îng Phi
10:16:31	 Account: luongtien3	Name: FapFapFap3	 DelItem: §¹i Phong §ao
10:40:18	 Account: xuanhung3	Name: LýÙMéÙUyÓn	 DelItem: Kim Phong HËu NghÖ dÉn cung
10:40:35	 Account: xuanhung3	Name: LýÙMéÙUyÓn	 DelItem: Kim Phong Kú L©n HuyÕt
10:40:35	 Account: xuanhung3	Name: LýÙMéÙUyÓn	 DelItem: Kim Phong Lan §×nh Ngäc
10:41:27	 Account: xuanhung2	Name: 1Ù§aoÙLÊyÙM¹ng	 DelItem: Kim Phong Thiªn Lý Th¶o Th­îng Phi
10:41:27	 Account: xuanhung2	Name: 1Ù§aoÙLÊyÙM¹ng	 DelItem: Kim Phong HËu NghÖ dÉn cung
10:42:11	 Account: xuanhung2	Name: 1Ù§aoÙLÊyÙM¹ng	 DelItem: Kim Phong Lan §×nh Ngäc
10:52:30	 Account: quangthaian	Name: S¸tÙThÇnÙ	 DelItem: [ Nguyªn So¸i ] chiÕn m·
10:52:30	 Account: quangthaian	Name: S¸tÙThÇnÙ	 DelItem: [ Nguyªn So¸i ] chiÕn m·
10:53:09	 Account: xuanhung	Name: C«ÙG¸iÙ£Ù§ª	 DelItem: Kim Phong HËu NghÖ dÉn cung
10:59:06	 Account: admin	Name: GameMaster	 DelItem: B¸ V­¬ngTiªu
11:05:12	 Account: lcduc297s4	Name: SatThu4	 DelItem: HuyÒn ThiÕt KiÕm
11:05:12	 Account: lcduc297s4	Name: SatThu4	 DelItem: HuyÒn ThiÕt KiÕm
11:05:12	 Account: lcduc297s4	Name: SatThu4	 DelItem: HuyÒn ThiÕt KiÕm
11:05:12	 Account: lcduc297s4	Name: SatThu4	 DelItem: HuyÒn ThiÕt KiÕm
11:05:12	 Account: lcduc297s4	Name: SatThu4	 DelItem: HuyÒn ThiÕt KiÕm
11:05:12	 Account: lcduc297s4	Name: SatThu4	 DelItem: HuyÒn ThiÕt KiÕm
11:05:21	 Account: lcduc297s4	Name: SatThu4	 DelItem: HuyÒn ThiÕt KiÕm
11:05:21	 Account: lcduc297s4	Name: SatThu4	 DelItem: HuyÒn ThiÕt KiÕm
11:05:21	 Account: lcduc297s4	Name: SatThu4	 DelItem: HuyÒn ThiÕt KiÕm
11:05:21	 Account: lcduc297s4	Name: SatThu4	 DelItem: HuyÒn ThiÕt KiÕm
11:05:21	 Account: lcduc297s4	Name: SatThu4	 DelItem: HuyÒn ThiÕt KiÕm
11:05:21	 Account: lcduc297s4	Name: SatThu4	 DelItem: HuyÒn ThiÕt KiÕm
11:05:36	 Account: lcduc297s1	Name: SatThu	 DelItem: HuyÒn ThiÕt KiÕm
11:05:36	 Account: lcduc297s1	Name: SatThu	 DelItem: HuyÒn ThiÕt KiÕm
11:05:36	 Account: lcduc297s1	Name: SatThu	 DelItem: HuyÒn ThiÕt KiÕm
11:05:36	 Account: lcduc297s1	Name: SatThu	 DelItem: HuyÒn ThiÕt KiÕm
11:05:36	 Account: lcduc297s1	Name: SatThu	 DelItem: HuyÒn ThiÕt KiÕm
11:05:36	 Account: lcduc297s1	Name: SatThu	 DelItem: HuyÒn ThiÕt KiÕm
11:05:45	 Account: lcduc297s1	Name: SatThu	 DelItem: HuyÒn ThiÕt KiÕm
11:05:45	 Account: lcduc297s1	Name: SatThu	 DelItem: HuyÒn ThiÕt KiÕm
11:05:45	 Account: lcduc297s1	Name: SatThu	 DelItem: HuyÒn ThiÕt KiÕm
11:06:58	 Account: lcduc297s1	Name: SatThu	 DelItem: V« §Þch ThÇn Vò Hån §ao 
11:06:58	 Account: lcduc297s1	Name: SatThu	 DelItem: HuyÒn ThiÕt KiÕm
11:06:58	 Account: lcduc297s1	Name: SatThu	 DelItem: HuyÒn ThiÕt KiÕm
11:06:58	 Account: lcduc297s1	Name: SatThu	 DelItem: HuyÒn ThiÕt KiÕm
11:06:58	 Account: lcduc297s1	Name: SatThu	 DelItem: HuyÒn ThiÕt KiÕm
11:07:08	 Account: lcduc297s1	Name: SatThu	 DelItem: Thiªn CÇm
11:09:29	 Account: lcduc297s1	Name: SatThu	 DelItem: V« §Þch ThÇn Vò Hån ThuÉn
11:10:08	 Account: lcduc297s1	Name: SatThu	 DelItem: LiÖt Thiªn TriÒn Thñ 
11:14:40	 Account: quangthaian9	Name: TrainÙ9	 DelItem: Kim Phong Thiªn Lý Th¶o Th­îng Phi
11:14:40	 Account: quangthaian9	Name: TrainÙ9	 DelItem: Kim Phong Lan §×nh Ngäc
11:14:40	 Account: quangthaian9	Name: TrainÙ9	 DelItem: Kim Phong HËu NghÖ dÉn cung
11:14:40	 Account: quangthaian9	Name: TrainÙ9	 DelItem: Kim Phong §o¹t Hån Ngäc ®¸i
11:14:40	 Account: quangthaian9	Name: TrainÙ9	 DelItem: Kim Phong Tr¹c Liªn Quang
11:14:40	 Account: quangthaian9	Name: TrainÙ9	 DelItem: Kim Phong Kú L©n HuyÕt
11:14:40	 Account: quangthaian9	Name: TrainÙ9	 DelItem: Kim Phong Thanh D­¬ng Kh«i
11:14:40	 Account: quangthaian9	Name: TrainÙ9	 DelItem: Toµn Th¹ch H¹ng Liªn
12:21:25	 Account: lcduc297a	Name: S¸tÙThÇn	 DelItem: Kim Phong Tr¹c Liªn Quang
12:22:30	 Account: zero9x1	Name: MaÙN÷Ù§aÙT×nh	 DelItem: Kim Phong §ång T­íc Xu©n Th©m
12:22:30	 Account: zero9x1	Name: MaÙN÷Ù§aÙT×nh	 DelItem: Kim Phong Thiªn Lý Th¶o Th­îng Phi
12:22:30	 Account: zero9x1	Name: MaÙN÷Ù§aÙT×nh	 DelItem: Kim Phong Lan §×nh Ngäc
12:22:30	 Account: zero9x1	Name: MaÙN÷Ù§aÙT×nh	 DelItem: Kim Phong HËu NghÖ dÉn cung
12:22:30	 Account: zero9x1	Name: MaÙN÷Ù§aÙT×nh	 DelItem: Kim Phong C«ng CÈn Tam Th¸n
12:22:30	 Account: zero9x1	Name: MaÙN÷Ù§aÙT×nh	 DelItem: Kim Phong Tr¹c Liªn Quang
12:29:26	 Account: sicola3	Name: C¸ÙLiaÙThia	 DelItem: Kim Phong §o¹t Hån Ngäc ®¸i
12:30:39	 Account: atulaku	Name: Atulaku	 DelItem: Khæng T­íc Linh
12:30:50	 Account: zero9x2	Name: Ù§écT×nh	 DelItem: Kim Phong Thanh D­¬ng Kh«i
12:30:50	 Account: zero9x2	Name: Ù§écT×nh	 DelItem: Kim Phong C«ng CÈn Tam Th¸n
12:30:50	 Account: zero9x2	Name: Ù§écT×nh	 DelItem: Kim Phong §ång T­íc Xu©n Th©m
12:31:02	 Account: sicola2	Name: C¸ÙThuûÙQu¸i	 DelItem: Kim Phong §o¹t Hån Ngäc ®¸i
12:31:21	 Account: sicola2	Name: C¸ÙThuûÙQu¸i	 DelItem: Kim Phong Tr¹c Liªn Quang
12:31:31	 Account: sicola2	Name: C¸ÙThuûÙQu¸i	 DelItem: Kim Phong HËu NghÖ dÉn cung
12:31:46	 Account: sicola2	Name: C¸ÙThuûÙQu¸i	 DelItem: Kim Phong Lan §×nh Ngäc
12:31:54	 Account: sicola2	Name: C¸ÙThuûÙQu¸i	 DelItem: Kim Phong §ång T­íc Xu©n Th©m
12:32:57	 Account: sicola3	Name: C¸ÙLiaÙThia	 DelItem: Kim Phong Thanh D­¬ng Kh«i
12:33:08	 Account: sicola3	Name: C¸ÙLiaÙThia	 DelItem: Kim Phong Kú L©n HuyÕt
12:33:56	 Account: sicola1	Name: C¸ÙLaÙH¸n	 DelItem: Kim Phong Kú L©n HuyÕt
12:34:07	 Account: sicola1	Name: C¸ÙLaÙH¸n	 DelItem: Kim Phong Thiªn Lý Th¶o Th­îng Phi
12:34:16	 Account: sicola1	Name: C¸ÙLaÙH¸n	 DelItem: Kim Phong HËu NghÖ dÉn cung
12:34:24	 Account: sicola1	Name: C¸ÙLaÙH¸n	 DelItem: Kim Phong §o¹t Hån Ngäc ®¸i
12:34:36	 Account: sicola1	Name: C¸ÙLaÙH¸n	 DelItem: Kim Phong C«ng CÈn Tam Th¸n
12:39:52	 Account: sicola3	Name: C¸ÙLiaÙThia	 DelItem: Kim Phong Lan §×nh Ngäc
12:39:59	 Account: sicola3	Name: C¸ÙLiaÙThia	 DelItem: Kim Phong HËu NghÖ dÉn cung
12:40:07	 Account: sicola3	Name: C¸ÙLiaÙThia	 DelItem: Kim Phong §ång T­íc Xu©n Th©m
12:40:12	 Account: sicola3	Name: C¸ÙLiaÙThia	 DelItem: Kim Phong C«ng CÈn Tam Th¸n
13:14:19	 Account: atulaku	Name: Atulaku	 DelItem: Kim Phong Thanh D­¬ng Kh«i
13:14:19	 Account: atulaku	Name: Atulaku	 DelItem: Kim Phong Kú L©n HuyÕt
13:14:19	 Account: atulaku	Name: Atulaku	 DelItem: Kim Phong Tr¹c Liªn Quang
13:14:19	 Account: atulaku	Name: Atulaku	 DelItem: Kim Phong §o¹t Hån Ngäc ®¸i
13:14:19	 Account: atulaku	Name: Atulaku	 DelItem: Kim Phong Thiªn Lý Th¶o Th­îng Phi
13:15:15	 Account: atulaku1	Name: Atula5D	 DelItem: §¹i Phong §ao
13:18:11	 Account: atulaku2	Name: AtulaTL	 DelItem: Kim C« Bæng
13:18:11	 Account: atulaku2	Name: AtulaTL	 DelItem: Kim Phong Thiªn Lý Th¶o Th­îng Phi
13:18:11	 Account: atulaku2	Name: AtulaTL	 DelItem: Kim Phong C«ng CÈn Tam Th¸n
13:18:11	 Account: atulaku2	Name: AtulaTL	 DelItem: Kim Phong Kú L©n HuyÕt
13:19:38	 Account: atulaku3	Name: AtulaMN	 DelItem: Kim Phong Thiªn Lý Th¶o Th­îng Phi
13:21:56	 Account: atulaku	Name: Atulaku	 DelItem: Kim Phong §ång T­íc Xu©n Th©m
13:31:59	 Account: duylinh3	Name: duylinh3	 DelItem: Kim Phong Tr¹c Liªn Quang
13:34:54	 Account: duylinh2	Name: huylinh02	 DelItem: §¹i Phong §ao
13:34:54	 Account: duylinh2	Name: huylinh02	 DelItem: HuyÒn ThiÕt KiÕm
13:34:54	 Account: duylinh2	Name: huylinh02	 DelItem: HuyÒn ThiÕt KiÕm
13:41:12	 Account: duylinh2	Name: huylinh02	 DelItem: Kim Phong Thiªn Lý Th¶o Th­îng Phi
13:41:12	 Account: duylinh2	Name: huylinh02	 DelItem: Kim Phong Kú L©n HuyÕt
13:41:12	 Account: duylinh2	Name: huylinh02	 DelItem: Kim Phong Thanh D­¬ng Kh«i
13:55:02	 Account: vuongvu22	Name: AÙKÙÙÙ	 DelItem: Kim Phong Kú L©n HuyÕt
14:14:20	 Account: duylinh4	Name: duylinh04	 DelItem: Kim Phong §ång T­íc Xu©n Th©m
14:14:20	 Account: duylinh4	Name: duylinh04	 DelItem: Kim Phong HËu NghÖ dÉn cung
14:14:20	 Account: duylinh4	Name: duylinh04	 DelItem: Kim Phong Thanh D­¬ng Kh«i
14:14:49	 Account: duylinh4	Name: duylinh04	 DelItem: Kim Phong Thiªn Lý Th¶o Th­îng Phi
14:17:44	 Account: duylinh4	Name: duylinh04	 DelItem: Kim Phong Tr¹c Liªn Quang
14:20:49	 Account: gaokojz2	Name: §­êngNguyÖtLiªn	 DelItem: Kim Phong §ång T­íc Xu©n Th©m
14:38:30	 Account: duylinh5	Name: duylinh05	 DelItem: Kim Phong §ång T­íc Xu©n Th©m
14:38:30	 Account: duylinh5	Name: duylinh05	 DelItem: Tóc S­¬ng
14:41:10	 Account: lcduc297a	Name: S¸tÙThÇn	 DelItem: Kim Phong Kú L©n HuyÕt
14:41:10	 Account: lcduc297a	Name: S¸tÙThÇn	 DelItem: YÓm NhËt kh«i
14:51:22	 Account: sicola1	Name: C¸ÙLaÙH¸n	 DelItem: Kim Phong Tr¹c Liªn Quang
14:51:28	 Account: sicola1	Name: C¸ÙLaÙH¸n	 DelItem: Kim Phong Lan §×nh Ngäc
14:52:06	 Account: lcduc297d	Name: S¸tÙ§Õ	 DelItem: Kim Phong Lan §×nh Ngäc
14:52:06	 Account: lcduc297d	Name: S¸tÙ§Õ	 DelItem: Kim Phong C«ng CÈn Tam Th¸n
14:52:06	 Account: lcduc297d	Name: S¸tÙ§Õ	 DelItem: Kim Phong Tr¹c Liªn Quang
14:52:25	 Account: sicola1	Name: C¸ÙLaÙH¸n	 DelItem: Kim Phong Thanh D­¬ng Kh«i
14:52:31	 Account: sicola1	Name: C¸ÙLaÙH¸n	 DelItem: Kim Phong §ång T­íc Xu©n Th©m
14:53:39	 Account: lcduc297d	Name: S¸tÙ§Õ	 DelItem: Kim Phong §ång T­íc Xu©n Th©m
14:53:39	 Account: lcduc297d	Name: S¸tÙ§Õ	 DelItem: Kim Phong §o¹t Hån Ngäc ®¸i
14:53:39	 Account: lcduc297d	Name: S¸tÙ§Õ	 DelItem: Kim Phong Kú L©n HuyÕt
14:53:39	 Account: lcduc297d	Name: S¸tÙ§Õ	 DelItem: Kim Phong HËu NghÖ dÉn cung
14:55:38	 Account: sicola3	Name: C¸ÙLiaÙThia	 DelItem: Kim Phong Tr¹c Liªn Quang
15:57:04	 Account: vugiang	Name: SieuToc	 DelItem: Kim Phong §o¹t Hån Ngäc ®¸i
15:57:04	 Account: vugiang	Name: SieuToc	 DelItem: Kim Phong Kú L©n HuyÕt
16:14:40	 Account: sicola3	Name: C¸ÙLiaÙThia	 DelItem: Kim Phong Thiªn Lý Th¶o Th­îng Phi
16:25:51	 Account: khanhkiop2	Name: ChicKenÙH¶i	 DelItem: Kim Phong Kú L©n HuyÕt
16:25:51	 Account: khanhkiop2	Name: ChicKenÙH¶i	 DelItem: Kim Phong Tr¹c Liªn Quang
16:27:23	 Account: ldtrieu3	Name: OKÙFineÙ3	 DelItem: Toµn Th¹ch Giíi ChØ
16:27:23	 Account: ldtrieu3	Name: OKÙFineÙ3	 DelItem: Kim Phong Tr¹c Liªn Quang
16:27:23	 Account: ldtrieu3	Name: OKÙFineÙ3	 DelItem: Kim Phong §ång T­íc Xu©n Th©m
16:36:31	 Account: luongtien3	Name: FapFapFap3	 DelItem: Kim Phong Thanh D­¬ng Kh«i
16:36:31	 Account: luongtien3	Name: FapFapFap3	 DelItem: Kim Phong §o¹t Hån Ngäc ®¸i
16:36:31	 Account: luongtien3	Name: FapFapFap3	 DelItem: Kim Phong Thiªn Lý Th¶o Th­îng Phi
16:38:14	 Account: luongtien	Name: FapFapFap	 DelItem: Kim Phong Thanh D­¬ng Kh«i
16:38:14	 Account: luongtien	Name: FapFapFap	 DelItem: Kim Phong Kú L©n HuyÕt
16:38:14	 Account: luongtien	Name: FapFapFap	 DelItem: Khæng T­íc Linh
16:38:25	 Account: luongtien1	Name: FapFapFap1	 DelItem: Kim Phong Thanh D­¬ng Kh«i
16:38:25	 Account: luongtien1	Name: FapFapFap1	 DelItem: Kim Phong Kú L©n HuyÕt
16:38:25	 Account: luongtien1	Name: FapFapFap1	 DelItem: Kim Phong §o¹t Hån Ngäc ®¸i
16:39:09	 Account: luongtien2	Name: FapFapFap2	 DelItem: Kim Phong Kú L©n HuyÕt
16:39:09	 Account: luongtien2	Name: FapFapFap2	 DelItem: Kim Phong §o¹t Hån Ngäc ®¸i
16:39:09	 Account: luongtien2	Name: FapFapFap2	 DelItem: Kim Phong Thiªn Lý Th¶o Th­îng Phi
16:41:33	 Account: shinichi81	Name: iiiClone81	 DelItem: §¹i Phong §ao
16:42:57	 Account: shinichi81	Name: iiiClone81	 DelItem: Tóc S­¬ng
16:43:18	 Account: 1	Name: fhdfgjgfj	 DelItem: HuyÒn ThiÕt KiÕm
16:43:18	 Account: 1	Name: fhdfgjgfj	 DelItem: Thiªn CÇm
16:48:11	 Account: ldtrieu2	Name: 0KÙFineÙ2	 DelItem: Tóc S­¬ng
16:48:56	 Account: ldtrieu2	Name: 0KÙFineÙ2	 DelItem: HuyÒn ThiÕt KiÕm
16:51:40	 Account: khanhkiop1	Name: H¶iÙChicken	 DelItem: [ Nguyªn So¸i ] chiÕn m·
16:52:40	 Account: khanhkiop1	Name: H¶iÙChicken	 DelItem: [ Nguyªn So¸i ] phi phong
16:54:39	 Account: thanh10	Name: §­êngÙTam	 DelItem: Khæng T­íc Linh
16:54:39	 Account: thanh10	Name: §­êngÙTam	 DelItem: Khæng T­íc Linh
16:54:51	 Account: ldtrieu2	Name: 0KÙFineÙ2	 DelItem: HuyÒn ThiÕt KiÕm
16:55:04	 Account: thanh10	Name: §­êngÙTam	 DelItem: Khæng T­íc Linh
16:55:12	 Account: duylinh10	Name: duylinh10	 DelItem: Kim Phong HËu NghÖ dÉn cung
16:55:12	 Account: duylinh10	Name: duylinh10	 DelItem: Kim Phong §o¹t Hån Ngäc ®¸i
16:55:12	 Account: duylinh10	Name: duylinh10	 DelItem: Kim Phong C«ng CÈn Tam Th¸n
16:55:37	 Account: thanh10	Name: §­êngÙTam	 DelItem: Khæng T­íc Linh
16:59:22	 Account: shinichi82	Name: iiiCLoneDM	 DelItem: Tóc S­¬ng
17:06:43	 Account: shinichi82	Name: iiiCLoneDM	 DelItem: Kim Phong Thanh D­¬ng Kh«i
17:06:43	 Account: shinichi82	Name: iiiCLoneDM	 DelItem: Kim Phong Kú L©n HuyÕt
17:11:08	 Account: ldtrieu4	Name: 0KÙFineÙ4	 DelItem: Kim Phong Lan §×nh Ngäc
17:13:50	 Account: shinichi83	Name: iiiHEOSUa	 DelItem: Tóc S­¬ng
17:23:55	 Account: gaokojz3	Name: H¾cNhiMuéi	 DelItem: Kim Phong §o¹t Hån Ngäc ®¸i
17:24:49	 Account: shinichi81	Name: iiiClone81	 DelItem: Kim Phong Tr¹c Liªn Quang
17:30:19	 Account: shinichi83	Name: iiiHEOSUa	 DelItem: Kim Phong Kú L©n HuyÕt
17:32:27	 Account: shinichi81	Name: iiiClone81	 DelItem: Kim Phong §o¹t Hån Ngäc ®¸i
17:36:09	 Account: shinichi81	Name: iiiClone81	 DelItem: Kim Phong Kú L©n HuyÕt
17:37:36	 Account: shinichi84	Name: iiiCLONe5D	 DelItem: Tóc S­¬ng
17:38:25	 Account: shinichi83	Name: iiiHEOSUa	 DelItem: Kim Phong §o¹t Hån Ngäc ®¸i
17:38:52	 Account: shinichi81	Name: iiiClone81	 DelItem: Kim Phong Thanh D­¬ng Kh«i
17:49:59	 Account: shinichi83	Name: iiiHEOSUa	 DelItem: HuyÒn ThiÕt KiÕm
17:54:44	 Account: shinichi82	Name: iiiCLoneDM	 DelItem: Kim Phong Thiªn Lý Th¶o Th­îng Phi
17:56:46	 Account: shinichi84	Name: iiiCLONe5D	 DelItem: Kim Phong Kú L©n HuyÕt
18:19:03	 Account: ldtrieu2	Name: 0KÙFineÙ2	 DelItem: Kim Phong HËu NghÖ dÉn cung
18:43:00	 Account: gaokojz3	Name: H¾cNhiMuéi	 DelItem: Kim Phong Kú L©n HuyÕt
19:20:00	 Account: vugiang1	Name: BossNo1	 DelItem: Kim Phong HËu NghÖ dÉn cung
19:20:00	 Account: vugiang1	Name: BossNo1	 DelItem: Bµn Nh­îc T©m Kinh
