01:28:42	 Account: okila12	Name: Okila12	 DelItem: Tiªn Th¶o Lé 
01:28:42	 Account: okila12	Name: Okila12	 DelItem: Phong V©n Phi Tèc hoµn
01:28:42	 Account: okila12	Name: Okila12	 DelItem: LÖnh bµi
01:28:42	 Account: okila12	Name: Okila12	 DelItem: ChiÕn cæ 
01:28:42	 Account: okila12	Name: Okila12	 DelItem: Kim Phong §ång T­íc Xu©n Th©m
01:28:42	 Account: okila12	Name: Okila12	 DelItem: Kim Phong C«ng CÈn Tam Th¸n
01:28:42	 Account: okila12	Name: Okila12	 DelItem: Tóc S­¬ng
01:28:42	 Account: okila12	Name: Okila12	 DelItem: R­¬ng vò khÝ xanh
01:28:42	 Account: okila12	Name: Okila12	 DelItem: Tói M¸u T©n Thñ
03:21:07	 Account: quangthaian	Name: S¸tÙThÇnÙ	 DelItem: [ Nguyªn So¸i ] quan Ên
03:21:32	 Account: quangthaian	Name: S¸tÙThÇnÙ	 DelItem: [ Nguyªn So¸i ] phi phong
03:31:21	 Account: okilaz3	Name: Okilax3	 DelItem: Kim Phong Thanh D­¬ng Kh«i
04:01:39	 Account: okila03	Name: Okila03	 DelItem: Kim Phong Tr¹c Liªn Quang
04:01:39	 Account: okila03	Name: Okila03	 DelItem: Tói M¸u T©n Thñ
04:03:08	 Account: okilaz3	Name: Okilax3	 DelItem: Tiªn Th¶o Lé 
04:03:08	 Account: okilaz3	Name: Okilax3	 DelItem: Phong V©n Phi Tèc hoµn
04:03:08	 Account: okilaz3	Name: Okilax3	 DelItem: LÖnh bµi
04:03:08	 Account: okilaz3	Name: Okilax3	 DelItem: ChiÕn cæ 
04:03:08	 Account: okilaz3	Name: Okilax3	 DelItem: Kim Phong C«ng CÈn Tam Th¸n
04:03:08	 Account: okilaz3	Name: Okilax3	 DelItem: R­¬ng vò khÝ xanh
04:03:08	 Account: okilaz3	Name: Okilax3	 DelItem: Tói M¸u T©n Thñ
04:04:51	 Account: okila12	Name: Okila12	 DelItem: Kim Phong Kú L©n HuyÕt
04:11:03	 Account: quangthaian1	Name: S¸tÙTh¸nh	 DelItem: [ Nguyªn So¸i ] chiÕn m·
04:21:07	 Account: xuanhung	Name: C«ÙG¸iÙ£Ù§ª	 DelItem: [ Nguyªn So¸i ] chiÕn m·
04:27:31	 Account: mapdaisoai3	Name: MËpMËpMËp	 DelItem: Kim Phong Thanh D­¬ng Kh«i
04:29:01	 Account: mapdaisoai	Name: MËp§¹iSo¸iÙ	 DelItem: Kim Phong Thanh D­¬ng Kh«i
04:29:32	 Account: mapdaisoai1	Name: 61B1Ù69196	 DelItem: Kim Phong Lan §×nh Ngäc
04:31:06	 Account: mapdaisoai3	Name: MËpMËpMËp	 DelItem: Kim Phong Lan §×nh Ngäc
04:31:06	 Account: mapdaisoai3	Name: MËpMËpMËp	 DelItem: Kim Phong HËu NghÖ dÉn cung
04:31:06	 Account: mapdaisoai3	Name: MËpMËpMËp	 DelItem: Kim Phong Tr¹c Liªn Quang
04:32:31	 Account: mapdaisoai3	Name: MËpMËpMËp	 DelItem: Kim Phong Thiªn Lý Th¶o Th­îng Phi
04:32:31	 Account: mapdaisoai3	Name: MËpMËpMËp	 DelItem: Kim Phong §o¹t Hån Ngäc ®¸i
04:33:20	 Account: mapdaisoai2	Name: LôcThiÕuGia	 DelItem: Kim Phong Thanh D­¬ng Kh«i
04:33:20	 Account: mapdaisoai2	Name: LôcThiÕuGia	 DelItem: Kim Phong Kú L©n HuyÕt
04:33:20	 Account: mapdaisoai2	Name: LôcThiÕuGia	 DelItem: Kim Phong §o¹t Hån Ngäc ®¸i
04:33:20	 Account: mapdaisoai2	Name: LôcThiÕuGia	 DelItem: Kim Phong Lan §×nh Ngäc
04:33:20	 Account: mapdaisoai2	Name: LôcThiÕuGia	 DelItem: Kim Phong Thiªn Lý Th¶o Th­îng Phi
04:33:39	 Account: mapdaisoai3	Name: MËpMËpMËp	 DelItem: Kim Phong §ång T­íc Xu©n Th©m
04:45:26	 Account: mapdaisoai2	Name: LôcThiÕuGia	 DelItem: Kim Phong C«ng CÈn Tam Th¸n
04:46:11	 Account: mapdaisoai	Name: MËp§¹iSo¸iÙ	 DelItem: Kim Phong Kú L©n HuyÕt
04:46:11	 Account: mapdaisoai	Name: MËp§¹iSo¸iÙ	 DelItem: Kim Phong Tr¹c Liªn Quang
04:46:11	 Account: mapdaisoai	Name: MËp§¹iSo¸iÙ	 DelItem: Kim Phong C«ng CÈn Tam Th¸n
04:46:11	 Account: mapdaisoai	Name: MËp§¹iSo¸iÙ	 DelItem: Kim Phong §o¹t Hån Ngäc ®¸i
04:46:11	 Account: mapdaisoai	Name: MËp§¹iSo¸iÙ	 DelItem: Kim Phong Lan §×nh Ngäc
04:46:29	 Account: mapdaisoai1	Name: 61B1Ù69196	 DelItem: Kim Phong Kú L©n HuyÕt
04:46:29	 Account: mapdaisoai1	Name: 61B1Ù69196	 DelItem: Kim Phong Tr¹c Liªn Quang
04:46:29	 Account: mapdaisoai1	Name: 61B1Ù69196	 DelItem: Kim Phong §o¹t Hån Ngäc ®¸i
04:46:29	 Account: mapdaisoai1	Name: 61B1Ù69196	 DelItem: Kim Phong HËu NghÖ dÉn cung
04:46:29	 Account: mapdaisoai1	Name: 61B1Ù69196	 DelItem: Kim Phong Thiªn Lý Th¶o Th­îng Phi
04:46:29	 Account: mapdaisoai1	Name: 61B1Ù69196	 DelItem: Kim Phong §ång T­íc Xu©n Th©m
04:46:57	 Account: okila13	Name: Okila13	 DelItem: Tiªn Th¶o Lé 
04:46:57	 Account: okila13	Name: Okila13	 DelItem: Phong V©n Phi Tèc hoµn
04:46:57	 Account: okila13	Name: Okila13	 DelItem: LÖnh bµi
04:46:57	 Account: okila13	Name: Okila13	 DelItem: ChiÕn cæ 
04:46:57	 Account: okila13	Name: Okila13	 DelItem: Kim Phong §ång T­íc Xu©n Th©m
04:46:57	 Account: okila13	Name: Okila13	 DelItem: Kim Phong Tr¹c Liªn Quang
04:46:57	 Account: okila13	Name: Okila13	 DelItem: Tóc S­¬ng
04:46:57	 Account: okila13	Name: Okila13	 DelItem: R­¬ng vò khÝ xanh
04:46:57	 Account: okila13	Name: Okila13	 DelItem: Tói M¸u T©n Thñ
04:49:33	 Account: quangthaian1	Name: S¸tÙTh¸nh	 DelItem: [ Nguyªn So¸i ] quan Ên
04:49:33	 Account: quangthaian1	Name: S¸tÙTh¸nh	 DelItem: [ Nguyªn So¸i ] trang søc
04:49:33	 Account: quangthaian1	Name: S¸tÙTh¸nh	 DelItem: [ Nguyªn So¸i ] mÆt n¹ [cÊp 1]
04:56:24	 Account: mapdaisoai3	Name: MËpMËpMËp	 DelItem: Kim Phong Kú L©n HuyÕt
06:14:29	 Account: okila12	Name: Okila12	 DelItem: Kim Phong Thanh D­¬ng Kh«i
06:17:28	 Account: okila13	Name: Okila13	 DelItem: Kim Phong Thiªn Lý Th¶o Th­îng Phi
06:52:24	 Account: volamkiemthu79	Name: SanBoss76	 DelItem: Khæng T­íc Linh
06:52:24	 Account: volamkiemthu79	Name: SanBoss76	 DelItem: Khæng T­íc Linh
06:52:24	 Account: volamkiemthu79	Name: SanBoss76	 DelItem: Khæng T­íc Linh
06:52:24	 Account: volamkiemthu79	Name: SanBoss76	 DelItem: Khæng T­íc Linh
06:52:24	 Account: volamkiemthu79	Name: SanBoss76	 DelItem: Khæng T­íc Linh
06:52:24	 Account: volamkiemthu79	Name: SanBoss76	 DelItem: Khæng T­íc Linh
06:52:35	 Account: volamkiemthu79	Name: SanBoss76	 DelItem: Khæng T­íc Linh
06:52:35	 Account: volamkiemthu79	Name: SanBoss76	 DelItem: Khæng T­íc Linh
06:53:29	 Account: volamkiemthu79	Name: SanBoss76	 DelItem: Khæng T­íc Linh
06:53:29	 Account: volamkiemthu79	Name: SanBoss76	 DelItem: Khæng T­íc Linh
08:22:23	 Account: okila13	Name: Okila13	 DelItem: Kim Phong §o¹t Hån Ngäc ®¸i
12:29:33	 Account: xuanhung3	Name: DMNVIP	 DelItem: Khæng T­íc Linh
13:48:17	 Account: thanh1	Name: H¾cÙHáa	 DelItem: Kim Phong Kú L©n HuyÕt
14:17:57	 Account: khacman2	Name: CayTien002	 DelItem: Kim Phong Tr¹c Liªn Quang
14:37:27	 Account: tuphuongmau2	Name: C¸ÙTra	 DelItem: Kim Phong Tr¹c Liªn Quang
14:50:11	 Account: vinagame	Name: ChocoPie	 DelItem: §¹i Phong §ao
14:50:11	 Account: vinagame	Name: ChocoPie	 DelItem: §¹i Phong §ao
14:50:11	 Account: vinagame	Name: ChocoPie	 DelItem: §¹i Phong §ao
14:50:11	 Account: vinagame	Name: ChocoPie	 DelItem: §¹i Phong §ao
14:50:11	 Account: vinagame	Name: ChocoPie	 DelItem: §¹i Phong §ao
15:37:23	 Account: thanh1	Name: BVLHÙ1	 DelItem: Khæng T­íc Linh
15:41:40	 Account: thanh1	Name: BVLHÙOoO	 DelItem: Kim Phong §ång T­íc Xu©n Th©m
15:41:40	 Account: thanh1	Name: BVLHÙOoO	 DelItem: Kim Phong Lan §×nh Ngäc
15:41:40	 Account: thanh1	Name: BVLHÙOoO	 DelItem: Kim Phong C«ng CÈn Tam Th¸n
15:41:40	 Account: thanh1	Name: BVLHÙOoO	 DelItem: Kim Phong Tr¹c Liªn Quang
16:04:09	 Account: thanh2	Name: H¾cÙMéc	 DelItem: Kim Phong §ång T­íc Xu©n Th©m
16:04:09	 Account: thanh2	Name: H¾cÙMéc	 DelItem: Kim Phong C«ng CÈn Tam Th¸n
16:35:42	 Account: thanh11	Name: ChÞÙThËpÙTam	 DelItem: HuyÒn ThiÕt KiÕm
21:59:24	 Account: vugiang	Name: SieuToc	 DelItem: Kim Phong C«ng CÈn Tam Th¸n
22:46:38	 Account: vugiang1	Name: SieuPham	 DelItem: Phong V©n Phi Tèc hoµn
22:46:38	 Account: vugiang1	Name: SieuPham	 DelItem: LÖnh bµi
22:46:38	 Account: vugiang1	Name: SieuPham	 DelItem: ChiÕn cæ 
