02:35:56	 Account: taochiai	Name: CuuKiemTY	 DelItem: [ Nguyªn So¸i ] mÆt n¹ [cÊp 9]
02:35:56	 Account: taochiai	Name: CuuKiemTY	 DelItem: [ Nguyªn So¸i ] mÆt n¹ [cÊp 8]
02:35:56	 Account: taochiai	Name: CuuKiemTY	 DelItem: [ Nguyªn So¸i ] mÆt n¹ [cÊp 7]
02:35:56	 Account: taochiai	Name: CuuKiemTY	 DelItem: [ Nguyªn So¸i ] mÆt n¹ [cÊp 6]
02:35:56	 Account: taochiai	Name: CuuKiemTY	 DelItem: [ Nguyªn So¸i ] mÆt n¹ [cÊp 5]
02:35:56	 Account: taochiai	Name: CuuKiemTY	 DelItem: [ Nguyªn So¸i ] mÆt n¹ [cÊp 4]
02:35:56	 Account: taochiai	Name: CuuKiemTY	 DelItem: [ Nguyªn So¸i ] mÆt n¹ [cÊp 3]
02:35:56	 Account: taochiai	Name: CuuKiemTY	 DelItem: [ Nguyªn So¸i ] mÆt n¹ [cÊp 2]
02:35:56	 Account: taochiai	Name: CuuKiemTY	 DelItem: [ Nguyªn So¸i ] mÆt n¹ [cÊp 1]
02:35:56	 Account: taochiai	Name: CuuKiemTY	 DelItem: [ Nguyªn So¸i ] quan Ên
02:35:56	 Account: taochiai	Name: CuuKiemTY	 DelItem: [ Nguyªn So¸i ] quan Ên
02:35:56	 Account: taochiai	Name: CuuKiemTY	 DelItem: [ Nguyªn So¸i ] quan Ên
02:35:56	 Account: taochiai	Name: CuuKiemTY	 DelItem: [ Nguyªn So¸i ] quan Ên
02:35:56	 Account: taochiai	Name: CuuKiemTY	 DelItem: [ Nguyªn So¸i ] quan Ên
02:35:56	 Account: taochiai	Name: CuuKiemTY	 DelItem: [ Nguyªn So¸i ] quan Ên
02:35:56	 Account: taochiai	Name: CuuKiemTY	 DelItem: [ Nguyªn So¸i ] quan Ên
02:35:56	 Account: taochiai	Name: CuuKiemTY	 DelItem: [ Nguyªn So¸i ] phi phong
02:35:56	 Account: taochiai	Name: CuuKiemTY	 DelItem: [ Nguyªn So¸i ] phi phong
02:35:56	 Account: taochiai	Name: CuuKiemTY	 DelItem: [ Nguyªn So¸i ] phi phong
02:35:56	 Account: taochiai	Name: CuuKiemTY	 DelItem: [ Nguyªn So¸i ] phi phong
02:35:56	 Account: taochiai	Name: CuuKiemTY	 DelItem: [ Nguyªn So¸i ] phi phong
02:35:56	 Account: taochiai	Name: CuuKiemTY	 DelItem: [ Nguyªn So¸i ] phi phong
02:37:39	 Account: taochiai	Name: CuuKiemTY	 DelItem: Lôc PhØ Thóy Hé Th©n phï 
02:37:39	 Account: taochiai	Name: CuuKiemTY	 DelItem: Lôc PhØ Thóy Hé Th©n phï 
02:37:39	 Account: taochiai	Name: CuuKiemTY	 DelItem: §¹i Phong §ao
02:37:39	 Account: taochiai	Name: CuuKiemTY	 DelItem: §¹i Phong §ao
02:37:46	 Account: taochiai	Name: CuuKiemTY	 DelItem: §¹i Phong §ao
02:37:46	 Account: taochiai	Name: CuuKiemTY	 DelItem: §¹i Phong §ao
02:37:46	 Account: taochiai	Name: CuuKiemTY	 DelItem: §¹i Phong §ao
02:37:46	 Account: taochiai	Name: CuuKiemTY	 DelItem: §¹i Phong §ao
02:37:46	 Account: taochiai	Name: CuuKiemTY	 DelItem: §¹i Phong §ao
02:37:46	 Account: taochiai	Name: CuuKiemTY	 DelItem: §¹i Phong §ao
02:38:04	 Account: taochiai	Name: CuuKiemTY	 DelItem: Lôc PhØ Thóy Hé Th©n phï 
02:38:04	 Account: taochiai	Name: CuuKiemTY	 DelItem: §¹i Phong §ao
02:39:35	 Account: taochiai	Name: CuuKiemTY	 DelItem: §¹i Phong §ao
02:39:35	 Account: taochiai	Name: CuuKiemTY	 DelItem: §¹i Phong §ao
02:39:35	 Account: taochiai	Name: CuuKiemTY	 DelItem: §¹i Phong §ao
02:39:35	 Account: taochiai	Name: CuuKiemTY	 DelItem: §¹i Phong §ao
02:39:35	 Account: taochiai	Name: CuuKiemTY	 DelItem: §¹i Phong §ao
02:39:35	 Account: taochiai	Name: CuuKiemTY	 DelItem: §¹i Phong §ao
02:39:45	 Account: taochiai	Name: CuuKiemTY	 DelItem: §¹i Phong §ao
02:39:45	 Account: taochiai	Name: CuuKiemTY	 DelItem: §¹i Phong §ao
02:39:45	 Account: taochiai	Name: CuuKiemTY	 DelItem: §¹i Phong §ao
02:39:45	 Account: taochiai	Name: CuuKiemTY	 DelItem: §¹i Phong §ao
02:39:45	 Account: taochiai	Name: CuuKiemTY	 DelItem: §¹i Phong §ao
02:43:26	 Account: gacngay04	Name: Test5D	 DelItem: Kim Phong Kú L©n HuyÕt
02:43:31	 Account: taochiai	Name: CuuKiemTY	 DelItem: Kim Phong Thanh D­¬ng Kh«i
02:43:46	 Account: gacngay04	Name: Test5D	 DelItem: Kim Phong Thanh D­¬ng Kh«i
02:44:10	 Account: taochiai	Name: CuuKiemTY	 DelItem: Kim Phong Thiªn Lı Th¶o Th­îng Phi
02:44:10	 Account: taochiai	Name: CuuKiemTY	 DelItem: Kim Phong Lan §×nh Ngäc
02:44:10	 Account: taochiai	Name: CuuKiemTY	 DelItem: Kim Phong HËu NghÖ dÉn cung
02:44:10	 Account: taochiai	Name: CuuKiemTY	 DelItem: Kim Phong §o¹t Hån Ngäc ®¸i
02:44:10	 Account: taochiai	Name: CuuKiemTY	 DelItem: Kim Phong C«ng CÈn Tam Th¸n
02:44:10	 Account: taochiai	Name: CuuKiemTY	 DelItem: Kim Phong Tr¹c Liªn Quang
02:44:10	 Account: taochiai	Name: CuuKiemTY	 DelItem: Kim Phong Kú L©n HuyÕt
02:46:52	 Account: gacngay03	Name: TestDMN	 DelItem: Kim Phong C«ng CÈn Tam Th¸n
02:46:52	 Account: gacngay03	Name: TestDMN	 DelItem: Kim Phong §o¹t Hån Ngäc ®¸i
02:46:52	 Account: gacngay03	Name: TestDMN	 DelItem: Kim Phong Thiªn Lı Th¶o Th­îng Phi
02:47:45	 Account: gacngay04	Name: Test5D	 DelItem: Kim Phong Tr¹c Liªn Quang
03:10:57	 Account: taochiai	Name: CuuKiemTY	 DelItem: [ Nguyªn So¸i ] chiÕn m·
03:10:57	 Account: taochiai	Name: CuuKiemTY	 DelItem: [ Nguyªn So¸i ] chiÕn m·
03:10:57	 Account: taochiai	Name: CuuKiemTY	 DelItem: [ Nguyªn So¸i ] chiÕn m·
03:11:05	 Account: taochiai	Name: CuuKiemTY	 DelItem: [ Nguyªn So¸i ] chiÕn m·
03:16:42	 Account: taochiai	Name: CuuKiemTY	 DelItem: Thõa Tiªn MËt (tiÓu) 
03:16:42	 Account: taochiai	Name: CuuKiemTY	 DelItem: Thõa Tiªn MËt (tiÓu) 
03:16:42	 Account: taochiai	Name: CuuKiemTY	 DelItem: Thõa Tiªn MËt (tiÓu) 
03:16:42	 Account: taochiai	Name: CuuKiemTY	 DelItem: Thõa Tiªn MËt (tiÓu) 
03:16:42	 Account: taochiai	Name: CuuKiemTY	 DelItem: Thõa Tiªn MËt (tiÓu) 
03:43:18	 Account: taochiai1	Name: sieudoc	 DelItem: Kim Phong Thiªn Lı Th¶o Th­îng Phi
03:43:18	 Account: taochiai1	Name: sieudoc	 DelItem: Kim Phong Lan §×nh Ngäc
03:43:18	 Account: taochiai1	Name: sieudoc	 DelItem: Kim Phong HËu NghÖ dÉn cung
03:43:18	 Account: taochiai1	Name: sieudoc	 DelItem: Kim Phong §o¹t Hån Ngäc ®¸i
03:43:18	 Account: taochiai1	Name: sieudoc	 DelItem: Kim Phong Tr¹c Liªn Quang
03:43:18	 Account: taochiai1	Name: sieudoc	 DelItem: Kim Phong Kú L©n HuyÕt
03:43:18	 Account: taochiai1	Name: sieudoc	 DelItem: Tóc S­¬ng
03:43:30	 Account: taochiai1	Name: sieudoc	 DelItem: Kim Phong §ång T­íc Xu©n Th©m
03:43:30	 Account: taochiai1	Name: sieudoc	 DelItem: Kim Phong C«ng CÈn Tam Th¸n
03:43:30	 Account: taochiai1	Name: sieudoc	 DelItem: Kim Phong Thanh D­¬ng Kh«i
03:44:22	 Account: taochiai1	Name: sieudoc	 DelItem: [ Nguyªn So¸i ] chiÕn m·
03:44:22	 Account: taochiai1	Name: sieudoc	 DelItem: [ Nguyªn So¸i ] chiÕn m·
03:44:22	 Account: taochiai1	Name: sieudoc	 DelItem: [ Nguyªn So¸i ] chiÕn m·
04:17:11	 Account: gacngay03	Name: TestDMN	 DelItem: [ Nguyªn So¸i ] quan Ên
04:24:39	 Account: snkcctv	Name: §écÙC«ÙPhong	 DelItem: Kim Phong §ång T­íc Xu©n Th©m
04:24:39	 Account: snkcctv	Name: §écÙC«ÙPhong	 DelItem: Kim Phong Lan §×nh Ngäc
04:24:39	 Account: snkcctv	Name: §écÙC«ÙPhong	 DelItem: Kim Phong HËu NghÖ dÉn cung
04:24:39	 Account: snkcctv	Name: §écÙC«ÙPhong	 DelItem: Kim Phong §o¹t Hån Ngäc ®¸i
04:24:39	 Account: snkcctv	Name: §écÙC«ÙPhong	 DelItem: Kim Phong Tr¹c Liªn Quang
04:24:39	 Account: snkcctv	Name: §écÙC«ÙPhong	 DelItem: Kim Phong Kú L©n HuyÕt
04:24:39	 Account: snkcctv	Name: §écÙC«ÙPhong	 DelItem: Kim Phong Thanh D­¬ng Kh«i
04:25:21	 Account: snkcctv	Name: §écÙC«ÙPhong	 DelItem: [ Nguyªn So¸i ] mÆt n¹ [cÊp 9]
04:25:21	 Account: snkcctv	Name: §écÙC«ÙPhong	 DelItem: [ Nguyªn So¸i ] mÆt n¹ [cÊp 8]
04:25:21	 Account: snkcctv	Name: §écÙC«ÙPhong	 DelItem: [ Nguyªn So¸i ] mÆt n¹ [cÊp 7]
04:25:21	 Account: snkcctv	Name: §écÙC«ÙPhong	 DelItem: [ Nguyªn So¸i ] mÆt n¹ [cÊp 6]
04:25:21	 Account: snkcctv	Name: §écÙC«ÙPhong	 DelItem: [ Nguyªn So¸i ] mÆt n¹ [cÊp 5]
04:25:21	 Account: snkcctv	Name: §écÙC«ÙPhong	 DelItem: [ Nguyªn So¸i ] mÆt n¹ [cÊp 4]
04:25:21	 Account: snkcctv	Name: §écÙC«ÙPhong	 DelItem: [ Nguyªn So¸i ] mÆt n¹ [cÊp 3]
04:25:21	 Account: snkcctv	Name: §écÙC«ÙPhong	 DelItem: [ Nguyªn So¸i ] mÆt n¹ [cÊp 2]
04:25:21	 Account: snkcctv	Name: §écÙC«ÙPhong	 DelItem: [ Nguyªn So¸i ] mÆt n¹ [cÊp 1]
04:25:21	 Account: snkcctv	Name: §écÙC«ÙPhong	 DelItem: Kim Phong Thiªn Lı Th¶o Th­îng Phi
04:25:21	 Account: snkcctv	Name: §écÙC«ÙPhong	 DelItem: Tóc S­¬ng
04:42:26	 Account: snkcctv	Name: §écÙC«ÙPhong	 DelItem: [ Nguyªn So¸i ] chiÕn m·
04:50:55	 Account: taochiai1	Name: sieudoc	 DelItem: [ Nguyªn So¸i ] chiÕn m·
04:50:55	 Account: taochiai1	Name: sieudoc	 DelItem: [ Nguyªn So¸i ] chiÕn m·
04:50:55	 Account: taochiai1	Name: sieudoc	 DelItem: [ Nguyªn So¸i ] chiÕn m·
04:51:14	 Account: taochiai1	Name: sieudoc	 DelItem: Tói M¸u T©n Thñ
04:51:14	 Account: taochiai1	Name: sieudoc	 DelItem: [ Nguyªn So¸i ] chiÕn m·
04:51:14	 Account: taochiai1	Name: sieudoc	 DelItem: [ Nguyªn So¸i ] chiÕn m·
04:51:14	 Account: taochiai1	Name: sieudoc	 DelItem: [ Nguyªn So¸i ] chiÕn m·
04:52:18	 Account: taochiai1	Name: sieudoc	 DelItem: [ Nguyªn So¸i ] phi phong
04:52:18	 Account: taochiai1	Name: sieudoc	 DelItem: [ Nguyªn So¸i ] phi phong
04:52:18	 Account: taochiai1	Name: sieudoc	 DelItem: [ Nguyªn So¸i ] phi phong
04:52:18	 Account: taochiai1	Name: sieudoc	 DelItem: [ Nguyªn So¸i ] phi phong
04:52:18	 Account: taochiai1	Name: sieudoc	 DelItem: [ Nguyªn So¸i ] phi phong
04:52:18	 Account: taochiai1	Name: sieudoc	 DelItem: [ Nguyªn So¸i ] phi phong
04:52:18	 Account: taochiai1	Name: sieudoc	 DelItem: [ Nguyªn So¸i ] quan Ên
04:52:18	 Account: taochiai1	Name: sieudoc	 DelItem: [ Nguyªn So¸i ] quan Ên
04:52:18	 Account: taochiai1	Name: sieudoc	 DelItem: [ Nguyªn So¸i ] quan Ên
04:52:18	 Account: taochiai1	Name: sieudoc	 DelItem: [ Nguyªn So¸i ] quan Ên
04:52:18	 Account: taochiai1	Name: sieudoc	 DelItem: [ Nguyªn So¸i ] quan Ên
04:52:18	 Account: taochiai1	Name: sieudoc	 DelItem: [ Nguyªn So¸i ] quan Ên
04:52:18	 Account: taochiai1	Name: sieudoc	 DelItem: [ Nguyªn So¸i ] quan Ên
04:52:18	 Account: taochiai1	Name: sieudoc	 DelItem: [ Nguyªn So¸i ] quan Ên
04:52:18	 Account: taochiai1	Name: sieudoc	 DelItem: [ Nguyªn So¸i ] quan Ên
04:52:18	 Account: taochiai1	Name: sieudoc	 DelItem: [ Nguyªn So¸i ] mÆt n¹ [cÊp 9]
04:52:18	 Account: taochiai1	Name: sieudoc	 DelItem: [ Nguyªn So¸i ] mÆt n¹ [cÊp 8]
04:52:18	 Account: taochiai1	Name: sieudoc	 DelItem: [ Nguyªn So¸i ] mÆt n¹ [cÊp 7]
04:52:18	 Account: taochiai1	Name: sieudoc	 DelItem: [ Nguyªn So¸i ] mÆt n¹ [cÊp 6]
04:52:18	 Account: taochiai1	Name: sieudoc	 DelItem: [ Nguyªn So¸i ] mÆt n¹ [cÊp 5]
04:52:18	 Account: taochiai1	Name: sieudoc	 DelItem: [ Nguyªn So¸i ] mÆt n¹ [cÊp 4]
04:52:18	 Account: taochiai1	Name: sieudoc	 DelItem: [ Nguyªn So¸i ] mÆt n¹ [cÊp 3]
04:52:18	 Account: taochiai1	Name: sieudoc	 DelItem: [ Nguyªn So¸i ] mÆt n¹ [cÊp 2]
04:52:18	 Account: taochiai1	Name: sieudoc	 DelItem: [ Nguyªn So¸i ] mÆt n¹ [cÊp 1]
04:52:28	 Account: taochiai1	Name: sieudoc	 DelItem: [ Nguyªn So¸i ] trang søc
04:52:28	 Account: taochiai1	Name: sieudoc	 DelItem: [ Nguyªn So¸i ] trang søc
04:52:28	 Account: taochiai1	Name: sieudoc	 DelItem: [ Nguyªn So¸i ] trang søc
04:52:28	 Account: taochiai1	Name: sieudoc	 DelItem: [ Nguyªn So¸i ] trang søc
04:52:28	 Account: taochiai1	Name: sieudoc	 DelItem: [ Nguyªn So¸i ] trang søc
04:52:28	 Account: taochiai1	Name: sieudoc	 DelItem: [ Nguyªn So¸i ] trang søc
04:52:28	 Account: taochiai1	Name: sieudoc	 DelItem: [ Nguyªn So¸i ] trang søc
04:52:28	 Account: taochiai1	Name: sieudoc	 DelItem: [ Nguyªn So¸i ] trang søc
04:52:28	 Account: taochiai1	Name: sieudoc	 DelItem: [ Nguyªn So¸i ] trang søc
04:52:28	 Account: taochiai1	Name: sieudoc	 DelItem: [ Nguyªn So¸i ] phi phong
04:52:28	 Account: taochiai1	Name: sieudoc	 DelItem: [ Nguyªn So¸i ] phi phong
04:52:28	 Account: taochiai1	Name: sieudoc	 DelItem: [ Nguyªn So¸i ] phi phong
05:00:16	 Account: taochiai1	Name: sieudoc	 DelItem: Phong V©n Phi Tèc hoµn
05:00:16	 Account: taochiai1	Name: sieudoc	 DelItem: [ Nguyªn So¸i ] quan Ên
05:00:16	 Account: taochiai1	Name: sieudoc	 DelItem: LÖnh bµi
05:00:16	 Account: taochiai1	Name: sieudoc	 DelItem: QuÕ Hoa Töu
05:07:41	 Account: vugiang2	Name: SanBossa	 DelItem: Tóc S­¬ng
05:09:41	 Account: vugiang2	Name: SanBossa	 DelItem: Kim Phong HËu NghÖ dÉn cung
05:15:55	 Account: vugiang2	Name: SanBossa	 DelItem: Cöu TiÕt X­¬ng VÜ Ngoa
05:18:00	 Account: 29thienma	Name: ThiªnMa	 DelItem: Kim Phong Thiªn Lı Th¶o Th­îng Phi
05:18:00	 Account: 29thienma	Name: ThiªnMa	 DelItem: Kim Phong HËu NghÖ dÉn cung
05:18:00	 Account: 29thienma	Name: ThiªnMa	 DelItem: Kim Phong §o¹t Hån Ngäc ®¸i
05:18:00	 Account: 29thienma	Name: ThiªnMa	 DelItem: Kim Phong Kú L©n HuyÕt
05:18:00	 Account: 29thienma	Name: ThiªnMa	 DelItem: Kim Phong Thanh D­¬ng Kh«i
05:18:54	 Account: vugiang2	Name: SanBossa	 DelItem: Kim Phong §o¹t Hån Ngäc ®¸i
05:30:37	 Account: 29thienma	Name: ThiªnMa	 DelItem: Tóc S­¬ng
05:43:40	 Account: 29thienma	Name: ThiªnMa	 DelItem: Kim Phong Tr¹c Liªn Quang
05:46:13	 Account: vugiang2	Name: SanBossa	 DelItem: [ Nguyªn So¸i ] mÆt n¹ [cÊp 6]
05:46:13	 Account: vugiang2	Name: SanBossa	 DelItem: [ Nguyªn So¸i ] mÆt n¹ [cÊp 5]
05:46:13	 Account: vugiang2	Name: SanBossa	 DelItem: [ Nguyªn So¸i ] mÆt n¹ [cÊp 4]
05:46:13	 Account: vugiang2	Name: SanBossa	 DelItem: [ Nguyªn So¸i ] mÆt n¹ [cÊp 3]
05:46:13	 Account: vugiang2	Name: SanBossa	 DelItem: [ Nguyªn So¸i ] mÆt n¹ [cÊp 2]
05:46:13	 Account: vugiang2	Name: SanBossa	 DelItem: [ Nguyªn So¸i ] trang søc
05:46:13	 Account: vugiang2	Name: SanBossa	 DelItem: [ Nguyªn So¸i ] trang søc
05:46:13	 Account: vugiang2	Name: SanBossa	 DelItem: [ Nguyªn So¸i ] trang søc
05:46:13	 Account: vugiang2	Name: SanBossa	 DelItem: [ Nguyªn So¸i ] trang søc
05:46:13	 Account: vugiang2	Name: SanBossa	 DelItem: [ Nguyªn So¸i ] trang søc
05:46:13	 Account: vugiang2	Name: SanBossa	 DelItem: [ Nguyªn So¸i ] trang søc
05:46:13	 Account: vugiang2	Name: SanBossa	 DelItem: [ Nguyªn So¸i ] phi phong
05:46:13	 Account: vugiang2	Name: SanBossa	 DelItem: [ Nguyªn So¸i ] phi phong
05:46:13	 Account: vugiang2	Name: SanBossa	 DelItem: [ Nguyªn So¸i ] phi phong
05:46:13	 Account: vugiang2	Name: SanBossa	 DelItem: [ Nguyªn So¸i ] phi phong
05:46:13	 Account: vugiang2	Name: SanBossa	 DelItem: [ Nguyªn So¸i ] phi phong
05:46:13	 Account: vugiang2	Name: SanBossa	 DelItem: [ Nguyªn So¸i ] phi phong
05:46:13	 Account: vugiang2	Name: SanBossa	 DelItem: [ Nguyªn So¸i ] quan Ên
05:46:13	 Account: vugiang2	Name: SanBossa	 DelItem: [ Nguyªn So¸i ] quan Ên
05:46:13	 Account: vugiang2	Name: SanBossa	 DelItem: [ Nguyªn So¸i ] quan Ên
05:46:13	 Account: vugiang2	Name: SanBossa	 DelItem: [ Nguyªn So¸i ] quan Ên
05:46:13	 Account: vugiang2	Name: SanBossa	 DelItem: [ Nguyªn So¸i ] quan Ên
05:46:13	 Account: vugiang2	Name: SanBossa	 DelItem: [ Nguyªn So¸i ] quan Ên
05:46:13	 Account: vugiang2	Name: SanBossa	 DelItem: [ Nguyªn So¸i ] quan Ên
05:46:56	 Account: vugiang2	Name: SanBossa	 DelItem: [ Nguyªn So¸i ] mÆt n¹ [cÊp 9]
05:46:56	 Account: vugiang2	Name: SanBossa	 DelItem: [ Nguyªn So¸i ] mÆt n¹ [cÊp 8]
05:46:56	 Account: vugiang2	Name: SanBossa	 DelItem: [ Nguyªn So¸i ] mÆt n¹ [cÊp 7]
05:46:56	 Account: vugiang2	Name: SanBossa	 DelItem: [ Nguyªn So¸i ] mÆt n¹ [cÊp 1]
05:46:56	 Account: vugiang2	Name: SanBossa	 DelItem: [ Nguyªn So¸i ] trang søc
05:46:56	 Account: vugiang2	Name: SanBossa	 DelItem: [ Nguyªn So¸i ] trang søc
05:46:56	 Account: vugiang2	Name: SanBossa	 DelItem: [ Nguyªn So¸i ] trang søc
05:46:56	 Account: vugiang2	Name: SanBossa	 DelItem: [ Nguyªn So¸i ] phi phong
05:46:56	 Account: vugiang2	Name: SanBossa	 DelItem: [ Nguyªn So¸i ] phi phong
05:46:56	 Account: vugiang2	Name: SanBossa	 DelItem: [ Nguyªn So¸i ] phi phong
05:46:56	 Account: vugiang2	Name: SanBossa	 DelItem: [ Nguyªn So¸i ] quan Ên
05:46:56	 Account: vugiang2	Name: SanBossa	 DelItem: [ Nguyªn So¸i ] quan Ên
05:46:56	 Account: vugiang2	Name: SanBossa	 DelItem: [ Nguyªn So¸i ] phi phong
05:46:56	 Account: vugiang2	Name: SanBossa	 DelItem: [ Nguyªn So¸i ] trang søc
05:46:56	 Account: vugiang2	Name: SanBossa	 DelItem: [ Nguyªn So¸i ] quan Ên
05:57:22	 Account: hieuphan	Name: DiepCoThanh	 DelItem: Kim Phong Tr¹c Liªn Quang
05:59:45	 Account: hieuphan	Name: DiepCoThanh	 DelItem: Kim Phong HËu NghÖ dÉn cung
07:16:30	 Account: taochi	Name: KiemVoTinh	 DelItem: Kim Phong §ång T­íc Xu©n Th©m
07:16:30	 Account: taochi	Name: KiemVoTinh	 DelItem: Kim Phong Lan §×nh Ngäc
07:16:30	 Account: taochi	Name: KiemVoTinh	 DelItem: Kim Phong §o¹t Hån Ngäc ®¸i
07:16:30	 Account: taochi	Name: KiemVoTinh	 DelItem: Kim Phong C«ng CÈn Tam Th¸n
07:16:30	 Account: taochi	Name: KiemVoTinh	 DelItem: Kim Phong Tr¹c Liªn Quang
07:16:30	 Account: taochi	Name: KiemVoTinh	 DelItem: Kim Phong Kú L©n HuyÕt
07:16:30	 Account: taochi	Name: KiemVoTinh	 DelItem: Tóc S­¬ng
07:16:30	 Account: taochi	Name: KiemVoTinh	 DelItem: T©n Thñ Giíi ChØ
07:16:41	 Account: taochi	Name: KiemVoTinh	 DelItem: Kim Phong Thiªn Lı Th¶o Th­îng Phi
07:16:41	 Account: taochi	Name: KiemVoTinh	 DelItem: Kim Phong HËu NghÖ dÉn cung
07:16:41	 Account: taochi	Name: KiemVoTinh	 DelItem: Kim Phong Thanh D­¬ng Kh«i
07:19:12	 Account: taochi	Name: KiemVoTinh	 DelItem: [ Nguyªn So¸i ] mÆt n¹ [cÊp 9]
07:19:12	 Account: taochi	Name: KiemVoTinh	 DelItem: [ Nguyªn So¸i ] mÆt n¹ [cÊp 8]
07:19:12	 Account: taochi	Name: KiemVoTinh	 DelItem: [ Nguyªn So¸i ] mÆt n¹ [cÊp 7]
07:19:12	 Account: taochi	Name: KiemVoTinh	 DelItem: [ Nguyªn So¸i ] mÆt n¹ [cÊp 6]
07:19:12	 Account: taochi	Name: KiemVoTinh	 DelItem: [ Nguyªn So¸i ] mÆt n¹ [cÊp 5]
07:19:12	 Account: taochi	Name: KiemVoTinh	 DelItem: [ Nguyªn So¸i ] mÆt n¹ [cÊp 4]
07:19:12	 Account: taochi	Name: KiemVoTinh	 DelItem: [ Nguyªn So¸i ] mÆt n¹ [cÊp 3]
07:19:12	 Account: taochi	Name: KiemVoTinh	 DelItem: [ Nguyªn So¸i ] mÆt n¹ [cÊp 2]
07:19:12	 Account: taochi	Name: KiemVoTinh	 DelItem: [ Nguyªn So¸i ] mÆt n¹ [cÊp 1]
08:25:18	 Account: duylinh3	Name: wqeewq	 DelItem: Kim Phong §ång T­íc Xu©n Th©m
08:25:18	 Account: duylinh3	Name: wqeewq	 DelItem: Kim Phong Thiªn Lı Th¶o Th­îng Phi
08:25:18	 Account: duylinh3	Name: wqeewq	 DelItem: Kim Phong Lan §×nh Ngäc
08:25:18	 Account: duylinh3	Name: wqeewq	 DelItem: Kim Phong HËu NghÖ dÉn cung
08:25:18	 Account: duylinh3	Name: wqeewq	 DelItem: Kim Phong §o¹t Hån Ngäc ®¸i
08:25:18	 Account: duylinh3	Name: wqeewq	 DelItem: Kim Phong C«ng CÈn Tam Th¸n
08:25:18	 Account: duylinh3	Name: wqeewq	 DelItem: Kim Phong Tr¹c Liªn Quang
08:25:18	 Account: duylinh3	Name: wqeewq	 DelItem: Kim Phong Kú L©n HuyÕt
08:25:18	 Account: duylinh3	Name: wqeewq	 DelItem: Kim Phong Thanh D­¬ng Kh«i
08:36:40	 Account: duylinh3	Name: wqeewq	 DelItem: [ Nguyªn So¸i ] mÆt n¹ [cÊp 1]
08:36:40	 Account: duylinh3	Name: wqeewq	 DelItem: [ Nguyªn So¸i ] phi phong
08:36:40	 Account: duylinh3	Name: wqeewq	 DelItem: [ Nguyªn So¸i ] trang søc
08:36:40	 Account: duylinh3	Name: wqeewq	 DelItem: [ Nguyªn So¸i ] quan Ên
08:36:40	 Account: duylinh3	Name: wqeewq	 DelItem: [ Nguyªn So¸i ] chiÕn m·
08:43:37	 Account: duylinh3	Name: wqeewq	 DelItem: Phong V©n Phi Tèc hoµn
08:43:37	 Account: duylinh3	Name: wqeewq	 DelItem: LÖnh bµi
08:43:37	 Account: duylinh3	Name: wqeewq	 DelItem: ChiÕn cæ 
09:26:30	 Account: taochi	Name: KiemVoDau	 DelItem: Kim Phong §ång T­íc Xu©n Th©m
09:26:30	 Account: taochi	Name: KiemVoDau	 DelItem: Kim Phong Thiªn Lı Th¶o Th­îng Phi
09:26:30	 Account: taochi	Name: KiemVoDau	 DelItem: Kim Phong Lan §×nh Ngäc
09:26:30	 Account: taochi	Name: KiemVoDau	 DelItem: Kim Phong HËu NghÖ dÉn cung
09:26:30	 Account: taochi	Name: KiemVoDau	 DelItem: Kim Phong C«ng CÈn Tam Th¸n
09:26:30	 Account: taochi	Name: KiemVoDau	 DelItem: Kim Phong Kú L©n HuyÕt
09:26:30	 Account: taochi	Name: KiemVoDau	 DelItem: Kim Phong Thanh D­¬ng Kh«i
09:26:41	 Account: taochi	Name: KiemVoDau	 DelItem: Kim Phong §o¹t Hån Ngäc ®¸i
09:26:41	 Account: taochi	Name: KiemVoDau	 DelItem: Kim Phong Tr¹c Liªn Quang
09:26:41	 Account: taochi	Name: KiemVoDau	 DelItem: Tóc S­¬ng
09:34:14	 Account: taochi	Name: KiemVoDau	 DelItem: [ Nguyªn So¸i ] mÆt n¹ [cÊp 9]
09:34:14	 Account: taochi	Name: KiemVoDau	 DelItem: [ Nguyªn So¸i ] mÆt n¹ [cÊp 8]
09:34:14	 Account: taochi	Name: KiemVoDau	 DelItem: [ Nguyªn So¸i ] mÆt n¹ [cÊp 7]
09:34:14	 Account: taochi	Name: KiemVoDau	 DelItem: [ Nguyªn So¸i ] mÆt n¹ [cÊp 6]
09:34:14	 Account: taochi	Name: KiemVoDau	 DelItem: [ Nguyªn So¸i ] mÆt n¹ [cÊp 5]
09:34:14	 Account: taochi	Name: KiemVoDau	 DelItem: [ Nguyªn So¸i ] mÆt n¹ [cÊp 4]
09:34:14	 Account: taochi	Name: KiemVoDau	 DelItem: [ Nguyªn So¸i ] mÆt n¹ [cÊp 3]
09:34:14	 Account: taochi	Name: KiemVoDau	 DelItem: [ Nguyªn So¸i ] mÆt n¹ [cÊp 2]
09:34:14	 Account: taochi	Name: KiemVoDau	 DelItem: [ Nguyªn So¸i ] mÆt n¹ [cÊp 1]
09:34:47	 Account: taochi	Name: KiemVoDau	 DelItem: [ Nguyªn So¸i ] chiÕn m·
09:34:47	 Account: taochi	Name: KiemVoDau	 DelItem: [ Nguyªn So¸i ] chiÕn m·
09:34:47	 Account: taochi	Name: KiemVoDau	 DelItem: [ Nguyªn So¸i ] chiÕn m·
09:40:21	 Account: vuongvu11	Name: BBBBSSSS	 DelItem: [ Nguyªn So¸i ] chiÕn m·
09:40:21	 Account: vuongvu11	Name: BBBBSSSS	 DelItem: [ Nguyªn So¸i ] quan Ên
09:40:21	 Account: vuongvu11	Name: BBBBSSSS	 DelItem: Tóc S­¬ng
10:07:30	 Account: chipl17	Name: ConCuaCun	 DelItem: Tóc S­¬ng
10:31:07	 Account: taochiai2	Name: cuukiemNM	 DelItem: Kim Phong §ång T­íc Xu©n Th©m
10:31:07	 Account: taochiai2	Name: cuukiemNM	 DelItem: Kim Phong Thiªn Lı Th¶o Th­îng Phi
10:31:07	 Account: taochiai2	Name: cuukiemNM	 DelItem: Kim Phong HËu NghÖ dÉn cung
10:31:07	 Account: taochiai2	Name: cuukiemNM	 DelItem: Kim Phong §o¹t Hån Ngäc ®¸i
10:31:07	 Account: taochiai2	Name: cuukiemNM	 DelItem: Kim Phong Tr¹c Liªn Quang
10:31:07	 Account: taochiai2	Name: cuukiemNM	 DelItem: Kim Phong Kú L©n HuyÕt
10:31:07	 Account: taochiai2	Name: cuukiemNM	 DelItem: Tóc S­¬ng
10:31:07	 Account: taochiai2	Name: cuukiemNM	 DelItem: Tói M¸u T©n Thñ
10:31:17	 Account: taochiai2	Name: cuukiemNM	 DelItem: Kim Phong Lan §×nh Ngäc
10:31:17	 Account: taochiai2	Name: cuukiemNM	 DelItem: Kim Phong C«ng CÈn Tam Th¸n
10:31:17	 Account: taochiai2	Name: cuukiemNM	 DelItem: Kim Phong Thanh D­¬ng Kh«i
10:32:12	 Account: taochiai2	Name: cuukiemNM	 DelItem: [ Nguyªn So¸i ] chiÕn m·
10:32:12	 Account: taochiai2	Name: cuukiemNM	 DelItem: [ Nguyªn So¸i ] chiÕn m·
10:32:12	 Account: taochiai2	Name: cuukiemNM	 DelItem: [ Nguyªn So¸i ] chiÕn m·
10:32:23	 Account: taochiai2	Name: cuukiemNM	 DelItem: [ Nguyªn So¸i ] chiÕn m·
10:32:23	 Account: taochiai2	Name: cuukiemNM	 DelItem: [ Nguyªn So¸i ] chiÕn m·
10:32:23	 Account: taochiai2	Name: cuukiemNM	 DelItem: [ Nguyªn So¸i ] chiÕn m·
10:32:36	 Account: taochiai2	Name: cuukiemNM	 DelItem: [ Nguyªn So¸i ] chiÕn m·
10:32:36	 Account: taochiai2	Name: cuukiemNM	 DelItem: [ Nguyªn So¸i ] chiÕn m·
10:32:36	 Account: taochiai2	Name: cuukiemNM	 DelItem: [ Nguyªn So¸i ] chiÕn m·
10:33:17	 Account: taochiai2	Name: cuukiemNM	 DelItem: [ Nguyªn So¸i ] trang søc
10:33:17	 Account: taochiai2	Name: cuukiemNM	 DelItem: [ Nguyªn So¸i ] trang søc
10:33:17	 Account: taochiai2	Name: cuukiemNM	 DelItem: [ Nguyªn So¸i ] trang søc
10:33:17	 Account: taochiai2	Name: cuukiemNM	 DelItem: [ Nguyªn So¸i ] trang søc
10:33:17	 Account: taochiai2	Name: cuukiemNM	 DelItem: [ Nguyªn So¸i ] trang søc
10:33:17	 Account: taochiai2	Name: cuukiemNM	 DelItem: [ Nguyªn So¸i ] trang søc
10:33:17	 Account: taochiai2	Name: cuukiemNM	 DelItem: [ Nguyªn So¸i ] quan Ên
10:33:17	 Account: taochiai2	Name: cuukiemNM	 DelItem: [ Nguyªn So¸i ] quan Ên
10:33:17	 Account: taochiai2	Name: cuukiemNM	 DelItem: [ Nguyªn So¸i ] quan Ên
10:33:17	 Account: taochiai2	Name: cuukiemNM	 DelItem: [ Nguyªn So¸i ] quan Ên
10:33:17	 Account: taochiai2	Name: cuukiemNM	 DelItem: [ Nguyªn So¸i ] quan Ên
10:33:17	 Account: taochiai2	Name: cuukiemNM	 DelItem: [ Nguyªn So¸i ] quan Ên
10:33:17	 Account: taochiai2	Name: cuukiemNM	 DelItem: [ Nguyªn So¸i ] quan Ên
10:33:17	 Account: taochiai2	Name: cuukiemNM	 DelItem: [ Nguyªn So¸i ] quan Ên
10:33:17	 Account: taochiai2	Name: cuukiemNM	 DelItem: [ Nguyªn So¸i ] quan Ên
10:33:17	 Account: taochiai2	Name: cuukiemNM	 DelItem: [ Nguyªn So¸i ] mÆt n¹ [cÊp 9]
10:33:17	 Account: taochiai2	Name: cuukiemNM	 DelItem: [ Nguyªn So¸i ] mÆt n¹ [cÊp 8]
10:33:17	 Account: taochiai2	Name: cuukiemNM	 DelItem: [ Nguyªn So¸i ] mÆt n¹ [cÊp 7]
10:33:17	 Account: taochiai2	Name: cuukiemNM	 DelItem: [ Nguyªn So¸i ] mÆt n¹ [cÊp 6]
10:33:17	 Account: taochiai2	Name: cuukiemNM	 DelItem: [ Nguyªn So¸i ] mÆt n¹ [cÊp 5]
10:33:17	 Account: taochiai2	Name: cuukiemNM	 DelItem: [ Nguyªn So¸i ] mÆt n¹ [cÊp 4]
10:33:17	 Account: taochiai2	Name: cuukiemNM	 DelItem: [ Nguyªn So¸i ] mÆt n¹ [cÊp 3]
10:33:17	 Account: taochiai2	Name: cuukiemNM	 DelItem: [ Nguyªn So¸i ] mÆt n¹ [cÊp 2]
10:33:17	 Account: taochiai2	Name: cuukiemNM	 DelItem: [ Nguyªn So¸i ] mÆt n¹ [cÊp 1]
10:33:26	 Account: taochiai2	Name: cuukiemNM	 DelItem: [ Nguyªn So¸i ] trang søc
10:33:26	 Account: taochiai2	Name: cuukiemNM	 DelItem: [ Nguyªn So¸i ] trang søc
10:33:26	 Account: taochiai2	Name: cuukiemNM	 DelItem: [ Nguyªn So¸i ] trang søc
10:33:26	 Account: taochiai2	Name: cuukiemNM	 DelItem: [ Nguyªn So¸i ] phi phong
10:33:26	 Account: taochiai2	Name: cuukiemNM	 DelItem: [ Nguyªn So¸i ] phi phong
10:33:26	 Account: taochiai2	Name: cuukiemNM	 DelItem: [ Nguyªn So¸i ] phi phong
10:33:26	 Account: taochiai2	Name: cuukiemNM	 DelItem: [ Nguyªn So¸i ] phi phong
10:33:26	 Account: taochiai2	Name: cuukiemNM	 DelItem: [ Nguyªn So¸i ] phi phong
10:33:26	 Account: taochiai2	Name: cuukiemNM	 DelItem: [ Nguyªn So¸i ] phi phong
10:33:26	 Account: taochiai2	Name: cuukiemNM	 DelItem: [ Nguyªn So¸i ] phi phong
10:33:26	 Account: taochiai2	Name: cuukiemNM	 DelItem: [ Nguyªn So¸i ] phi phong
10:33:26	 Account: taochiai2	Name: cuukiemNM	 DelItem: [ Nguyªn So¸i ] phi phong
11:08:49	 Account: taochiai3	Name: cuukiemcl	 DelItem: Kim Phong Thiªn Lı Th¶o Th­îng Phi
11:08:49	 Account: taochiai3	Name: cuukiemcl	 DelItem: Kim Phong §o¹t Hån Ngäc ®¸i
11:08:49	 Account: taochiai3	Name: cuukiemcl	 DelItem: Kim Phong C«ng CÈn Tam Th¸n
11:08:49	 Account: taochiai3	Name: cuukiemcl	 DelItem: Kim Phong Kú L©n HuyÕt
11:08:49	 Account: taochiai3	Name: cuukiemcl	 DelItem: Kim Phong Thanh D­¬ng Kh«i
11:08:49	 Account: taochiai3	Name: cuukiemcl	 DelItem: Tóc S­¬ng
11:08:49	 Account: taochiai3	Name: cuukiemcl	 DelItem: Tói M¸u T©n Thñ
11:09:01	 Account: taochiai3	Name: cuukiemcl	 DelItem: Kim Phong §ång T­íc Xu©n Th©m
11:09:01	 Account: taochiai3	Name: cuukiemcl	 DelItem: Kim Phong Lan §×nh Ngäc
11:09:01	 Account: taochiai3	Name: cuukiemcl	 DelItem: Kim Phong HËu NghÖ dÉn cung
11:09:01	 Account: taochiai3	Name: cuukiemcl	 DelItem: Kim Phong Tr¹c Liªn Quang
11:09:35	 Account: taochiai3	Name: cuukiemcl	 DelItem: [ Nguyªn So¸i ] chiÕn m·
11:09:35	 Account: taochiai3	Name: cuukiemcl	 DelItem: [ Nguyªn So¸i ] chiÕn m·
11:09:35	 Account: taochiai3	Name: cuukiemcl	 DelItem: [ Nguyªn So¸i ] chiÕn m·
11:09:46	 Account: taochiai3	Name: cuukiemcl	 DelItem: [ Nguyªn So¸i ] chiÕn m·
11:09:46	 Account: taochiai3	Name: cuukiemcl	 DelItem: [ Nguyªn So¸i ] chiÕn m·
11:09:46	 Account: taochiai3	Name: cuukiemcl	 DelItem: [ Nguyªn So¸i ] chiÕn m·
11:09:52	 Account: taochiai3	Name: cuukiemcl	 DelItem: [ Nguyªn So¸i ] chiÕn m·
11:09:52	 Account: taochiai3	Name: cuukiemcl	 DelItem: [ Nguyªn So¸i ] chiÕn m·
11:09:52	 Account: taochiai3	Name: cuukiemcl	 DelItem: [ Nguyªn So¸i ] chiÕn m·
11:10:25	 Account: taochiai3	Name: cuukiemcl	 DelItem: [ Nguyªn So¸i ] phi phong
11:10:25	 Account: taochiai3	Name: cuukiemcl	 DelItem: [ Nguyªn So¸i ] phi phong
11:10:25	 Account: taochiai3	Name: cuukiemcl	 DelItem: [ Nguyªn So¸i ] phi phong
11:10:25	 Account: taochiai3	Name: cuukiemcl	 DelItem: [ Nguyªn So¸i ] phi phong
11:10:25	 Account: taochiai3	Name: cuukiemcl	 DelItem: [ Nguyªn So¸i ] phi phong
11:10:25	 Account: taochiai3	Name: cuukiemcl	 DelItem: [ Nguyªn So¸i ] phi phong
11:10:25	 Account: taochiai3	Name: cuukiemcl	 DelItem: [ Nguyªn So¸i ] quan Ên
11:10:25	 Account: taochiai3	Name: cuukiemcl	 DelItem: [ Nguyªn So¸i ] quan Ên
11:10:25	 Account: taochiai3	Name: cuukiemcl	 DelItem: [ Nguyªn So¸i ] quan Ên
11:10:25	 Account: taochiai3	Name: cuukiemcl	 DelItem: [ Nguyªn So¸i ] quan Ên
11:10:25	 Account: taochiai3	Name: cuukiemcl	 DelItem: [ Nguyªn So¸i ] quan Ên
11:10:25	 Account: taochiai3	Name: cuukiemcl	 DelItem: [ Nguyªn So¸i ] quan Ên
11:10:25	 Account: taochiai3	Name: cuukiemcl	 DelItem: [ Nguyªn So¸i ] quan Ên
11:10:25	 Account: taochiai3	Name: cuukiemcl	 DelItem: [ Nguyªn So¸i ] quan Ên
11:10:25	 Account: taochiai3	Name: cuukiemcl	 DelItem: [ Nguyªn So¸i ] quan Ên
11:10:25	 Account: taochiai3	Name: cuukiemcl	 DelItem: [ Nguyªn So¸i ] mÆt n¹ [cÊp 9]
11:10:25	 Account: taochiai3	Name: cuukiemcl	 DelItem: [ Nguyªn So¸i ] mÆt n¹ [cÊp 8]
11:10:25	 Account: taochiai3	Name: cuukiemcl	 DelItem: [ Nguyªn So¸i ] mÆt n¹ [cÊp 7]
11:10:25	 Account: taochiai3	Name: cuukiemcl	 DelItem: [ Nguyªn So¸i ] mÆt n¹ [cÊp 6]
11:10:25	 Account: taochiai3	Name: cuukiemcl	 DelItem: [ Nguyªn So¸i ] mÆt n¹ [cÊp 5]
11:10:25	 Account: taochiai3	Name: cuukiemcl	 DelItem: [ Nguyªn So¸i ] mÆt n¹ [cÊp 4]
11:10:25	 Account: taochiai3	Name: cuukiemcl	 DelItem: [ Nguyªn So¸i ] mÆt n¹ [cÊp 3]
11:10:25	 Account: taochiai3	Name: cuukiemcl	 DelItem: [ Nguyªn So¸i ] mÆt n¹ [cÊp 2]
11:10:25	 Account: taochiai3	Name: cuukiemcl	 DelItem: [ Nguyªn So¸i ] mÆt n¹ [cÊp 1]
11:10:33	 Account: taochiai3	Name: cuukiemcl	 DelItem: [ Nguyªn So¸i ] trang søc
11:10:33	 Account: taochiai3	Name: cuukiemcl	 DelItem: [ Nguyªn So¸i ] trang søc
11:10:33	 Account: taochiai3	Name: cuukiemcl	 DelItem: [ Nguyªn So¸i ] trang søc
11:10:33	 Account: taochiai3	Name: cuukiemcl	 DelItem: [ Nguyªn So¸i ] trang søc
11:10:33	 Account: taochiai3	Name: cuukiemcl	 DelItem: [ Nguyªn So¸i ] trang søc
11:10:33	 Account: taochiai3	Name: cuukiemcl	 DelItem: [ Nguyªn So¸i ] trang søc
11:10:33	 Account: taochiai3	Name: cuukiemcl	 DelItem: [ Nguyªn So¸i ] trang søc
11:10:33	 Account: taochiai3	Name: cuukiemcl	 DelItem: [ Nguyªn So¸i ] trang søc
11:10:33	 Account: taochiai3	Name: cuukiemcl	 DelItem: [ Nguyªn So¸i ] trang søc
11:10:33	 Account: taochiai3	Name: cuukiemcl	 DelItem: [ Nguyªn So¸i ] phi phong
11:10:33	 Account: taochiai3	Name: cuukiemcl	 DelItem: [ Nguyªn So¸i ] phi phong
11:10:33	 Account: taochiai3	Name: cuukiemcl	 DelItem: [ Nguyªn So¸i ] phi phong
11:14:49	 Account: taochiai3	Name: cuukiemcl	 DelItem: MËt tŞch kÜ n¨ng 90 (CÊp 25)
11:14:49	 Account: taochiai3	Name: cuukiemcl	 DelItem: MËt tŞch kÜ n¨ng 90 (CÊp 24)
11:14:49	 Account: taochiai3	Name: cuukiemcl	 DelItem: MËt tŞch kÜ n¨ng 90 (CÊp 23)
11:14:49	 Account: taochiai3	Name: cuukiemcl	 DelItem: MËt tŞch kÜ n¨ng 90 (CÊp 22)
11:14:49	 Account: taochiai3	Name: cuukiemcl	 DelItem: MËt tŞch kÜ n¨ng 90 (CÊp 21)
11:44:20	 Account: mixmuz	Name: Ch¬i2NgµyOff	 DelItem: [ Nguyªn So¸i ] trang søc
11:44:20	 Account: mixmuz	Name: Ch¬i2NgµyOff	 DelItem: [ Nguyªn So¸i ] mÆt n¹ [cÊp 1]
11:44:20	 Account: mixmuz	Name: Ch¬i2NgµyOff	 DelItem: [ Nguyªn So¸i ] trang søc
11:44:20	 Account: mixmuz	Name: Ch¬i2NgµyOff	 DelItem: [ Nguyªn So¸i ] trang søc
11:44:20	 Account: mixmuz	Name: Ch¬i2NgµyOff	 DelItem: [ Nguyªn So¸i ] phi phong
11:44:20	 Account: mixmuz	Name: Ch¬i2NgµyOff	 DelItem: [ Nguyªn So¸i ] phi phong
11:44:20	 Account: mixmuz	Name: Ch¬i2NgµyOff	 DelItem: [ Nguyªn So¸i ] phi phong
11:44:20	 Account: mixmuz	Name: Ch¬i2NgµyOff	 DelItem: [ Nguyªn So¸i ] phi phong
11:44:25	 Account: xuanhung	Name: C«ÙG¸iÙKh¬ÙMe	 DelItem: Tói M¸u T©n Thñ
11:44:25	 Account: xuanhung	Name: C«ÙG¸iÙKh¬ÙMe	 DelItem: Tóc S­¬ng
11:44:25	 Account: xuanhung	Name: C«ÙG¸iÙKh¬ÙMe	 DelItem: Bao nguyªn liÖu b¸nh trung thu
11:44:25	 Account: xuanhung	Name: C«ÙG¸iÙKh¬ÙMe	 DelItem: LÔ Bao Vßng Hoa ThÊt TŞch
11:49:04	 Account: mixmuz	Name: Ch¬i2NgµyOff	 DelItem: [ Nguyªn So¸i ] phi phong
11:49:04	 Account: mixmuz	Name: Ch¬i2NgµyOff	 DelItem: [ Nguyªn So¸i ] trang søc
11:49:04	 Account: mixmuz	Name: Ch¬i2NgµyOff	 DelItem: [ Nguyªn So¸i ] quan Ên
11:49:04	 Account: mixmuz	Name: Ch¬i2NgµyOff	 DelItem: [ Nguyªn So¸i ] chiÕn m·
11:50:06	 Account: truongac01	Name: RosiÙLuuÙTruong	 DelItem: [ Nguyªn So¸i ] quan Ên
11:50:06	 Account: truongac01	Name: RosiÙLuuÙTruong	 DelItem: [ Nguyªn So¸i ] trang søc
11:50:06	 Account: truongac01	Name: RosiÙLuuÙTruong	 DelItem: [ Nguyªn So¸i ] phi phong
11:50:06	 Account: truongac01	Name: RosiÙLuuÙTruong	 DelItem: [ Nguyªn So¸i ] mÆt n¹ [cÊp 1]
12:02:28	 Account: truongac01	Name: RosiÙLuuÙTruong	 DelItem: Kim Phong Thiªn Lı Th¶o Th­îng Phi
12:02:28	 Account: truongac01	Name: RosiÙLuuÙTruong	 DelItem: Kim Phong HËu NghÖ dÉn cung
12:02:28	 Account: truongac01	Name: RosiÙLuuÙTruong	 DelItem: Kim Phong §o¹t Hån Ngäc ®¸i
12:02:28	 Account: truongac01	Name: RosiÙLuuÙTruong	 DelItem: Kim Phong Tr¹c Liªn Quang
12:02:28	 Account: truongac01	Name: RosiÙLuuÙTruong	 DelItem: Kim Phong Kú L©n HuyÕt
12:02:28	 Account: truongac01	Name: RosiÙLuuÙTruong	 DelItem: Kim Phong Thanh D­¬ng Kh«i
12:27:04	 Account: huutuanbmt	Name: R­îuÙCÇn	 DelItem: [ Nguyªn So¸i ] mÆt n¹ [cÊp 9]
12:27:04	 Account: huutuanbmt	Name: R­îuÙCÇn	 DelItem: [ Nguyªn So¸i ] mÆt n¹ [cÊp 8]
12:27:04	 Account: huutuanbmt	Name: R­îuÙCÇn	 DelItem: [ Nguyªn So¸i ] mÆt n¹ [cÊp 7]
12:27:04	 Account: huutuanbmt	Name: R­îuÙCÇn	 DelItem: [ Nguyªn So¸i ] mÆt n¹ [cÊp 6]
12:27:04	 Account: huutuanbmt	Name: R­îuÙCÇn	 DelItem: [ Nguyªn So¸i ] mÆt n¹ [cÊp 5]
12:27:04	 Account: huutuanbmt	Name: R­îuÙCÇn	 DelItem: [ Nguyªn So¸i ] mÆt n¹ [cÊp 4]
12:27:04	 Account: huutuanbmt	Name: R­îuÙCÇn	 DelItem: [ Nguyªn So¸i ] mÆt n¹ [cÊp 3]
12:27:04	 Account: huutuanbmt	Name: R­îuÙCÇn	 DelItem: [ Nguyªn So¸i ] mÆt n¹ [cÊp 2]
12:27:04	 Account: huutuanbmt	Name: R­îuÙCÇn	 DelItem: [ Nguyªn So¸i ] mÆt n¹ [cÊp 1]
12:27:04	 Account: huutuanbmt	Name: R­îuÙCÇn	 DelItem: Tói M¸u T©n Thñ
12:27:04	 Account: huutuanbmt	Name: R­îuÙCÇn	 DelItem: CÈm Nang T©n Thñ
12:27:04	 Account: huutuanbmt	Name: R­îuÙCÇn	 DelItem: Khiªu chiÕn lÖnh
12:27:04	 Account: huutuanbmt	Name: R­îuÙCÇn	 DelItem: LÔ Bao Vßng Hoa ThÊt TŞch
12:28:08	 Account: huutuanbmt	Name: R­îuÙCÇn	 DelItem: Tóc S­¬ng
12:44:03	 Account: yok001	Name: Hericam	 DelItem: Kim Phong §ång T­íc Xu©n Th©m
12:46:29	 Account: yok001	Name: Hericam	 DelItem: Kim Phong Thanh D­¬ng Kh«i
12:46:29	 Account: yok001	Name: Hericam	 DelItem: Kim Phong Kú L©n HuyÕt
12:46:29	 Account: yok001	Name: Hericam	 DelItem: Kim Phong Tr¹c Liªn Quang
12:46:29	 Account: yok001	Name: Hericam	 DelItem: Kim Phong C«ng CÈn Tam Th¸n
12:46:29	 Account: yok001	Name: Hericam	 DelItem: Kim Phong §o¹t Hån Ngäc ®¸i
12:46:29	 Account: yok001	Name: Hericam	 DelItem: Kim Phong HËu NghÖ dÉn cung
12:46:29	 Account: yok001	Name: Hericam	 DelItem: Kim Phong Lan §×nh Ngäc
12:46:29	 Account: yok001	Name: Hericam	 DelItem: Kim Phong Thiªn Lı Th¶o Th­îng Phi
12:47:26	 Account: yok001	Name: Hericam	 DelItem: Tóc S­¬ng
12:51:40	 Account: yok001	Name: Hericam	 DelItem: [ Nguyªn So¸i ] phi phong
12:51:40	 Account: yok001	Name: Hericam	 DelItem: [ Nguyªn So¸i ] trang søc
12:51:40	 Account: yok001	Name: Hericam	 DelItem: [ Nguyªn So¸i ] quan Ên
12:51:40	 Account: yok001	Name: Hericam	 DelItem: [ Nguyªn So¸i ] trang søc
12:51:40	 Account: yok001	Name: Hericam	 DelItem: [ Nguyªn So¸i ] mÆt n¹ [cÊp 1]
12:51:40	 Account: yok001	Name: Hericam	 DelItem: [ Nguyªn So¸i ] chiÕn m·
12:53:56	 Account: yok001	Name: Hericam	 DelItem: [ Nguyªn So¸i ] chiÕn m·
12:54:59	 Account: thaithao	Name: BóÙEmÙ§i	 DelItem: Kim Phong §ång T­íc Xu©n Th©m
12:54:59	 Account: thaithao	Name: BóÙEmÙ§i	 DelItem: Kim Phong Thiªn Lı Th¶o Th­îng Phi
12:54:59	 Account: thaithao	Name: BóÙEmÙ§i	 DelItem: Kim Phong Lan §×nh Ngäc
12:54:59	 Account: thaithao	Name: BóÙEmÙ§i	 DelItem: Kim Phong HËu NghÖ dÉn cung
12:54:59	 Account: thaithao	Name: BóÙEmÙ§i	 DelItem: Kim Phong §o¹t Hån Ngäc ®¸i
12:54:59	 Account: thaithao	Name: BóÙEmÙ§i	 DelItem: Kim Phong C«ng CÈn Tam Th¸n
12:54:59	 Account: thaithao	Name: BóÙEmÙ§i	 DelItem: Kim Phong Tr¹c Liªn Quang
12:54:59	 Account: thaithao	Name: BóÙEmÙ§i	 DelItem: Kim Phong Kú L©n HuyÕt
12:54:59	 Account: thaithao	Name: BóÙEmÙ§i	 DelItem: Kim Phong Thanh D­¬ng Kh«i
12:55:09	 Account: thaithao	Name: BóÙEmÙ§i	 DelItem: Tóc S­¬ng
12:55:09	 Account: thaithao	Name: BóÙEmÙ§i	 DelItem: Tói M¸u T©n Thñ
12:55:09	 Account: thaithao	Name: BóÙEmÙ§i	 DelItem: ThiÕt Th­¬ng
12:56:08	 Account: duongmon	Name: D­¬ngÙGiaÙT­íng	 DelItem: [ Nguyªn So¸i ] chiÕn m·
12:56:08	 Account: duongmon	Name: D­¬ngÙGiaÙT­íng	 DelItem: [ Nguyªn So¸i ] chiÕn m·
12:56:08	 Account: duongmon	Name: D­¬ngÙGiaÙT­íng	 DelItem: [ Nguyªn So¸i ] chiÕn m·
12:56:43	 Account: duongmon	Name: D­¬ngÙGiaÙT­íng	 DelItem: [ Nguyªn So¸i ] chiÕn m·
12:56:43	 Account: duongmon	Name: D­¬ngÙGiaÙT­íng	 DelItem: [ Nguyªn So¸i ] chiÕn m·
12:56:43	 Account: duongmon	Name: D­¬ngÙGiaÙT­íng	 DelItem: [ Nguyªn So¸i ] mÆt n¹ [cÊp 9]
12:56:43	 Account: duongmon	Name: D­¬ngÙGiaÙT­íng	 DelItem: [ Nguyªn So¸i ] mÆt n¹ [cÊp 8]
12:56:43	 Account: duongmon	Name: D­¬ngÙGiaÙT­íng	 DelItem: [ Nguyªn So¸i ] mÆt n¹ [cÊp 7]
12:56:43	 Account: duongmon	Name: D­¬ngÙGiaÙT­íng	 DelItem: [ Nguyªn So¸i ] mÆt n¹ [cÊp 6]
12:56:43	 Account: duongmon	Name: D­¬ngÙGiaÙT­íng	 DelItem: [ Nguyªn So¸i ] mÆt n¹ [cÊp 5]
12:56:43	 Account: duongmon	Name: D­¬ngÙGiaÙT­íng	 DelItem: [ Nguyªn So¸i ] mÆt n¹ [cÊp 4]
12:56:43	 Account: duongmon	Name: D­¬ngÙGiaÙT­íng	 DelItem: [ Nguyªn So¸i ] mÆt n¹ [cÊp 3]
12:56:43	 Account: duongmon	Name: D­¬ngÙGiaÙT­íng	 DelItem: [ Nguyªn So¸i ] mÆt n¹ [cÊp 2]
12:56:43	 Account: duongmon	Name: D­¬ngÙGiaÙT­íng	 DelItem: [ Nguyªn So¸i ] mÆt n¹ [cÊp 1]
12:56:59	 Account: duongmon	Name: D­¬ngÙGiaÙT­íng	 DelItem: [ Nguyªn So¸i ] chiÕn m·
12:56:59	 Account: duongmon	Name: D­¬ngÙGiaÙT­íng	 DelItem: [ Nguyªn So¸i ] chiÕn m·
12:56:59	 Account: duongmon	Name: D­¬ngÙGiaÙT­íng	 DelItem: [ Nguyªn So¸i ] chiÕn m·
12:57:08	 Account: duongmon	Name: D­¬ngÙGiaÙT­íng	 DelItem: [ Nguyªn So¸i ] chiÕn m·
12:57:08	 Account: duongmon	Name: D­¬ngÙGiaÙT­íng	 DelItem: Tóc S­¬ng
12:57:08	 Account: duongmon	Name: D­¬ngÙGiaÙT­íng	 DelItem: NghiÖt Long chïy
12:58:24	 Account: duongmon	Name: D­¬ngÙGiaÙT­íng	 DelItem: [ Nguyªn So¸i ] trang søc
12:58:24	 Account: duongmon	Name: D­¬ngÙGiaÙT­íng	 DelItem: [ Nguyªn So¸i ] trang søc
12:58:24	 Account: duongmon	Name: D­¬ngÙGiaÙT­íng	 DelItem: [ Nguyªn So¸i ] trang søc
12:58:24	 Account: duongmon	Name: D­¬ngÙGiaÙT­íng	 DelItem: [ Nguyªn So¸i ] trang søc
12:58:24	 Account: duongmon	Name: D­¬ngÙGiaÙT­íng	 DelItem: [ Nguyªn So¸i ] trang søc
12:58:24	 Account: duongmon	Name: D­¬ngÙGiaÙT­íng	 DelItem: [ Nguyªn So¸i ] trang søc
12:58:24	 Account: duongmon	Name: D­¬ngÙGiaÙT­íng	 DelItem: [ Nguyªn So¸i ] trang søc
12:58:24	 Account: duongmon	Name: D­¬ngÙGiaÙT­íng	 DelItem: [ Nguyªn So¸i ] trang søc
12:58:24	 Account: duongmon	Name: D­¬ngÙGiaÙT­íng	 DelItem: [ Nguyªn So¸i ] trang søc
12:58:24	 Account: duongmon	Name: D­¬ngÙGiaÙT­íng	 DelItem: [ Nguyªn So¸i ] phi phong
12:58:24	 Account: duongmon	Name: D­¬ngÙGiaÙT­íng	 DelItem: [ Nguyªn So¸i ] phi phong
12:58:24	 Account: duongmon	Name: D­¬ngÙGiaÙT­íng	 DelItem: [ Nguyªn So¸i ] phi phong
12:58:24	 Account: duongmon	Name: D­¬ngÙGiaÙT­íng	 DelItem: [ Nguyªn So¸i ] phi phong
12:58:24	 Account: duongmon	Name: D­¬ngÙGiaÙT­íng	 DelItem: [ Nguyªn So¸i ] phi phong
12:58:24	 Account: duongmon	Name: D­¬ngÙGiaÙT­íng	 DelItem: [ Nguyªn So¸i ] phi phong
12:58:24	 Account: duongmon	Name: D­¬ngÙGiaÙT­íng	 DelItem: [ Nguyªn So¸i ] phi phong
12:58:24	 Account: duongmon	Name: D­¬ngÙGiaÙT­íng	 DelItem: [ Nguyªn So¸i ] phi phong
12:58:24	 Account: duongmon	Name: D­¬ngÙGiaÙT­íng	 DelItem: [ Nguyªn So¸i ] phi phong
12:58:24	 Account: duongmon	Name: D­¬ngÙGiaÙT­íng	 DelItem: [ Nguyªn So¸i ] quan Ên
12:58:24	 Account: duongmon	Name: D­¬ngÙGiaÙT­íng	 DelItem: [ Nguyªn So¸i ] quan Ên
12:58:24	 Account: duongmon	Name: D­¬ngÙGiaÙT­íng	 DelItem: [ Nguyªn So¸i ] quan Ên
12:58:24	 Account: duongmon	Name: D­¬ngÙGiaÙT­íng	 DelItem: [ Nguyªn So¸i ] quan Ên
12:58:24	 Account: duongmon	Name: D­¬ngÙGiaÙT­íng	 DelItem: [ Nguyªn So¸i ] quan Ên
12:58:24	 Account: duongmon	Name: D­¬ngÙGiaÙT­íng	 DelItem: [ Nguyªn So¸i ] quan Ên
12:58:39	 Account: duongmon	Name: D­¬ngÙGiaÙT­íng	 DelItem: [ Nguyªn So¸i ] quan Ên
12:58:39	 Account: duongmon	Name: D­¬ngÙGiaÙT­íng	 DelItem: [ Nguyªn So¸i ] quan Ên
12:58:39	 Account: duongmon	Name: D­¬ngÙGiaÙT­íng	 DelItem: [ Nguyªn So¸i ] quan Ên
13:07:47	 Account: duongmon	Name: D­¬ngÙGiaÙT­íng	 DelItem: [ Nguyªn So¸i ] quan Ên
13:07:47	 Account: duongmon	Name: D­¬ngÙGiaÙT­íng	 DelItem: [ Nguyªn So¸i ] chiÕn m·
13:07:47	 Account: duongmon	Name: D­¬ngÙGiaÙT­íng	 DelItem: B¸nh Trung Thu Nh©n Dõa
13:07:47	 Account: duongmon	Name: D­¬ngÙGiaÙT­íng	 DelItem: B¸nh Trung Thu Nh©n Dõa
13:20:20	 Account: thanh1	Name: MaÙ§éc	 DelItem: [ Nguyªn So¸i ] chiÕn m·
13:20:20	 Account: thanh1	Name: MaÙ§éc	 DelItem: Tóc S­¬ng
13:43:09	 Account: tctvvn1	Name: TraTaoDoiDep1	 DelItem: [ Nguyªn So¸i ] mÆt n¹ [cÊp 9]
13:43:09	 Account: tctvvn1	Name: TraTaoDoiDep1	 DelItem: [ Nguyªn So¸i ] mÆt n¹ [cÊp 8]
13:43:09	 Account: tctvvn1	Name: TraTaoDoiDep1	 DelItem: [ Nguyªn So¸i ] mÆt n¹ [cÊp 7]
13:43:09	 Account: tctvvn1	Name: TraTaoDoiDep1	 DelItem: [ Nguyªn So¸i ] mÆt n¹ [cÊp 6]
13:43:09	 Account: tctvvn1	Name: TraTaoDoiDep1	 DelItem: [ Nguyªn So¸i ] mÆt n¹ [cÊp 5]
13:43:09	 Account: tctvvn1	Name: TraTaoDoiDep1	 DelItem: [ Nguyªn So¸i ] mÆt n¹ [cÊp 4]
13:43:09	 Account: tctvvn1	Name: TraTaoDoiDep1	 DelItem: [ Nguyªn So¸i ] mÆt n¹ [cÊp 3]
13:43:09	 Account: tctvvn1	Name: TraTaoDoiDep1	 DelItem: [ Nguyªn So¸i ] mÆt n¹ [cÊp 2]
13:43:09	 Account: tctvvn1	Name: TraTaoDoiDep1	 DelItem: [ Nguyªn So¸i ] mÆt n¹ [cÊp 1]
13:43:51	 Account: tctvvn1	Name: TraTaoDoiDep1	 DelItem: [ Nguyªn So¸i ] chiÕn m·
13:43:51	 Account: tctvvn1	Name: TraTaoDoiDep1	 DelItem: [ Nguyªn So¸i ] chiÕn m·
13:43:51	 Account: tctvvn1	Name: TraTaoDoiDep1	 DelItem: Phiªn Vò 
13:44:09	 Account: tctvvn1	Name: TraTaoDoiDep1	 DelItem: [ Nguyªn So¸i ] chiÕn m·
13:44:09	 Account: tctvvn1	Name: TraTaoDoiDep1	 DelItem: [ Nguyªn So¸i ] chiÕn m·
13:44:09	 Account: tctvvn1	Name: TraTaoDoiDep1	 DelItem: [ Nguyªn So¸i ] chiÕn m·
13:44:30	 Account: tctvvn1	Name: TraTaoDoiDep1	 DelItem: [ Nguyªn So¸i ] chiÕn m·
13:44:30	 Account: tctvvn1	Name: TraTaoDoiDep1	 DelItem: [ Nguyªn So¸i ] chiÕn m·
13:44:30	 Account: tctvvn1	Name: TraTaoDoiDep1	 DelItem: [ Nguyªn So¸i ] chiÕn m·
13:44:39	 Account: tctvvn1	Name: TraTaoDoiDep1	 DelItem: [ Nguyªn So¸i ] chiÕn m·
13:44:39	 Account: tctvvn1	Name: TraTaoDoiDep1	 DelItem: Tóc S­¬ng
13:53:30	 Account: akenqn1990	Name: smileÙÙ	 DelItem: Kim Phong §ång T­íc Xu©n Th©m
13:53:30	 Account: akenqn1990	Name: smileÙÙ	 DelItem: Kim Phong Thiªn Lı Th¶o Th­îng Phi
13:53:30	 Account: akenqn1990	Name: smileÙÙ	 DelItem: Kim Phong Lan §×nh Ngäc
13:53:30	 Account: akenqn1990	Name: smileÙÙ	 DelItem: Kim Phong HËu NghÖ dÉn cung
13:53:30	 Account: akenqn1990	Name: smileÙÙ	 DelItem: Kim Phong §o¹t Hån Ngäc ®¸i
13:53:30	 Account: akenqn1990	Name: smileÙÙ	 DelItem: Kim Phong C«ng CÈn Tam Th¸n
13:53:30	 Account: akenqn1990	Name: smileÙÙ	 DelItem: Kim Phong Tr¹c Liªn Quang
13:53:30	 Account: akenqn1990	Name: smileÙÙ	 DelItem: Kim Phong Kú L©n HuyÕt
13:53:30	 Account: akenqn1990	Name: smileÙÙ	 DelItem: T©n Thñ Giíi ChØ
13:53:40	 Account: akenqn1990	Name: smileÙÙ	 DelItem: Kim Phong Thanh D­¬ng Kh«i
13:56:50	 Account: akenqn1990	Name: smileÙÙ	 DelItem: Tóc S­¬ng
14:10:04	 Account: tan001	Name: o0oXoayo0o	 DelItem: [ Nguyªn So¸i ] chiÕn m·
14:10:04	 Account: tan001	Name: o0oXoayo0o	 DelItem: [ Nguyªn So¸i ] chiÕn m·
14:10:04	 Account: tan001	Name: o0oXoayo0o	 DelItem: [ Nguyªn So¸i ] quan Ên
14:10:04	 Account: tan001	Name: o0oXoayo0o	 DelItem: [ Nguyªn So¸i ] quan Ên
14:10:04	 Account: tan001	Name: o0oXoayo0o	 DelItem: [ Nguyªn So¸i ] quan Ên
14:10:04	 Account: tan001	Name: o0oXoayo0o	 DelItem: [ Nguyªn So¸i ] phi phong
14:10:04	 Account: tan001	Name: o0oXoayo0o	 DelItem: [ Nguyªn So¸i ] trang søc
14:10:04	 Account: tan001	Name: o0oXoayo0o	 DelItem: [ Nguyªn So¸i ] trang søc
14:10:04	 Account: tan001	Name: o0oXoayo0o	 DelItem: Tóc S­¬ng
14:10:44	 Account: tan001	Name: o0oXoayo0o	 DelItem: [ Nguyªn So¸i ] chiÕn m·
14:10:44	 Account: tan001	Name: o0oXoayo0o	 DelItem: [ Nguyªn So¸i ] quan Ên
14:10:44	 Account: tan001	Name: o0oXoayo0o	 DelItem: [ Nguyªn So¸i ] quan Ên
14:10:44	 Account: tan001	Name: o0oXoayo0o	 DelItem: [ Nguyªn So¸i ] quan Ên
14:10:44	 Account: tan001	Name: o0oXoayo0o	 DelItem: [ Nguyªn So¸i ] phi phong
14:10:44	 Account: tan001	Name: o0oXoayo0o	 DelItem: [ Nguyªn So¸i ] phi phong
14:10:44	 Account: tan001	Name: o0oXoayo0o	 DelItem: [ Nguyªn So¸i ] phi phong
14:10:44	 Account: tan001	Name: o0oXoayo0o	 DelItem: [ Nguyªn So¸i ] phi phong
14:10:44	 Account: tan001	Name: o0oXoayo0o	 DelItem: [ Nguyªn So¸i ] phi phong
14:10:44	 Account: tan001	Name: o0oXoayo0o	 DelItem: [ Nguyªn So¸i ] phi phong
14:10:44	 Account: tan001	Name: o0oXoayo0o	 DelItem: [ Nguyªn So¸i ] phi phong
14:10:44	 Account: tan001	Name: o0oXoayo0o	 DelItem: [ Nguyªn So¸i ] phi phong
14:10:44	 Account: tan001	Name: o0oXoayo0o	 DelItem: [ Nguyªn So¸i ] trang søc
14:10:44	 Account: tan001	Name: o0oXoayo0o	 DelItem: [ Nguyªn So¸i ] trang søc
14:10:44	 Account: tan001	Name: o0oXoayo0o	 DelItem: [ Nguyªn So¸i ] trang søc
14:10:44	 Account: tan001	Name: o0oXoayo0o	 DelItem: [ Nguyªn So¸i ] trang søc
14:10:44	 Account: tan001	Name: o0oXoayo0o	 DelItem: [ Nguyªn So¸i ] trang søc
14:10:44	 Account: tan001	Name: o0oXoayo0o	 DelItem: [ Nguyªn So¸i ] trang søc
14:10:44	 Account: tan001	Name: o0oXoayo0o	 DelItem: Kim Phong §ång T­íc Xu©n Th©m
14:11:10	 Account: tan001	Name: o0oXoayo0o	 DelItem: [ Nguyªn So¸i ] chiÕn m·
14:11:10	 Account: tan001	Name: o0oXoayo0o	 DelItem: [ Nguyªn So¸i ] chiÕn m·
14:11:10	 Account: tan001	Name: o0oXoayo0o	 DelItem: [ Nguyªn So¸i ] chiÕn m·
14:11:27	 Account: tan001	Name: o0oXoayo0o	 DelItem: [ Nguyªn So¸i ] chiÕn m·
14:11:27	 Account: tan001	Name: o0oXoayo0o	 DelItem: [ Nguyªn So¸i ] chiÕn m·
14:11:27	 Account: tan001	Name: o0oXoayo0o	 DelItem: [ Nguyªn So¸i ] quan Ên
14:11:27	 Account: tan001	Name: o0oXoayo0o	 DelItem: [ Nguyªn So¸i ] quan Ên
14:11:27	 Account: tan001	Name: o0oXoayo0o	 DelItem: [ Nguyªn So¸i ] quan Ên
14:11:27	 Account: tan001	Name: o0oXoayo0o	 DelItem: [ Nguyªn So¸i ] trang søc
14:12:47	 Account: tan001	Name: o0oXoayo0o	 DelItem: §­êng Nghª gi¸p
14:12:47	 Account: tan001	Name: o0oXoayo0o	 DelItem: Kim Phong Lan §×nh Ngäc
14:12:47	 Account: tan001	Name: o0oXoayo0o	 DelItem: Kim Phong HËu NghÖ dÉn cung
14:12:47	 Account: tan001	Name: o0oXoayo0o	 DelItem: Kim Phong Kú L©n HuyÕt
14:12:47	 Account: tan001	Name: o0oXoayo0o	 DelItem: Kim Phong Thanh D­¬ng Kh«i
14:13:40	 Account: vugiang2	Name: SanBossa	 DelItem: Nh¹c V­¬ng KiÕm
14:13:57	 Account: tan001	Name: o0oXoayo0o	 DelItem: Kim Phong §o¹t Hån Ngäc ®¸i
14:13:57	 Account: tan001	Name: o0oXoayo0o	 DelItem: Kim Phong C«ng CÈn Tam Th¸n
14:13:57	 Account: tan001	Name: o0oXoayo0o	 DelItem: Kim Phong Tr¹c Liªn Quang
14:34:24	 Account: tuphuongmau3	Name: fjghjhgj	 DelItem: Kim Phong C«ng CÈn Tam Th¸n
14:34:24	 Account: tuphuongmau3	Name: fjghjhgj	 DelItem: Tóc S­¬ng
14:38:11	 Account: akenqn1991	Name: Ùsmilei	 DelItem: Kim Phong §ång T­íc Xu©n Th©m
14:38:11	 Account: akenqn1991	Name: Ùsmilei	 DelItem: Kim Phong Thiªn Lı Th¶o Th­îng Phi
14:38:11	 Account: akenqn1991	Name: Ùsmilei	 DelItem: Kim Phong Lan §×nh Ngäc
14:38:11	 Account: akenqn1991	Name: Ùsmilei	 DelItem: Kim Phong HËu NghÖ dÉn cung
14:38:11	 Account: akenqn1991	Name: Ùsmilei	 DelItem: Kim Phong §o¹t Hån Ngäc ®¸i
14:38:11	 Account: akenqn1991	Name: Ùsmilei	 DelItem: Kim Phong C«ng CÈn Tam Th¸n
14:38:11	 Account: akenqn1991	Name: Ùsmilei	 DelItem: Kim Phong Kú L©n HuyÕt
14:38:11	 Account: akenqn1991	Name: Ùsmilei	 DelItem: Kim Phong Thanh D­¬ng Kh«i
14:38:11	 Account: akenqn1991	Name: Ùsmilei	 DelItem: T©n Thñ Giíi ChØ
14:38:21	 Account: akenqn1991	Name: Ùsmilei	 DelItem: Kim Phong Tr¹c Liªn Quang
14:41:54	 Account: tan001	Name: o0oXoayo0o	 DelItem: Kim Phong Thiªn Lı Th¶o Th­îng Phi
14:47:15	 Account: akenqn1991	Name: Ùsmilei	 DelItem: Tóc S­¬ng
15:23:49	 Account: sanbos01	Name: acaswdasda	 DelItem: Tóc S­¬ng
15:44:46	 Account: thanh1	Name: MaÙ§éc	 DelItem: [ Nguyªn So¸i ] chiÕn m·
15:44:46	 Account: thanh1	Name: MaÙ§éc	 DelItem: [ Nguyªn So¸i ] quan Ên
15:44:46	 Account: thanh1	Name: MaÙ§éc	 DelItem: [ Nguyªn So¸i ] phi phong
15:44:46	 Account: thanh1	Name: MaÙ§éc	 DelItem: [ Nguyªn So¸i ] trang søc
15:52:23	 Account: vodang	Name: VâÙ§ang	 DelItem: Kim Phong §ång T­íc Xu©n Th©m
15:52:23	 Account: vodang	Name: VâÙ§ang	 DelItem: Kim Phong Thiªn Lı Th¶o Th­îng Phi
15:52:23	 Account: vodang	Name: VâÙ§ang	 DelItem: Kim Phong Lan §×nh Ngäc
15:52:23	 Account: vodang	Name: VâÙ§ang	 DelItem: Kim Phong §o¹t Hån Ngäc ®¸i
15:52:23	 Account: vodang	Name: VâÙ§ang	 DelItem: Kim Phong C«ng CÈn Tam Th¸n
15:52:23	 Account: vodang	Name: VâÙ§ang	 DelItem: Kim Phong Tr¹c Liªn Quang
15:52:23	 Account: vodang	Name: VâÙ§ang	 DelItem: Kim Phong Kú L©n HuyÕt
15:52:23	 Account: vodang	Name: VâÙ§ang	 DelItem: Tóc S­¬ng
15:52:35	 Account: vodang	Name: VâÙ§ang	 DelItem: Kim Phong HËu NghÖ dÉn cung
15:52:35	 Account: vodang	Name: VâÙ§ang	 DelItem: Kim Phong Thanh D­¬ng Kh«i
15:53:30	 Account: vodang	Name: VâÙ§ang	 DelItem: [ Nguyªn So¸i ] chiÕn m·
15:53:30	 Account: vodang	Name: VâÙ§ang	 DelItem: [ Nguyªn So¸i ] chiÕn m·
15:53:30	 Account: vodang	Name: VâÙ§ang	 DelItem: [ Nguyªn So¸i ] chiÕn m·
15:53:41	 Account: vodang	Name: VâÙ§ang	 DelItem: [ Nguyªn So¸i ] chiÕn m·
15:53:41	 Account: vodang	Name: VâÙ§ang	 DelItem: [ Nguyªn So¸i ] chiÕn m·
15:53:41	 Account: vodang	Name: VâÙ§ang	 DelItem: [ Nguyªn So¸i ] chiÕn m·
15:53:51	 Account: vodang	Name: VâÙ§ang	 DelItem: [ Nguyªn So¸i ] chiÕn m·
15:53:51	 Account: vodang	Name: VâÙ§ang	 DelItem: [ Nguyªn So¸i ] chiÕn m·
15:53:51	 Account: vodang	Name: VâÙ§ang	 DelItem: [ Nguyªn So¸i ] chiÕn m·
15:56:31	 Account: locmta99	Name: zManNhi	 DelItem: [ Nguyªn So¸i ] chiÕn m·
15:56:31	 Account: locmta99	Name: zManNhi	 DelItem: Tóc S­¬ng
15:57:03	 Account: akenqn1991	Name: Ùsmilei	 DelItem: [ Nguyªn So¸i ] mÆt n¹ [cÊp 1]
15:57:03	 Account: akenqn1991	Name: Ùsmilei	 DelItem: [ Nguyªn So¸i ] phi phong
15:57:03	 Account: akenqn1991	Name: Ùsmilei	 DelItem: [ Nguyªn So¸i ] trang søc
15:57:03	 Account: akenqn1991	Name: Ùsmilei	 DelItem: [ Nguyªn So¸i ] quan Ên
15:57:03	 Account: akenqn1991	Name: Ùsmilei	 DelItem: [ Nguyªn So¸i ] chiÕn m·
15:57:03	 Account: akenqn1991	Name: Ùsmilei	 DelItem: QuÕ Hoa Töu
15:57:03	 Account: akenqn1991	Name: Ùsmilei	 DelItem: Thiªn s¬n  B¶o Lé 
15:57:03	 Account: akenqn1991	Name: Ùsmilei	 DelItem: Tiªn Th¶o Lé 
15:57:03	 Account: akenqn1991	Name: Ùsmilei	 DelItem: Phong V©n Phi Tèc hoµn
15:57:03	 Account: akenqn1991	Name: Ùsmilei	 DelItem: LÖnh bµi
15:57:03	 Account: akenqn1991	Name: Ùsmilei	 DelItem: ChiÕn cæ 
16:02:00	 Account: hunter3	Name: bossNe	 DelItem: Tóc S­¬ng
16:03:26	 Account: hunter3	Name: bossNe	 DelItem: [ Nguyªn So¸i ] mÆt n¹ [cÊp 9]
16:03:26	 Account: hunter3	Name: bossNe	 DelItem: [ Nguyªn So¸i ] mÆt n¹ [cÊp 8]
16:03:26	 Account: hunter3	Name: bossNe	 DelItem: [ Nguyªn So¸i ] mÆt n¹ [cÊp 7]
16:03:26	 Account: hunter3	Name: bossNe	 DelItem: [ Nguyªn So¸i ] mÆt n¹ [cÊp 6]
16:03:26	 Account: hunter3	Name: bossNe	 DelItem: [ Nguyªn So¸i ] mÆt n¹ [cÊp 5]
16:03:26	 Account: hunter3	Name: bossNe	 DelItem: [ Nguyªn So¸i ] mÆt n¹ [cÊp 4]
16:03:26	 Account: hunter3	Name: bossNe	 DelItem: [ Nguyªn So¸i ] mÆt n¹ [cÊp 3]
16:03:26	 Account: hunter3	Name: bossNe	 DelItem: [ Nguyªn So¸i ] mÆt n¹ [cÊp 2]
16:03:26	 Account: hunter3	Name: bossNe	 DelItem: [ Nguyªn So¸i ] mÆt n¹ [cÊp 1]
16:04:15	 Account: locmta99	Name: zManNhi	 DelItem: Tói M¸u T©n Thñ
16:05:34	 Account: locmta99	Name: zManNhi	 DelItem: Kim Phong §ång T­íc Xu©n Th©m
16:05:34	 Account: locmta99	Name: zManNhi	 DelItem: Kim Phong Thiªn Lı Th¶o Th­îng Phi
16:05:34	 Account: locmta99	Name: zManNhi	 DelItem: Kim Phong Lan §×nh Ngäc
16:05:34	 Account: locmta99	Name: zManNhi	 DelItem: Kim Phong HËu NghÖ dÉn cung
16:05:34	 Account: locmta99	Name: zManNhi	 DelItem: Kim Phong §o¹t Hån Ngäc ®¸i
16:05:34	 Account: locmta99	Name: zManNhi	 DelItem: Kim Phong C«ng CÈn Tam Th¸n
16:05:34	 Account: locmta99	Name: zManNhi	 DelItem: Kim Phong Tr¹c Liªn Quang
16:05:34	 Account: locmta99	Name: zManNhi	 DelItem: Kim Phong Kú L©n HuyÕt
16:05:34	 Account: locmta99	Name: zManNhi	 DelItem: Kim Phong Thanh D­¬ng Kh«i
16:06:58	 Account: hunter3	Name: bossNe	 DelItem: [ Nguyªn So¸i ] chiÕn m·
16:06:58	 Account: hunter3	Name: bossNe	 DelItem: [ Nguyªn So¸i ] trang søc
16:06:58	 Account: hunter3	Name: bossNe	 DelItem: LÖnh bµi Phong L¨ng §é
16:06:58	 Account: hunter3	Name: bossNe	 DelItem: [ Nguyªn So¸i ] phi phong
16:06:58	 Account: hunter3	Name: bossNe	 DelItem: LÖnh bµi
16:06:58	 Account: hunter3	Name: bossNe	 DelItem: [ Nguyªn So¸i ] quan Ên
16:06:58	 Account: hunter3	Name: bossNe	 DelItem: [ Nguyªn So¸i ] mÆt n¹ [cÊp 1]
16:06:58	 Account: hunter3	Name: bossNe	 DelItem: ChiÕn cæ 
16:06:58	 Account: hunter3	Name: bossNe	 DelItem: Phong V©n Phi Tèc hoµn
16:06:58	 Account: hunter3	Name: bossNe	 DelItem: LÖnh bµi
16:06:58	 Account: hunter3	Name: bossNe	 DelItem: [ Nguyªn So¸i ] quan Ên
16:06:58	 Account: hunter3	Name: bossNe	 DelItem: [ Nguyªn So¸i ] quan Ên
16:06:58	 Account: hunter3	Name: bossNe	 DelItem: [ Nguyªn So¸i ] phi phong
16:06:58	 Account: hunter3	Name: bossNe	 DelItem: Tiªn Th¶o Lé 
16:06:58	 Account: hunter3	Name: bossNe	 DelItem: B¶o R­¬ng §å Xanh
16:06:58	 Account: hunter3	Name: bossNe	 DelItem: Phong V©n Phi Tèc hoµn
16:06:58	 Account: hunter3	Name: bossNe	 DelItem: LÖnh bµi
16:06:58	 Account: hunter3	Name: bossNe	 DelItem: ChiÕn cæ 
16:11:28	 Account: hahuy90	Name: LıÙTh­êngÙKiÖt	 DelItem: [ Nguyªn So¸i ] chiÕn m·
16:11:28	 Account: hahuy90	Name: LıÙTh­êngÙKiÖt	 DelItem: Phong V©n Phi Tèc hoµn
16:11:28	 Account: hahuy90	Name: LıÙTh­êngÙKiÖt	 DelItem: LÖnh bµi
16:11:28	 Account: hahuy90	Name: LıÙTh­êngÙKiÖt	 DelItem: Tói M¸u T©n Thñ
16:11:51	 Account: hahuy90	Name: LıÙTh­êngÙKiÖt	 DelItem: Tóc S­¬ng
16:12:19	 Account: hunter2	Name: CBRMaxDien	 DelItem: Kim Phong §ång T­íc Xu©n Th©m
16:12:19	 Account: hunter2	Name: CBRMaxDien	 DelItem: Kim Phong Thiªn Lı Th¶o Th­îng Phi
16:12:19	 Account: hunter2	Name: CBRMaxDien	 DelItem: Kim Phong Lan §×nh Ngäc
16:12:19	 Account: hunter2	Name: CBRMaxDien	 DelItem: Kim Phong §o¹t Hån Ngäc ®¸i
16:12:19	 Account: hunter2	Name: CBRMaxDien	 DelItem: Kim Phong C«ng CÈn Tam Th¸n
16:12:19	 Account: hunter2	Name: CBRMaxDien	 DelItem: Kim Phong Tr¹c Liªn Quang
16:12:19	 Account: hunter2	Name: CBRMaxDien	 DelItem: Kim Phong Thanh D­¬ng Kh«i
16:12:19	 Account: hunter2	Name: CBRMaxDien	 DelItem: Tóc S­¬ng
16:12:29	 Account: hunter2	Name: CBRMaxDien	 DelItem: Kim Phong HËu NghÖ dÉn cung
16:12:29	 Account: hunter2	Name: CBRMaxDien	 DelItem: Kim Phong Kú L©n HuyÕt
16:12:29	 Account: hunter2	Name: CBRMaxDien	 DelItem: Thiªu Háa C«n 
17:33:17	 Account: rocontl	Name: ThienLong	 DelItem: Tóc S­¬ng
19:43:58	 Account: vugiang2	Name: •Vâ•T­íng•	 DelItem: [ Nguyªn So¸i ] chiÕn m·
19:43:58	 Account: vugiang2	Name: •Vâ•T­íng•	 DelItem: Håi thiªn t¸i t¹o lÔ bao
19:43:58	 Account: vugiang2	Name: •Vâ•T­íng•	 DelItem: [ Nguyªn So¸i ] phi phong
19:43:58	 Account: vugiang2	Name: •Vâ•T­íng•	 DelItem: [ Nguyªn So¸i ] chiÕn m·
19:43:58	 Account: vugiang2	Name: •Vâ•T­íng•	 DelItem: ChiÕn cæ 
19:43:58	 Account: vugiang2	Name: •Vâ•T­íng•	 DelItem: [ Nguyªn So¸i ] quan Ên
19:43:58	 Account: vugiang2	Name: •Vâ•T­íng•	 DelItem: LÖnh bµi
19:43:58	 Account: vugiang2	Name: •Vâ•T­íng•	 DelItem: [ Nguyªn So¸i ] trang søc
19:43:58	 Account: vugiang2	Name: •Vâ•T­íng•	 DelItem: [ Nguyªn So¸i ] quan Ên
19:43:58	 Account: vugiang2	Name: •Vâ•T­íng•	 DelItem: ChiÕn cæ 
19:43:58	 Account: vugiang2	Name: •Vâ•T­íng•	 DelItem: Phong V©n Phi Tèc hoµn
19:43:58	 Account: vugiang2	Name: •Vâ•T­íng•	 DelItem: QuÕ Hoa Töu
19:43:58	 Account: vugiang2	Name: •Vâ•T­íng•	 DelItem: LÖnh bµi
19:43:58	 Account: vugiang2	Name: •Vâ•T­íng•	 DelItem: Thiªn s¬n  B¶o Lé 
23:24:12	 Account: locmta00	Name: Lamtamnhu	 DelItem: Kim Phong Thiªn Lı Th¶o Th­îng Phi
23:24:12	 Account: locmta00	Name: Lamtamnhu	 DelItem: Kim Phong C«ng CÈn Tam Th¸n
23:24:12	 Account: locmta00	Name: Lamtamnhu	 DelItem: Tói M¸u T©n Thñ
23:28:14	 Account: locmta00	Name: Lamtamnhu	 DelItem: Tóc S­¬ng
