00:00:18	 Account: truongac03	Name: RossiÙLuuÙHao	 DelItem: Kim Phong HËu NghÖ dÉn cung
00:01:36	 Account: truongac01	Name: RossiÙLuuÙTruong	 DelItem: Kim Phong §ång T­íc Xu©n Th©m
00:01:36	 Account: truongac01	Name: RossiÙLuuÙTruong	 DelItem: Kim Phong HËu NghÖ dÉn cung
00:01:36	 Account: truongac01	Name: RossiÙLuuÙTruong	 DelItem: Kim Phong Tr¹c Liªn Quang
00:01:36	 Account: truongac01	Name: RossiÙLuuÙTruong	 DelItem: Kim Phong Kú L©n HuyÕt
00:05:19	 Account: truongac04	Name: RossiÙEmÙBeÙDau	 DelItem: Kim Phong Thiªn Lı Th¶o Th­îng Phi
00:05:19	 Account: truongac04	Name: RossiÙEmÙBeÙDau	 DelItem: Kim Phong Lan §×nh Ngäc
00:05:39	 Account: truongac03	Name: RossiÙLuuÙHao	 DelItem: Kim Phong §o¹t Hån Ngäc ®¸i
00:06:01	 Account: vugiang	Name: SieuToc	 DelItem: Tóc S­¬ng
00:46:08	 Account: quangthaian6	Name: TrainÙ6	 DelItem: ThiÕt La H¸n
00:46:08	 Account: quangthaian6	Name: TrainÙ6	 DelItem: ThiÕu L©m QuyÒn Ph¸p. QuyÓn 1
00:46:08	 Account: quangthaian6	Name: TrainÙ6	 DelItem: Phi §ao thuËt. NhiÕp Hån NguyÖt ¶nh
00:46:08	 Account: quangthaian6	Name: TrainÙ6	 DelItem: V©n Long Kİch. M©u ph¸p
00:49:49	 Account: quangthaian5	Name: TrainÙ5	 DelItem: Ngù L«i thuËt
00:54:04	 Account: quangthaian4	Name: TrainÙ4	 DelItem: ThiÕu L©m QuyÒn Ph¸p. QuyÓn 1
00:54:04	 Account: quangthaian4	Name: TrainÙ4	 DelItem: ThiÕt La H¸n
00:54:04	 Account: quangthaian4	Name: TrainÙ4	 DelItem: NhiÕp Hån. Chó thuËt
00:54:39	 Account: quangthaian7	Name: TrainÙ7	 DelItem: Ngù L«i thuËt
00:54:39	 Account: quangthaian7	Name: TrainÙ7	 DelItem: Ngù L«i thuËt
00:54:39	 Account: quangthaian7	Name: TrainÙ7	 DelItem: DiÖt KiÕm MËt TŞch
00:54:39	 Account: quangthaian7	Name: TrainÙ7	 DelItem: Ngù T©m thuËt
02:04:34	 Account: xuanhung2	Name: 1Ù§aoÙLÊyÙM¹ng	 DelItem: Kim Phong §ång T­íc Xu©n Th©m
02:04:34	 Account: xuanhung2	Name: 1Ù§aoÙLÊyÙM¹ng	 DelItem: Tóc S­¬ng
02:06:30	 Account: xuanhung3	Name: LıÙMéÙUyÓn	 DelItem: Kim Phong §ång T­íc Xu©n Th©m
02:06:30	 Account: xuanhung3	Name: LıÙMéÙUyÓn	 DelItem: Tóc S­¬ng
02:19:22	 Account: duylinh4	Name: duylinh4	 DelItem: Kim Phong Thanh D­¬ng Kh«i
02:19:22	 Account: duylinh4	Name: duylinh4	 DelItem: Kim Phong Kú L©n HuyÕt
02:58:42	 Account: rudykik2	Name: NMQÙVTÙNM	 DelItem: Kim Phong Thiªn Lı Th¶o Th­îng Phi
02:58:42	 Account: rudykik2	Name: NMQÙVTÙNM	 DelItem: Kim Phong HËu NghÖ dÉn cung
02:58:42	 Account: rudykik2	Name: NMQÙVTÙNM	 DelItem: Kim Phong Kú L©n HuyÕt
02:58:42	 Account: rudykik2	Name: NMQÙVTÙNM	 DelItem: Kim Phong Thanh D­¬ng Kh«i
03:17:34	 Account: rudykik3	Name: NMQÙVTÙTL	 DelItem: Kim Phong Thiªn Lı Th¶o Th­îng Phi
03:17:34	 Account: rudykik3	Name: NMQÙVTÙTL	 DelItem: Kim Phong C«ng CÈn Tam Th¸n
03:17:34	 Account: rudykik3	Name: NMQÙVTÙTL	 DelItem: Kim Phong Thanh D­¬ng Kh«i
03:18:20	 Account: rudykik1	Name: NMQÙVTÙND	 DelItem: Kim Phong Thanh D­¬ng Kh«i
03:18:20	 Account: rudykik1	Name: NMQÙVTÙND	 DelItem: Kim Phong Kú L©n HuyÕt
03:18:20	 Account: rudykik1	Name: NMQÙVTÙND	 DelItem: Kim Phong Thiªn Lı Th¶o Th­îng Phi
03:29:54	 Account: hatuthuyen1	Name: NMK001	 DelItem: Kim Phong Thanh D­¬ng Kh«i
03:29:54	 Account: hatuthuyen1	Name: NMK001	 DelItem: Kim Phong Thiªn Lı Th¶o Th­îng Phi
03:38:26	 Account: tuphuongmau	Name: C¸ÙChim	 DelItem: Kim Phong C«ng CÈn Tam Th¸n
03:38:26	 Account: tuphuongmau	Name: C¸ÙChim	 DelItem: Kim Phong §o¹t Hån Ngäc ®¸i
03:38:26	 Account: tuphuongmau	Name: C¸ÙChim	 DelItem: Kim Phong HËu NghÖ dÉn cung
03:38:26	 Account: tuphuongmau	Name: C¸ÙChim	 DelItem: Kim Phong Thiªn Lı Th¶o Th­îng Phi
04:08:10	 Account: ldtrieu	Name: 5DBoss	 DelItem: Tóc S­¬ng
04:15:54	 Account: ldtrieu1	Name: OKÙFine	 DelItem: Tóc S­¬ng
04:17:52	 Account: ldtrieu2	Name: OKÙFineÙ2	 DelItem: Tóc S­¬ng
04:17:52	 Account: ldtrieu2	Name: OKÙFineÙ2	 DelItem: Nga Mi Thİch
04:23:53	 Account: ldtrieu3	Name: OKÙFineÙ3	 DelItem: Tóc S­¬ng
04:28:39	 Account: ldtrieu4	Name: OKÙFineÙ4	 DelItem: Tóc S­¬ng
04:36:54	 Account: duylinh3	Name: duylinh3	 DelItem: [ Nguyªn So¸i ] phi phong
04:37:01	 Account: vugiang2	Name: •VâÙÙT­íng•	 DelItem: B¹o Vò Lª Hoa (cÊp 23)
04:37:44	 Account: vugiang2	Name: •VâÙÙT­íng•	 DelItem: [ Nguyªn So¸i ] phi phong
04:37:44	 Account: vugiang2	Name: •VâÙÙT­íng•	 DelItem: [ Nguyªn So¸i ] phi phong
04:37:44	 Account: vugiang2	Name: •VâÙÙT­íng•	 DelItem: LÖnh bµi
04:37:44	 Account: vugiang2	Name: •VâÙÙT­íng•	 DelItem: [ Nguyªn So¸i ] quan Ên
04:37:44	 Account: vugiang2	Name: •VâÙÙT­íng•	 DelItem: ChiÕn cæ 
04:37:44	 Account: vugiang2	Name: •VâÙÙT­íng•	 DelItem: Phong V©n Phi Tèc hoµn
04:37:44	 Account: vugiang2	Name: •VâÙÙT­íng•	 DelItem: [ Nguyªn So¸i ] quan Ên
04:37:44	 Account: vugiang2	Name: •VâÙÙT­íng•	 DelItem: LÖnh bµi
04:37:44	 Account: vugiang2	Name: •VâÙÙT­íng•	 DelItem: ChiÕn cæ 
04:37:44	 Account: vugiang2	Name: •VâÙÙT­íng•	 DelItem: Phong V©n Phi Tèc hoµn
04:42:42	 Account: lcduc297d	Name: S¸tÙ§Õ	 DelItem: Kim Phong Thiªn Lı Th¶o Th­îng Phi
04:49:07	 Account: ldtrieu2	Name: OKÙFineÙ2	 DelItem: Kim Phong Thiªn Lı Th¶o Th­îng Phi
04:55:36	 Account: vugiang1	Name: SieuPham	 DelItem: DiÖt KiÕm MËt TŞch
04:55:36	 Account: vugiang1	Name: SieuPham	 DelItem: B¹o Vò Lª Hoa (cÊp 23)
04:57:56	 Account: ldtrieu2	Name: OKÙFineÙ2	 DelItem: Kim Phong Kú L©n HuyÕt
05:29:00	 Account: hieuphan2	Name: DiepVienVien	 DelItem: Kim Phong Tr¹c Liªn Quang
05:31:18	 Account: hieuphan3	Name: DocThamCu	 DelItem: Kim Phong Tr¹c Liªn Quang
05:31:37	 Account: ldtrieu3	Name: OKÙFineÙ3	 DelItem: Kim Phong Thiªn Lı Th¶o Th­îng Phi
05:32:06	 Account: x02cent	Name: ¤ngÙBènÙM­¬i	 DelItem: Kim Phong Tr¹c Liªn Quang
05:37:52	 Account: kuttun1	Name: TaoÙHeÙHoa	 DelItem: Kim Phong HËu NghÖ dÉn cung
05:37:52	 Account: kuttun1	Name: TaoÙHeÙHoa	 DelItem: Kim Phong §o¹t Hån Ngäc ®¸i
05:37:52	 Account: kuttun1	Name: TaoÙHeÙHoa	 DelItem: Kim Phong Thanh D­¬ng Kh«i
05:45:06	 Account: hieuphan3	Name: DocThamCu	 DelItem: Kim Phong Lan §×nh Ngäc
05:45:20	 Account: hieuphan1	Name: TangChu	 DelItem: Kim Phong Tr¹c Liªn Quang
05:48:10	 Account: x02cent	Name: ¤ngÙBènÙM­¬i	 DelItem: Kim Phong HËu NghÖ dÉn cung
05:48:10	 Account: x02cent	Name: ¤ngÙBènÙM­¬i	 DelItem: Kim Phong Lan §×nh Ngäc
05:50:26	 Account: ldtrieu4	Name: OKÙFineÙ4	 DelItem: Kim Phong §o¹t Hån Ngäc ®¸i
05:50:47	 Account: huongthao1	Name: ThİchÙDuÙKİch	 DelItem: Tóc S­¬ng
05:50:47	 Account: huongthao1	Name: ThİchÙDuÙKİch	 DelItem: Kim Phong C«ng CÈn Tam Th¸n
05:50:47	 Account: huongthao1	Name: ThİchÙDuÙKİch	 DelItem: Kim Phong §ång T­íc Xu©n Th©m
05:52:33	 Account: ldtrieu4	Name: OKÙFineÙ4	 DelItem: Kim Phong Thanh D­¬ng Kh«i
05:53:59	 Account: kuttun3	Name: TaoÙHeÙMoc1	 DelItem: Kim Phong HËu NghÖ dÉn cung
05:54:47	 Account: kuttun3	Name: TaoÙHeÙMoc1	 DelItem: Kim Phong §ång T­íc Xu©n Th©m
05:59:29	 Account: tuphuongmau2	Name: C¸ÙTra	 DelItem: Kim Phong Thanh D­¬ng Kh«i
05:59:29	 Account: tuphuongmau2	Name: C¸ÙTra	 DelItem: Kim Phong Kú L©n HuyÕt
05:59:29	 Account: tuphuongmau2	Name: C¸ÙTra	 DelItem: Kim Phong C«ng CÈn Tam Th¸n
05:59:29	 Account: tuphuongmau2	Name: C¸ÙTra	 DelItem: Kim Phong Thiªn Lı Th¶o Th­îng Phi
06:00:11	 Account: rudykik1	Name: NMQÙVTÙTN	 DelItem: Kim Phong Kú L©n HuyÕt
06:01:17	 Account: x02cent	Name: ¤ngÙBènÙM­¬i	 DelItem: Kim Phong §o¹t Hån Ngäc ®¸i
06:01:17	 Account: x02cent	Name: ¤ngÙBènÙM­¬i	 DelItem: Hoa cóc tİm
06:07:37	 Account: hieuphan3	Name: DocThamCu	 DelItem: Kim Phong §o¹t Hån Ngäc ®¸i
06:09:17	 Account: x02cent	Name: ¤ngÙBènÙM­¬i	 DelItem: Kim Phong Thiªn Lı Th¶o Th­îng Phi
06:09:22	 Account: kuttun2	Name: TaoÙHeÙMoc	 DelItem: Kim Phong Lan §×nh Ngäc
06:09:22	 Account: kuttun2	Name: TaoÙHeÙMoc	 DelItem: Kim Phong Tr¹c Liªn Quang
06:14:05	 Account: kuttun3	Name: TaoÙHeÙMoc1	 DelItem: Kim Phong Thanh D­¬ng Kh«i
06:14:16	 Account: kuttun2	Name: TaoÙHeÙMoc	 DelItem: Kim Phong §o¹t Hån Ngäc ®¸i
06:17:10	 Account: quangthaian6	Name: TrainÙ6	 DelItem: Kim Phong §ång T­íc Xu©n Th©m
06:17:10	 Account: quangthaian6	Name: TrainÙ6	 DelItem: Kim Phong Thiªn Lı Th¶o Th­îng Phi
06:17:10	 Account: quangthaian6	Name: TrainÙ6	 DelItem: Kim Phong HËu NghÖ dÉn cung
06:17:10	 Account: quangthaian6	Name: TrainÙ6	 DelItem: Kim Phong §o¹t Hån Ngäc ®¸i
06:17:10	 Account: quangthaian6	Name: TrainÙ6	 DelItem: Kim Phong Tr¹c Liªn Quang
06:17:10	 Account: quangthaian6	Name: TrainÙ6	 DelItem: Kim Phong Kú L©n HuyÕt
06:17:10	 Account: quangthaian6	Name: TrainÙ6	 DelItem: Kim Phong Thanh D­¬ng Kh«i
06:18:32	 Account: zero9x	Name: YuriBoyka	 DelItem: Kim Phong Lan §×nh Ngäc
06:18:32	 Account: zero9x	Name: YuriBoyka	 DelItem: Kim Phong Thanh D­¬ng Kh«i
06:19:26	 Account: quangthaian5	Name: TrainÙ5	 DelItem: Binh SÜ hiÖu phï 
06:19:26	 Account: quangthaian5	Name: TrainÙ5	 DelItem: Ngù Phong thuËt
06:19:26	 Account: quangthaian5	Name: TrainÙ5	 DelItem: Bµn Nh­îc T©m Kinh
06:19:26	 Account: quangthaian5	Name: TrainÙ5	 DelItem: Kim Phong Thanh D­¬ng Kh«i
06:19:26	 Account: quangthaian5	Name: TrainÙ5	 DelItem: Kim Phong Kú L©n HuyÕt
06:19:26	 Account: quangthaian5	Name: TrainÙ5	 DelItem: Kim Phong §o¹t Hån Ngäc ®¸i
06:19:26	 Account: quangthaian5	Name: TrainÙ5	 DelItem: Kim Phong HËu NghÖ dÉn cung
06:19:26	 Account: quangthaian5	Name: TrainÙ5	 DelItem: Kim Phong Thiªn Lı Th¶o Th­îng Phi
06:19:26	 Account: quangthaian5	Name: TrainÙ5	 DelItem: Kim Phong §ång T­íc Xu©n Th©m
06:21:30	 Account: quangthaian7	Name: TrainÙ7	 DelItem: Kim Phong §ång T­íc Xu©n Th©m
06:21:30	 Account: quangthaian7	Name: TrainÙ7	 DelItem: Kim Phong Thiªn Lı Th¶o Th­îng Phi
06:21:30	 Account: quangthaian7	Name: TrainÙ7	 DelItem: Kim Phong HËu NghÖ dÉn cung
06:21:30	 Account: quangthaian7	Name: TrainÙ7	 DelItem: Kim Phong §o¹t Hån Ngäc ®¸i
06:21:30	 Account: quangthaian7	Name: TrainÙ7	 DelItem: Kim Phong Tr¹c Liªn Quang
06:21:30	 Account: quangthaian7	Name: TrainÙ7	 DelItem: Kim Phong Kú L©n HuyÕt
06:21:30	 Account: quangthaian7	Name: TrainÙ7	 DelItem: Kim Phong Thanh D­¬ng Kh«i
06:22:09	 Account: ldtrieu4	Name: OKÙFineÙ4	 DelItem: Kim Phong Lan §×nh Ngäc
06:22:16	 Account: quangthaian4	Name: TrainÙ4	 DelItem: Kim Phong Thiªn Lı Th¶o Th­îng Phi
06:22:16	 Account: quangthaian4	Name: TrainÙ4	 DelItem: Kim Phong HËu NghÖ dÉn cung
06:22:16	 Account: quangthaian4	Name: TrainÙ4	 DelItem: Kim Phong §o¹t Hån Ngäc ®¸i
06:22:16	 Account: quangthaian4	Name: TrainÙ4	 DelItem: Kim Phong C«ng CÈn Tam Th¸n
06:22:16	 Account: quangthaian4	Name: TrainÙ4	 DelItem: Kim Phong Tr¹c Liªn Quang
06:22:16	 Account: quangthaian4	Name: TrainÙ4	 DelItem: Kim Phong Kú L©n HuyÕt
06:22:16	 Account: quangthaian4	Name: TrainÙ4	 DelItem: Kim Phong Thanh D­¬ng Kh«i
06:22:57	 Account: kuttun3	Name: TaoÙHeÙMoc1	 DelItem: Kim Phong Lan §×nh Ngäc
06:31:45	 Account: kuttun3	Name: TaoÙHeÙMoc1	 DelItem: Kim Phong Tr¹c Liªn Quang
06:34:32	 Account: hieuphan	Name: DiepCoThanh	 DelItem: Kim Phong HËu NghÖ dÉn cung
06:35:53	 Account: ldtrieu4	Name: OKÙFineÙ4	 DelItem: Kim Phong Thiªn Lı Th¶o Th­îng Phi
06:47:34	 Account: ldtrieu1	Name: OKÙFine	 DelItem: Kim Phong Lan §×nh Ngäc
06:48:40	 Account: hieuphan2	Name: DiepVienVien	 DelItem: Kim Phong Kú L©n HuyÕt
06:49:38	 Account: hieuphan3	Name: DocThamCu	 DelItem: Kim Phong Thanh D­¬ng Kh«i
06:50:18	 Account: ldtrieu2	Name: OKÙFineÙ2	 DelItem: Kim Phong Lan §×nh Ngäc
07:06:49	 Account: ldtrieu1	Name: OKÙFine	 DelItem: Hoa cóc tİm
07:06:49	 Account: ldtrieu1	Name: OKÙFine	 DelItem: Kim Phong Thiªn Lı Th¶o Th­îng Phi
07:13:30	 Account: ldtrieu	Name: ÙOKÙFineÙ	 DelItem: Tóc S­¬ng
07:14:23	 Account: thaithao	Name: Xo¸yÙTècÙV¸y	 DelItem: Kim Phong C«ng CÈn Tam Th¸n
07:14:23	 Account: thaithao	Name: Xo¸yÙTècÙV¸y	 DelItem: Tóc S­¬ng
07:16:54	 Account: thaithao1	Name: BÊtÙL­¬ngÙNh©n	 DelItem: Kim Phong C«ng CÈn Tam Th¸n
07:16:54	 Account: thaithao1	Name: BÊtÙL­¬ngÙNh©n	 DelItem: Tóc S­¬ng
07:19:58	 Account: rudykik3	Name: NMQÙVTÙTL	 DelItem: Kim Phong §o¹t Hån Ngäc ®¸i
07:19:58	 Account: rudykik3	Name: NMQÙVTÙTL	 DelItem: Kim Phong HËu NghÖ dÉn cung
07:36:55	 Account: zero9x3	Name: HoµngÙD­îcÙS­	 DelItem: Kim Phong Thiªn Lı Th¶o Th­îng Phi
07:58:12	 Account: zero9x	Name: YuriBoyka	 DelItem: Kim Phong HËu NghÖ dÉn cung
08:00:08	 Account: zero9x2	Name: Ù§écT×nh	 DelItem: Kim Phong Lan §×nh Ngäc
08:00:08	 Account: zero9x2	Name: Ù§écT×nh	 DelItem: Kim Phong Thiªn Lı Th¶o Th­îng Phi
08:21:22	 Account: rudykik4	Name: NMQÙVTÙNDD	 DelItem: Kim Phong C«ng CÈn Tam Th¸n
08:21:22	 Account: rudykik4	Name: NMQÙVTÙNDD	 DelItem: Tóc S­¬ng
08:29:40	 Account: zero9x3	Name: HoµngÙD­îcÙS­	 DelItem: Kim Phong Tr¹c Liªn Quang
08:30:15	 Account: vuongvu33	Name: QuaiÙVatÙDoc	 DelItem: Kim Phong C«ng CÈn Tam Th¸n
08:36:37	 Account: vuongvu11	Name: ÙÙÙKUAÙÙÙ	 DelItem: Kim Phong Thanh D­¬ng Kh«i
08:36:37	 Account: vuongvu11	Name: ÙÙÙKUAÙÙÙ	 DelItem: Kim Phong Kú L©n HuyÕt
08:36:37	 Account: vuongvu11	Name: ÙÙÙKUAÙÙÙ	 DelItem: Kim Phong Tr¹c Liªn Quang
08:38:06	 Account: zero9x3	Name: HoµngÙD­îcÙS­	 DelItem: Kim Phong Kú L©n HuyÕt
08:41:45	 Account: vuongvu22	Name: AÙKÙÙÙ	 DelItem: Kim Phong Lan §×nh Ngäc
08:41:45	 Account: vuongvu22	Name: AÙKÙÙÙ	 DelItem: Kim Phong Thanh D­¬ng Kh«i
08:42:16	 Account: vuongvu22	Name: AÙKÙÙÙ	 DelItem: Kim Phong Tr¹c Liªn Quang
08:44:50	 Account: zero9x2	Name: Ù§écT×nh	 DelItem: Kim Phong Kú L©n HuyÕt
08:44:50	 Account: zero9x2	Name: Ù§écT×nh	 DelItem: Kim Phong Tr¹c Liªn Quang
08:44:50	 Account: zero9x2	Name: Ù§écT×nh	 DelItem: Kim Phong HËu NghÖ dÉn cung
09:05:06	 Account: zero9x	Name: YuriBoyka	 DelItem: CÈm Nang T©n Thñ
09:05:06	 Account: zero9x	Name: YuriBoyka	 DelItem: Kim Phong Tr¹c Liªn Quang
09:14:41	 Account: zero9x2	Name: Ù§écT×nh	 DelItem: Kim Phong §o¹t Hån Ngäc ®¸i
09:16:41	 Account: rudykik4	Name: NMQÙVTÙNDD	 DelItem: Kim Phong Thanh D­¬ng Kh«i
09:22:07	 Account: rudykik4	Name: NMQÙVTÙNDD	 DelItem: Kim Phong Thiªn Lı Th¶o Th­îng Phi
09:26:12	 Account: rudykik4	Name: NMQÙVTÙNDD	 DelItem: Kim Phong Kú L©n HuyÕt
09:47:34	 Account: ldtrieu5	Name: SanBoss	 DelItem: Tóc S­¬ng
09:47:47	 Account: x04cent	Name: ÙXeÙVeÙChaiÙ	 DelItem: Kim Phong §ång T­íc Xu©n Th©m
09:47:47	 Account: x04cent	Name: ÙXeÙVeÙChaiÙ	 DelItem: Kim Phong C«ng CÈn Tam Th¸n
09:47:47	 Account: x04cent	Name: ÙXeÙVeÙChaiÙ	 DelItem: Tói M¸u T©n Thñ
09:56:53	 Account: xuanhung	Name: C«ÙG¸iÙ£Ù§ª	 DelItem: Kim Phong Thanh D­¬ng Kh«i
09:57:10	 Account: xuanhung	Name: C«ÙG¸iÙ£Ù§ª	 DelItem: Kim Phong Kú L©n HuyÕt
10:02:29	 Account: ldtrieu5	Name: SanBoss	 DelItem: Kim Phong §o¹t Hån Ngäc ®¸i
10:02:29	 Account: ldtrieu5	Name: SanBoss	 DelItem: Kim Phong Thanh D­¬ng Kh«i
10:02:49	 Account: ldtrieu5	Name: SanBoss	 DelItem: Kim Phong Kú L©n HuyÕt
10:03:46	 Account: xuanhung1	Name: NáÙHÕtÙ§¹n	 DelItem: Kim Phong Thiªn Lı Th¶o Th­îng Phi
10:05:19	 Account: x04cent	Name: ÙXeÙVeÙChaiÙ	 DelItem: Kim Phong HËu NghÖ dÉn cung
10:11:10	 Account: lcduc297a	Name: S¸tÙThÇn	 DelItem: Kim Phong Lan §×nh Ngäc
10:11:14	 Account: ldtrieu5	Name: SanBoss	 DelItem: Kim Phong Thiªn Lı Th¶o Th­îng Phi
10:12:22	 Account: x04cent	Name: ÙXeÙVeÙChaiÙ	 DelItem: Kim Phong Thiªn Lı Th¶o Th­îng Phi
10:12:27	 Account: lcduc297a	Name: S¸tÙThÇn	 DelItem: Kim Phong C«ng CÈn Tam Th¸n
10:14:06	 Account: x04cent	Name: ÙXeÙVeÙChaiÙ	 DelItem: Kim Phong Kú L©n HuyÕt
10:15:03	 Account: ldtrieu5	Name: SanBoss1	 DelItem: Tóc S­¬ng
10:15:11	 Account: x04cent	Name: ÙXeÙVeÙChaiÙ	 DelItem: Kim Phong §o¹t Hån Ngäc ®¸i
10:15:11	 Account: x04cent	Name: ÙXeÙVeÙChaiÙ	 DelItem: Kim Phong Thanh D­¬ng Kh«i
10:17:50	 Account: ldtrieu5	Name: SanBoss1	 DelItem: Kim Phong Lan §×nh Ngäc
10:18:59	 Account: ldtrieu5	Name: SanBoss1	 DelItem: Kim Phong HËu NghÖ dÉn cung
10:18:59	 Account: ldtrieu5	Name: SanBoss1	 DelItem: Kim Phong §o¹t Hån Ngäc ®¸i
10:18:59	 Account: ldtrieu5	Name: SanBoss1	 DelItem: Kim Phong Kú L©n HuyÕt
10:20:03	 Account: x04cent	Name: ÙXeÙVeÙChaiÙ	 DelItem: Kim Phong Lan §×nh Ngäc
10:20:03	 Account: x04cent	Name: ÙXeÙVeÙChaiÙ	 DelItem: Kim Phong Tr¹c Liªn Quang
10:21:19	 Account: thaithao1	Name: BÊtÙL­¬ngÙNh©n	 DelItem: Kim Phong Thiªn Lı Th¶o Th­îng Phi
10:21:19	 Account: thaithao1	Name: BÊtÙL­¬ngÙNh©n	 DelItem: Kim Phong HËu NghÖ dÉn cung
10:21:19	 Account: thaithao1	Name: BÊtÙL­¬ngÙNh©n	 DelItem: Kim Phong §o¹t Hån Ngäc ®¸i
10:21:19	 Account: thaithao1	Name: BÊtÙL­¬ngÙNh©n	 DelItem: Kim Phong Thanh D­¬ng Kh«i
10:24:02	 Account: thaithao	Name: Xo¸yÙTècÙV¸y	 DelItem: Kim Phong Thiªn Lı Th¶o Th­îng Phi
10:27:36	 Account: ldtrieu5	Name: SanBoss1	 DelItem: Kim Phong Tr¹c Liªn Quang
10:27:36	 Account: ldtrieu5	Name: SanBoss1	 DelItem: Kim Phong Thanh D­¬ng Kh«i
10:31:06	 Account: ldtrieu6	Name: Sanboss1	 DelItem: Tóc S­¬ng
10:32:12	 Account: ldtrieu6	Name: Sanboss1	 DelItem: Kim Phong Lan §×nh Ngäc
10:36:23	 Account: ldtrieu6	Name: Sanboss1	 DelItem: Kim Phong §o¹t Hån Ngäc ®¸i
10:36:23	 Account: ldtrieu6	Name: Sanboss1	 DelItem: Kim Phong Thanh D­¬ng Kh«i
10:37:28	 Account: gaokojz2	Name: §­êngNguyÖtLiªn	 DelItem: Kim Phong Thanh D­¬ng Kh«i
10:47:10	 Account: ldtrieu6	Name: Sanboss1	 DelItem: Kim Phong C«ng CÈn Tam Th¸n
10:47:10	 Account: ldtrieu6	Name: Sanboss1	 DelItem: Kim Phong Tr¹c Liªn Quang
10:54:12	 Account: ldtrieu6	Name: KEMETAO	 DelItem: Tóc S­¬ng
10:55:55	 Account: ldtrieu6	Name: KEMETAO	 DelItem: Kim Phong Lan §×nh Ngäc
10:55:55	 Account: ldtrieu6	Name: KEMETAO	 DelItem: Kim Phong C«ng CÈn Tam Th¸n
11:02:45	 Account: vuongvu44	Name: ¸ÙµÙghªÙgím	 DelItem: Kim Phong C«ng CÈn Tam Th¸n
11:06:46	 Account: ldtrieu6	Name: KEMETAO	 DelItem: Kim Phong §o¹t Hån Ngäc ®¸i
11:08:21	 Account: ldtrieu6	Name: KEMETAO	 DelItem: Kim Phong HËu NghÖ dÉn cung
11:08:21	 Account: ldtrieu6	Name: KEMETAO	 DelItem: Kim Phong Thanh D­¬ng Kh«i
11:15:04	 Account: ldtrieu6	Name: KEMEMAY	 DelItem: Tóc S­¬ng
11:23:01	 Account: ldtrieu6	Name: KEMEMAY	 DelItem: Kim Phong Lan §×nh Ngäc
11:23:38	 Account: ldtrieu6	Name: KEMEMAY	 DelItem: Kim Phong §ång T­íc Xu©n Th©m
11:23:38	 Account: ldtrieu6	Name: KEMEMAY	 DelItem: Kim Phong C«ng CÈn Tam Th¸n
11:26:59	 Account: akenqn1994	Name: smileÙTN	 DelItem: Kim Phong Thiªn Lı Th¶o Th­îng Phi
11:26:59	 Account: akenqn1994	Name: smileÙTN	 DelItem: Kim Phong §ång T­íc Xu©n Th©m
11:29:37	 Account: ldtrieu6	Name: KEMEMAY	 DelItem: Kim Phong Tr¹c Liªn Quang
11:29:37	 Account: ldtrieu6	Name: KEMEMAY	 DelItem: Kim Phong Thanh D­¬ng Kh«i
11:33:26	 Account: akenqn1990	Name: ÙsmileÙ	 DelItem: Kim Phong Lan §×nh Ngäc
11:33:26	 Account: akenqn1990	Name: ÙsmileÙ	 DelItem: Kim Phong C«ng CÈn Tam Th¸n
11:34:08	 Account: ldtrieu7	Name: CONMEMAY	 DelItem: Kim Phong C«ng CÈn Tam Th¸n
11:34:08	 Account: ldtrieu7	Name: CONMEMAY	 DelItem: Tóc S­¬ng
11:37:09	 Account: akenqn1992	Name: ÙsmileÙNM	 DelItem: Kim Phong Lan §×nh Ngäc
11:38:26	 Account: akenqn1990	Name: ÙsmileÙ	 DelItem: T©n Thñ Giíi ChØ
11:38:59	 Account: tuphuongmau1	Name: C¸ÙMËp	 DelItem: Kim Phong Kú L©n HuyÕt
11:39:21	 Account: akenqn1991	Name: smileÙ1	 DelItem: T©n Thñ Giíi ChØ
11:39:21	 Account: akenqn1991	Name: smileÙ1	 DelItem: Kim Phong Thiªn Lı Th¶o Th­îng Phi
11:40:18	 Account: tuphuongmau	Name: C¸ÙChim	 DelItem: Kim Phong Kú L©n HuyÕt
11:41:04	 Account: tuphuongmau4	Name: C¸ÙSÆc	 DelItem: Kim Phong Thiªn Lı Th¶o Th­îng Phi
11:41:04	 Account: tuphuongmau4	Name: C¸ÙSÆc	 DelItem: Kim Phong Lan §×nh Ngäc
11:41:04	 Account: tuphuongmau4	Name: C¸ÙSÆc	 DelItem: Kim Phong §o¹t Hån Ngäc ®¸i
11:41:04	 Account: tuphuongmau4	Name: C¸ÙSÆc	 DelItem: Kim Phong C«ng CÈn Tam Th¸n
11:41:04	 Account: tuphuongmau4	Name: C¸ÙSÆc	 DelItem: Kim Phong Kú L©n HuyÕt
11:41:04	 Account: tuphuongmau4	Name: C¸ÙSÆc	 DelItem: Kim Phong Thanh D­¬ng Kh«i
11:41:38	 Account: hieuphan2	Name: DiepVienVien	 DelItem: Kim Phong Thiªn Lı Th¶o Th­îng Phi
11:43:25	 Account: tuphuongmau1	Name: C¸ÙMËp	 DelItem: Kim Phong Thiªn Lı Th¶o Th­îng Phi
11:43:25	 Account: tuphuongmau1	Name: C¸ÙMËp	 DelItem: Kim Phong Lan §×nh Ngäc
11:43:25	 Account: tuphuongmau1	Name: C¸ÙMËp	 DelItem: Kim Phong §o¹t Hån Ngäc ®¸i
11:43:25	 Account: tuphuongmau1	Name: C¸ÙMËp	 DelItem: Kim Phong Thanh D­¬ng Kh«i
11:44:41	 Account: ldtrieu7	Name: CONMEMAY	 DelItem: Kim Phong §ång T­íc Xu©n Th©m
11:44:41	 Account: ldtrieu7	Name: CONMEMAY	 DelItem: Kim Phong Lan §×nh Ngäc
11:44:41	 Account: ldtrieu7	Name: CONMEMAY	 DelItem: Kim Phong HËu NghÖ dÉn cung
11:44:41	 Account: ldtrieu7	Name: CONMEMAY	 DelItem: Kim Phong §o¹t Hån Ngäc ®¸i
11:44:41	 Account: ldtrieu7	Name: CONMEMAY	 DelItem: Kim Phong Tr¹c Liªn Quang
11:44:41	 Account: ldtrieu7	Name: CONMEMAY	 DelItem: Kim Phong Thanh D­¬ng Kh«i
11:45:39	 Account: vuongvu22	Name: AÙKÙÙÙ	 DelItem: Kim Phong §ång T­íc Xu©n Th©m
11:45:39	 Account: vuongvu22	Name: AÙKÙÙÙ	 DelItem: Kim Phong §o¹t Hån Ngäc ®¸i
11:46:23	 Account: tctvvn	Name: TraTaoCaiQuan	 DelItem: Kim Phong Thanh D­¬ng Kh«i
11:46:23	 Account: tctvvn	Name: TraTaoCaiQuan	 DelItem: Kim Phong C«ng CÈn Tam Th¸n
11:46:23	 Account: tctvvn	Name: TraTaoCaiQuan	 DelItem: Kim Phong §o¹t Hån Ngäc ®¸i
11:46:23	 Account: tctvvn	Name: TraTaoCaiQuan	 DelItem: Kim Phong HËu NghÖ dÉn cung
11:46:23	 Account: tctvvn	Name: TraTaoCaiQuan	 DelItem: Kim Phong Thiªn Lı Th¶o Th­îng Phi
11:46:51	 Account: tctvvn	Name: TraTaoCaiQuan	 DelItem: Kim Phong Thiªn Lı Th¶o Th­îng Phi
11:46:51	 Account: tctvvn	Name: TraTaoCaiQuan	 DelItem: Kim Phong Thanh D­¬ng Kh«i
11:46:51	 Account: tctvvn	Name: TraTaoCaiQuan	 DelItem: Kim Phong Kú L©n HuyÕt
11:47:35	 Account: lcduc297b	Name: S¸tÙThñ	 DelItem: Kim Phong C«ng CÈn Tam Th¸n
11:47:35	 Account: lcduc297b	Name: S¸tÙThñ	 DelItem: Kim Phong Lan §×nh Ngäc
11:47:43	 Account: akenqn1990	Name: ÙsmileÙ	 DelItem: Kim Phong Tr¹c Liªn Quang
11:47:58	 Account: gaokojz1	Name: HµnNh­îcTuyÕt	 DelItem: Kim Phong Thiªn Lı Th¶o Th­îng Phi
11:48:20	 Account: akenqn1991	Name: smileÙ1	 DelItem: Kim Phong Kú L©n HuyÕt
11:48:27	 Account: ldtrieu7	Name: SATTHUSO1	 DelItem: Tóc S­¬ng
11:49:16	 Account: thaithao	Name: Xo¸yÙTècÙV¸y	 DelItem: Kim Phong Thanh D­¬ng Kh«i
11:49:32	 Account: lcduc297c	Name: XeÙCTC	 DelItem: Kim Phong HËu NghÖ dÉn cung
11:49:32	 Account: lcduc297c	Name: XeÙCTC	 DelItem: Kim Phong Thiªn Lı Th¶o Th­îng Phi
11:49:32	 Account: lcduc297c	Name: XeÙCTC	 DelItem: Kim Phong §ång T­íc Xu©n Th©m
11:50:27	 Account: lcduc297c	Name: XeÙCTC	 DelItem: Kim Phong Thanh D­¬ng Kh«i
11:51:56	 Account: akenqn1994	Name: smileÙTN	 DelItem: Kim Phong Thanh D­¬ng Kh«i
11:58:26	 Account: xuanhung3	Name: LıÙMéÙUyÓn	 DelItem: Kim Phong Thiªn Lı Th¶o Th­îng Phi
12:03:29	 Account: xuanhung	Name: C«ÙG¸iÙ£Ù§ª	 DelItem: Kim Phong §ång T­íc Xu©n Th©m
12:03:29	 Account: xuanhung	Name: C«ÙG¸iÙ£Ù§ª	 DelItem: Kim Phong Thiªn Lı Th¶o Th­îng Phi
12:05:19	 Account: sssssw	Name: M¹nhBµ	 DelItem: Kim Phong Kú L©n HuyÕt
12:05:19	 Account: sssssw	Name: M¹nhBµ	 DelItem: Kim Phong Tr¹c Liªn Quang
12:05:38	 Account: sssssw	Name: M¹nhBµ	 DelItem: Kim Phong Thanh D­¬ng Kh«i
12:05:38	 Account: sssssw	Name: M¹nhBµ	 DelItem: Kim Phong §o¹t Hån Ngäc ®¸i
12:05:38	 Account: sssssw	Name: M¹nhBµ	 DelItem: Kim Phong HËu NghÖ dÉn cung
12:07:07	 Account: akenqn1994	Name: smileÙTN	 DelItem: Kim Phong Tr¹c Liªn Quang
12:07:07	 Account: akenqn1994	Name: smileÙTN	 DelItem: Kim Phong C«ng CÈn Tam Th¸n
12:07:55	 Account: mrxiagl6	Name: HångThÊtC«ng	 DelItem: Tóc S­¬ng
12:07:58	 Account: mrxiagl6	Name: HångThÊtC«ng	 DelItem: Kim Phong Kú L©n HuyÕt
12:08:00	 Account: mrxiagl6	Name: HångThÊtC«ng	 DelItem: Kim Phong Thanh D­¬ng Kh«i
12:13:05	 Account: ldtrieu1	Name: 0KÙFine	 DelItem: Kim Phong §ång T­íc Xu©n Th©m
12:13:05	 Account: ldtrieu1	Name: 0KÙFine	 DelItem: Kim Phong Thiªn Lı Th¶o Th­îng Phi
12:13:05	 Account: ldtrieu1	Name: 0KÙFine	 DelItem: Kim Phong Lan §×nh Ngäc
12:13:05	 Account: ldtrieu1	Name: 0KÙFine	 DelItem: Kim Phong Tr¹c Liªn Quang
12:15:21	 Account: akenqn1994	Name: smileÙTN	 DelItem: Kim Phong Kú L©n HuyÕt
12:17:06	 Account: ldtrieu4	Name: 0KÙFineÙ4	 DelItem: Tóc S­¬ng
12:17:57	 Account: quangthaian7	Name: TrainÙ7	 DelItem: ThiÕu L©m QuyÒn Ph¸p. QuyÓn 1
12:18:50	 Account: ldtrieu4	Name: 0KÙFineÙ4	 DelItem: Kim Phong C«ng CÈn Tam Th¸n
12:18:50	 Account: ldtrieu4	Name: 0KÙFineÙ4	 DelItem: Kim Phong Thanh D­¬ng Kh«i
12:28:16	 Account: vuongvu22	Name: AÙKÙÙÙ	 DelItem: Kim Phong Thiªn Lı Th¶o Th­îng Phi
12:28:19	 Account: ldtrieu1	Name: 0KÙFine	 DelItem: Kim Phong C«ng CÈn Tam Th¸n
12:28:19	 Account: ldtrieu1	Name: 0KÙFine	 DelItem: Kim Phong Kú L©n HuyÕt
12:28:19	 Account: ldtrieu1	Name: 0KÙFine	 DelItem: Kim Phong Thanh D­¬ng Kh«i
12:29:48	 Account: rudykik3	Name: NMQÙVTÙTL	 DelItem: Kim Phong Kú L©n HuyÕt
12:29:48	 Account: rudykik3	Name: NMQÙVTÙTL	 DelItem: Kim Phong Lan §×nh Ngäc
12:38:28	 Account: ldtrieu1	Name: 0KÙFine	 DelItem: Kim Phong §o¹t Hån Ngäc ®¸i
12:45:13	 Account: gaokojz2	Name: §­êngNguyÖtLiªn	 DelItem: Kim Phong Thiªn Lı Th¶o Th­îng Phi
12:47:35	 Account: vuongvu22	Name: AÙKÙÙÙ	 DelItem: Kim Phong HËu NghÖ dÉn cung
12:50:30	 Account: akenqn1992	Name: ÙsmileÙNM	 DelItem: Kim Phong Tr¹c Liªn Quang
12:52:00	 Account: rudykik	Name: NMQÙVTÙDM	 DelItem: Kim Phong Kú L©n HuyÕt
12:53:06	 Account: akenqn1994	Name: smileÙTN	 DelItem: Kim Phong §o¹t Hån Ngäc ®¸i
12:53:06	 Account: akenqn1994	Name: smileÙTN	 DelItem: Kim Phong Lan §×nh Ngäc
12:56:49	 Account: akenqn1992	Name: ÙsmileÙNM	 DelItem: Kim Phong C«ng CÈn Tam Th¸n
12:56:56	 Account: ldtrieu1	Name: 0KÙFine	 DelItem: PhØ Thóy Ngäc Tr¹c
12:56:56	 Account: ldtrieu1	Name: 0KÙFine	 DelItem: PhØ Thóy Ngäc Tr¹c
12:58:30	 Account: akenqn1991	Name: smileÙ1	 DelItem: Kim Phong Tr¹c Liªn Quang
12:58:30	 Account: akenqn1991	Name: smileÙ1	 DelItem: Kim Phong §o¹t Hån Ngäc ®¸i
12:58:54	 Account: ldtrieu1	Name: 0KÙFine	 DelItem: Thiªn Tµm Hé UyÓn
12:58:54	 Account: ldtrieu1	Name: 0KÙFine	 DelItem: Long L©n Hé UyÓn
12:58:54	 Account: ldtrieu1	Name: 0KÙFine	 DelItem: Sa B× Hé UyÓn
12:58:54	 Account: ldtrieu1	Name: 0KÙFine	 DelItem: Sa B× Hé UyÓn
12:58:54	 Account: ldtrieu1	Name: 0KÙFine	 DelItem: Thiªn Tµm Hé UyÓn
12:58:54	 Account: ldtrieu1	Name: 0KÙFine	 DelItem: Sa B× Hé UyÓn
12:58:54	 Account: ldtrieu1	Name: 0KÙFine	 DelItem: Kim Phong HËu NghÖ dÉn cung
13:01:46	 Account: rudykik4	Name: NMQÙVTÙNDD	 DelItem: Kim Phong Lan §×nh Ngäc
13:01:46	 Account: rudykik4	Name: NMQÙVTÙNDD	 DelItem: Kim Phong §ång T­íc Xu©n Th©m
13:02:02	 Account: ldtrieu3	Name: OKÙFineÙ3	 DelItem: Kim Phong Thanh D­¬ng Kh«i
13:09:01	 Account: thaithao1	Name: BÊtÙL­¬ngÙNh©n	 DelItem: Kim Phong Kú L©n HuyÕt
13:09:28	 Account: xuanhung3	Name: LıÙMéÙUyÓn	 DelItem: Kim Phong Thanh D­¬ng Kh«i
13:14:26	 Account: xuanhung3	Name: LıÙMéÙUyÓn	 DelItem: Kim Phong C«ng CÈn Tam Th¸n
13:17:26	 Account: gaokojz	Name: KimThiªnLong	 DelItem: Kim Phong Tr¹c Liªn Quang
13:17:38	 Account: gaokojz	Name: KimThiªnLong	 DelItem: Kim Phong §ång T­íc Xu©n Th©m
13:18:07	 Account: gaokojz2	Name: §­êngNguyÖtLiªn	 DelItem: Kim Phong HËu NghÖ dÉn cung
13:18:42	 Account: ldtrieu3	Name: OKÙFineÙ3	 DelItem: Kim Phong Lan §×nh Ngäc
13:18:47	 Account: gaokojz2	Name: §­êngNguyÖtLiªn	 DelItem: Kim Phong Lan §×nh Ngäc
13:18:47	 Account: gaokojz2	Name: §­êngNguyÖtLiªn	 DelItem: Kim Phong §o¹t Hån Ngäc ®¸i
13:20:54	 Account: gaokojz	Name: KimThiªnLong	 DelItem: Kim Phong Thiªn Lı Th¶o Th­îng Phi
13:20:54	 Account: gaokojz	Name: KimThiªnLong	 DelItem: Kim Phong HËu NghÖ dÉn cung
13:20:54	 Account: gaokojz	Name: KimThiªnLong	 DelItem: Kim Phong Kú L©n HuyÕt
13:30:26	 Account: akenqn1993	Name: ÙsmileÙDM	 DelItem: Tóc S­¬ng
13:30:26	 Account: akenqn1993	Name: ÙsmileÙDM	 DelItem: T©n Thñ Giíi ChØ
13:30:35	 Account: ldtrieu3	Name: OKÙFineÙ3	 DelItem: Kim Phong Kú L©n HuyÕt
13:33:48	 Account: akenqn1993	Name: ÙsmileÙDM	 DelItem: Kim Phong Kú L©n HuyÕt
13:38:54	 Account: xuanhung1	Name: NáÙHÕtÙ§¹n	 DelItem: Kim Phong Thanh D­¬ng Kh«i
13:38:54	 Account: xuanhung1	Name: NáÙHÕtÙ§¹n	 DelItem: Kim Phong HËu NghÖ dÉn cung
13:48:54	 Account: xuanhung	Name: C«ÙG¸iÙ£Ù§ª	 DelItem: Kim Phong §o¹t Hån Ngäc ®¸i
13:52:49	 Account: xuanhung1	Name: NáÙHÕtÙ§¹n	 DelItem: Kim Phong §o¹t Hån Ngäc ®¸i
13:52:49	 Account: xuanhung1	Name: NáÙHÕtÙ§¹n	 DelItem: Kim Phong Lan §×nh Ngäc
13:53:16	 Account: xuanhung1	Name: NáÙHÕtÙ§¹n	 DelItem: Kim Phong Kú L©n HuyÕt
13:54:27	 Account: sicola	Name: C¸ÙTrµÙBËc	 DelItem: Tóc S­¬ng
14:01:25	 Account: duylinh8	Name: huylinh008	 DelItem: Kim Phong §ång T­íc Xu©n Th©m
14:01:25	 Account: duylinh8	Name: huylinh008	 DelItem: Kim Phong Thiªn Lı Th¶o Th­îng Phi
14:01:25	 Account: duylinh8	Name: huylinh008	 DelItem: Kim Phong Lan §×nh Ngäc
14:01:25	 Account: duylinh8	Name: huylinh008	 DelItem: Kim Phong HËu NghÖ dÉn cung
14:01:25	 Account: duylinh8	Name: huylinh008	 DelItem: Kim Phong §o¹t Hån Ngäc ®¸i
14:01:25	 Account: duylinh8	Name: huylinh008	 DelItem: Kim Phong Tr¹c Liªn Quang
14:01:25	 Account: duylinh8	Name: huylinh008	 DelItem: Kim Phong Kú L©n HuyÕt
14:01:25	 Account: duylinh8	Name: huylinh008	 DelItem: Kim Phong Thanh D­¬ng Kh«i
14:11:26	 Account: sicola2	Name: C¸ÙThuûÙQu¸i	 DelItem: Tóc S­¬ng
14:11:36	 Account: ldtrieu2	Name: OKÙFineÙ2	 DelItem: Kim Phong Thanh D­¬ng Kh«i
14:14:50	 Account: sicola3	Name: C¸ÙLiaÙThia	 DelItem: Tóc S­¬ng
14:42:52	 Account: mixmuzz	Name: HoaS¬nKiÕm	 DelItem: Kim Phong Thanh D­¬ng Kh«i
14:42:52	 Account: mixmuzz	Name: HoaS¬nKiÕm	 DelItem: Kim Phong Kú L©n HuyÕt
14:42:52	 Account: mixmuzz	Name: HoaS¬nKiÕm	 DelItem: Kim Phong Tr¹c Liªn Quang
14:42:52	 Account: mixmuzz	Name: HoaS¬nKiÕm	 DelItem: Kim Phong C«ng CÈn Tam Th¸n
14:42:52	 Account: mixmuzz	Name: HoaS¬nKiÕm	 DelItem: Kim Phong HËu NghÖ dÉn cung
14:42:52	 Account: mixmuzz	Name: HoaS¬nKiÕm	 DelItem: Kim Phong Lan §×nh Ngäc
14:42:52	 Account: mixmuzz	Name: HoaS¬nKiÕm	 DelItem: Kim Phong §ång T­íc Xu©n Th©m
14:48:07	 Account: duylinh7	Name: duylinh7a123456a	 DelItem: Kim Phong Thanh D­¬ng Kh«i
14:48:07	 Account: duylinh7	Name: duylinh7a123456a	 DelItem: Kim Phong Lan §×nh Ngäc
14:56:40	 Account: vugiang	Name: SieuToc	 DelItem: Phong V©n Phi Tèc hoµn
14:56:40	 Account: vugiang	Name: SieuToc	 DelItem: LÖnh bµi
14:56:40	 Account: vugiang	Name: SieuToc	 DelItem: ChiÕn cæ 
14:56:46	 Account: gaokojz	Name: KimThiªnLong	 DelItem: Kim Phong Thanh D­¬ng Kh«i
14:57:18	 Account: gaokojz3	Name: H¾cNhiMuéi	 DelItem: Kim Phong Thanh D­¬ng Kh«i
14:58:27	 Account: gaokojz3	Name: H¾cNhiMuéi	 DelItem: Kim Phong Thiªn Lı Th¶o Th­îng Phi
14:59:50	 Account: gaokojz2	Name: §­êngNguyÖtLiªn	 DelItem: Kim Phong Tr¹c Liªn Quang
15:21:33	 Account: ngaoop1	Name: NgaoOp	 DelItem: Kim Phong Tr¹c Liªn Quang
15:21:33	 Account: ngaoop1	Name: NgaoOp	 DelItem: Kim Phong HËu NghÖ dÉn cung
15:21:33	 Account: ngaoop1	Name: NgaoOp	 DelItem: Kim Phong Lan §×nh Ngäc
15:22:03	 Account: ngaoop1	Name: NgaoOp	 DelItem: Kim Phong §ång T­íc Xu©n Th©m
15:33:36	 Account: ngaoop1	Name: NgaoOp	 DelItem: [ Nguyªn So¸i ] trang søc
15:33:36	 Account: ngaoop1	Name: NgaoOp	 DelItem: Kim Phong Kú L©n HuyÕt
15:33:36	 Account: ngaoop1	Name: NgaoOp	 DelItem: Kim Phong §o¹t Hån Ngäc ®¸i
15:47:25	 Account: ngaoop1	Name: NgaoOp	 DelItem: [ Nguyªn So¸i ] trang søc
15:47:25	 Account: ngaoop1	Name: NgaoOp	 DelItem: [ Nguyªn So¸i ] phi phong
15:53:09	 Account: ngaoop2	Name: taohach2	 DelItem: Thiªn s¬n  B¶o Lé 
15:53:09	 Account: ngaoop2	Name: taohach2	 DelItem: LÖnh bµi
15:57:52	 Account: ngaoop2	Name: taohach2	 DelItem: LÖnh bµi
15:57:52	 Account: ngaoop2	Name: taohach2	 DelItem: ChiÕn cæ 
15:57:52	 Account: ngaoop2	Name: taohach2	 DelItem: Phong V©n Phi Tèc hoµn
15:57:52	 Account: ngaoop2	Name: taohach2	 DelItem: Tiªn Th¶o Lé 
15:57:52	 Account: ngaoop2	Name: taohach2	 DelItem: QuÕ Hoa Töu
15:57:52	 Account: ngaoop2	Name: taohach2	 DelItem: ChiÕn cæ 
15:57:52	 Account: ngaoop2	Name: taohach2	 DelItem: Phong V©n Phi Tèc hoµn
15:57:52	 Account: ngaoop2	Name: taohach2	 DelItem: Tói M¸u T©n Thñ
15:57:52	 Account: ngaoop2	Name: taohach2	 DelItem: Phi Tèc hoµn
16:01:51	 Account: akenqn1990	Name: ÙsmileÙ	 DelItem: Kim Phong §o¹t Hån Ngäc ®¸i
16:04:20	 Account: ldtrieu4	Name: 0KÙFineÙ4	 DelItem: Táa Tö Hoµng Kim gi¸p
16:07:53	 Account: ldtrieu2	Name: OKÙFineÙ2	 DelItem: Kim Phong Tr¹c Liªn Quang
16:20:37	 Account: akenqn1990	Name: ÙsmileÙ	 DelItem: Hu©n c«ng bµi Tèng Kim
16:20:37	 Account: akenqn1990	Name: ÙsmileÙ	 DelItem: Hu©n c«ng bµi Tèng Kim
16:25:29	 Account: duylinh3	Name: duylinh3	 DelItem: Kim Phong HËu NghÖ dÉn cung
16:30:13	 Account: vuongvu44	Name: ¸ÙµÙghªÙgím	 DelItem: Kim Phong Thiªn Lı Th¶o Th­îng Phi
16:32:55	 Account: ngaoop1	Name: NgaoOp	 DelItem: Kim Phong Thanh D­¬ng Kh«i
16:32:55	 Account: ngaoop1	Name: NgaoOp	 DelItem: Kim Phong Thiªn Lı Th¶o Th­îng Phi
16:34:00	 Account: ldtrieu4	Name: 0KÙFineÙ4	 DelItem: Kim Phong §o¹t Hån Ngäc ®¸i
16:35:16	 Account: hieuphan1	Name: TangChu	 DelItem: Kim Phong Lan §×nh Ngäc
16:43:29	 Account: ldtrieu2	Name: OKÙFineÙ2	 DelItem: Kim Phong Tr¹c Liªn Quang
16:43:29	 Account: ldtrieu2	Name: OKÙFineÙ2	 DelItem: Kim Phong §o¹t Hån Ngäc ®¸i
16:43:29	 Account: ldtrieu2	Name: OKÙFineÙ2	 DelItem: Kim Phong HËu NghÖ dÉn cung
16:45:37	 Account: hieuphan1	Name: TangChu	 DelItem: Kim Phong Kú L©n HuyÕt
16:46:11	 Account: ldtrieu4	Name: 0KÙFineÙ4	 DelItem: Kim Phong Kú L©n HuyÕt
16:46:11	 Account: ldtrieu4	Name: 0KÙFineÙ4	 DelItem: Kim Phong HËu NghÖ dÉn cung
16:46:11	 Account: ldtrieu4	Name: 0KÙFineÙ4	 DelItem: Kim Phong Thiªn Lı Th¶o Th­îng Phi
16:47:01	 Account: ngaoop1	Name: NgaoOp	 DelItem: QuÕ Hoa Töu
16:47:01	 Account: ngaoop1	Name: NgaoOp	 DelItem: Thiªn s¬n  B¶o Lé 
16:47:01	 Account: ngaoop1	Name: NgaoOp	 DelItem: QuÕ Hoa Töu
16:47:01	 Account: ngaoop1	Name: NgaoOp	 DelItem: Thiªn s¬n  B¶o Lé 
16:47:01	 Account: ngaoop1	Name: NgaoOp	 DelItem: QuÕ Hoa Töu
16:47:01	 Account: ngaoop1	Name: NgaoOp	 DelItem: Thiªn s¬n  B¶o Lé 
16:47:01	 Account: ngaoop1	Name: NgaoOp	 DelItem: QuÕ Hoa Töu
16:47:01	 Account: ngaoop1	Name: NgaoOp	 DelItem: Thiªn s¬n  B¶o Lé 
16:47:59	 Account: duylinh7	Name: duylinh7a123456a	 DelItem: Kim Phong Thiªn Lı Th¶o Th­îng Phi
16:54:30	 Account: vuongvu44	Name: ¸ÙµÙghªÙgím	 DelItem: Kim Phong Kú L©n HuyÕt
16:54:30	 Account: vuongvu44	Name: ¸ÙµÙghªÙgím	 DelItem: Kim Phong §o¹t Hån Ngäc ®¸i
16:54:30	 Account: vuongvu44	Name: ¸ÙµÙghªÙgím	 DelItem: Kim Phong HËu NghÖ dÉn cung
16:54:30	 Account: vuongvu44	Name: ¸ÙµÙghªÙgím	 DelItem: Kim Phong §ång T­íc Xu©n Th©m
16:55:01	 Account: sicola	Name: C¸ÙTrµÙBËc	 DelItem: Kim Phong §o¹t Hån Ngäc ®¸i
16:55:07	 Account: sicola	Name: C¸ÙTrµÙBËc	 DelItem: Kim Phong §ång T­íc Xu©n Th©m
16:56:53	 Account: ldtrieu4	Name: 0KÙFineÙ4	 DelItem: Kim Phong Tr¹c Liªn Quang
16:56:59	 Account: sicola	Name: C¸ÙTrµÙBËc	 DelItem: Kim Phong Thiªn Lı Th¶o Th­îng Phi
16:57:06	 Account: sicola	Name: C¸ÙTrµÙBËc	 DelItem: Kim Phong Kú L©n HuyÕt
16:57:17	 Account: sicola	Name: C¸ÙTrµÙBËc	 DelItem: Kim Phong C«ng CÈn Tam Th¸n
17:00:59	 Account: sicola	Name: C¸ÙTrµÙBËc	 DelItem: Kim Phong HËu NghÖ dÉn cung
17:06:30	 Account: sicola	Name: C¸ÙTrµÙBËc	 DelItem: Kim Phong Thanh D­¬ng Kh«i
17:10:59	 Account: quangthaian	Name: S¸tÙThÇnÙ	 DelItem: Kim Phong §ång T­íc Xu©n Th©m
17:10:59	 Account: quangthaian	Name: S¸tÙThÇnÙ	 DelItem: Kim Phong HËu NghÖ dÉn cung
17:10:59	 Account: quangthaian	Name: S¸tÙThÇnÙ	 DelItem: Kim Phong §o¹t Hån Ngäc ®¸i
17:10:59	 Account: quangthaian	Name: S¸tÙThÇnÙ	 DelItem: Kim Phong C«ng CÈn Tam Th¸n
17:10:59	 Account: quangthaian	Name: S¸tÙThÇnÙ	 DelItem: Kim Phong Tr¹c Liªn Quang
17:10:59	 Account: quangthaian	Name: S¸tÙThÇnÙ	 DelItem: Kim Phong Kú L©n HuyÕt
17:10:59	 Account: quangthaian	Name: S¸tÙThÇnÙ	 DelItem: Kim Phong Thanh D­¬ng Kh«i
17:11:09	 Account: quangthaian	Name: S¸tÙThÇnÙ	 DelItem: Kim Phong Thiªn Lı Th¶o Th­îng Phi
17:11:09	 Account: quangthaian	Name: S¸tÙThÇnÙ	 DelItem: Kim Phong Lan §×nh Ngäc
17:11:09	 Account: quangthaian	Name: S¸tÙThÇnÙ	 DelItem: Phi §ao
17:15:49	 Account: sicola	Name: C¸ÙTrµÙBËc	 DelItem: Kim Phong Lan §×nh Ngäc
17:17:10	 Account: hieuphan3	Name: DocThamCu	 DelItem: Kim Phong HËu NghÖ dÉn cung
17:17:10	 Account: hieuphan3	Name: DocThamCu	 DelItem: Kim Phong Kú L©n HuyÕt
17:22:20	 Account: gaokojz1	Name: HµnNh­îcTuyÕt	 DelItem: Kim Phong Tr¹c Liªn Quang
17:24:57	 Account: sicola	Name: C¸ÙTrµÙBËc	 DelItem: Kim Phong Tr¹c Liªn Quang
17:33:18	 Account: hieuphan1	Name: TangChu	 DelItem: Kim Phong HËu NghÖ dÉn cung
17:33:58	 Account: hieuphan2	Name: DiepVienVien	 DelItem: Kim Phong C«ng CÈn Tam Th¸n
17:48:50	 Account: quangthaian1	Name: S¸tÙTh¸nh	 DelItem: Kim Phong §ång T­íc Xu©n Th©m
17:48:50	 Account: quangthaian1	Name: S¸tÙTh¸nh	 DelItem: Kim Phong Thiªn Lı Th¶o Th­îng Phi
17:48:50	 Account: quangthaian1	Name: S¸tÙTh¸nh	 DelItem: Kim Phong Lan §×nh Ngäc
17:48:50	 Account: quangthaian1	Name: S¸tÙTh¸nh	 DelItem: Kim Phong HËu NghÖ dÉn cung
17:48:50	 Account: quangthaian1	Name: S¸tÙTh¸nh	 DelItem: Kim Phong §o¹t Hån Ngäc ®¸i
17:48:50	 Account: quangthaian1	Name: S¸tÙTh¸nh	 DelItem: Kim Phong C«ng CÈn Tam Th¸n
17:48:50	 Account: quangthaian1	Name: S¸tÙTh¸nh	 DelItem: Kim Phong Tr¹c Liªn Quang
17:48:50	 Account: quangthaian1	Name: S¸tÙTh¸nh	 DelItem: Kim Phong Kú L©n HuyÕt
17:48:50	 Account: quangthaian1	Name: S¸tÙTh¸nh	 DelItem: Kim Phong Thanh D­¬ng Kh«i
18:16:53	 Account: hieuphan	Name: DiepCoThanh	 DelItem: LÖnh bµi Phong L¨ng §é
18:21:43	 Account: ldtrieu5	Name: SanBoss	 DelItem: Kim Phong Lan §×nh Ngäc
18:25:00	 Account: trieu2	Name: OK111111	 DelItem: Tóc S­¬ng
18:36:22	 Account: trieu2	Name: OK111111	 DelItem: Kim Phong Thanh D­¬ng Kh«i
18:43:04	 Account: trieu2	Name: OK111111	 DelItem: Kim Phong Lan §×nh Ngäc
18:43:04	 Account: trieu2	Name: OK111111	 DelItem: Kim Phong C«ng CÈn Tam Th¸n
18:43:04	 Account: trieu2	Name: OK111111	 DelItem: Kim Phong Kú L©n HuyÕt
18:46:35	 Account: quangthaian7	Name: TrainÙ7	 DelItem: Kim Phong Lan §×nh Ngäc
18:46:57	 Account: quangthaian5	Name: TrainÙ5	 DelItem: Kim Phong Lan §×nh Ngäc
18:50:12	 Account: xobadboy1	Name: TrainÙx1	 DelItem: Kim Phong Thiªn Lı Th¶o Th­îng Phi
18:50:12	 Account: xobadboy1	Name: TrainÙx1	 DelItem: Kim Phong Lan §×nh Ngäc
18:50:12	 Account: xobadboy1	Name: TrainÙx1	 DelItem: Kim Phong HËu NghÖ dÉn cung
18:50:12	 Account: xobadboy1	Name: TrainÙx1	 DelItem: Kim Phong §o¹t Hån Ngäc ®¸i
18:50:12	 Account: xobadboy1	Name: TrainÙx1	 DelItem: Kim Phong C«ng CÈn Tam Th¸n
18:50:12	 Account: xobadboy1	Name: TrainÙx1	 DelItem: Kim Phong Tr¹c Liªn Quang
18:50:12	 Account: xobadboy1	Name: TrainÙx1	 DelItem: Kim Phong Kú L©n HuyÕt
18:50:12	 Account: xobadboy1	Name: TrainÙx1	 DelItem: Kim Phong Thanh D­¬ng Kh«i
18:52:17	 Account: trieu2	Name: OK22222	 DelItem: Kim Phong §ång T­íc Xu©n Th©m
18:52:17	 Account: trieu2	Name: OK22222	 DelItem: Tóc S­¬ng
18:57:01	 Account: trieu2	Name: OK22222	 DelItem: Kim Phong Kú L©n HuyÕt
18:57:05	 Account: trieu2	Name: OK22222	 DelItem: Kim Phong Lan §×nh Ngäc
19:00:42	 Account: trieu2	Name: OK22222	 DelItem: Kim Phong Tr¹c Liªn Quang
19:00:42	 Account: trieu2	Name: OK22222	 DelItem: Kim Phong Thanh D­¬ng Kh«i
19:08:03	 Account: vuongvu11	Name: ÙÙÙKUAÙÙÙ	 DelItem: ChiÕn cæ 
19:08:03	 Account: vuongvu11	Name: ÙÙÙKUAÙÙÙ	 DelItem: LÖnh bµi
19:13:05	 Account: trieu2	Name: OK33333	 DelItem: Kim Phong §ång T­íc Xu©n Th©m
19:13:05	 Account: trieu2	Name: OK33333	 DelItem: Tóc S­¬ng
19:14:35	 Account: vuongvu33	Name: QuaiÙVatÙDoc	 DelItem: Kim Phong HËu NghÖ dÉn cung
19:15:10	 Account: trieu2	Name: OK33333	 DelItem: Kim Phong Lan §×nh Ngäc
19:15:10	 Account: trieu2	Name: OK33333	 DelItem: Kim Phong C«ng CÈn Tam Th¸n
19:19:40	 Account: trieu2	Name: OK33333	 DelItem: Kim Phong Kú L©n HuyÕt
19:24:55	 Account: trieu2	Name: OK33333	 DelItem: Kim Phong Tr¹c Liªn Quang
19:30:13	 Account: trieu1	Name: OK123445	 DelItem: Tóc S­¬ng
19:30:13	 Account: trieu1	Name: OK123445	 DelItem: Kim Phong §ång T­íc Xu©n Th©m
19:31:50	 Account: trieu1	Name: OK123445	 DelItem: Kim Phong Tr¹c Liªn Quang
19:31:50	 Account: trieu1	Name: OK123445	 DelItem: Kim Phong C«ng CÈn Tam Th¸n
19:31:50	 Account: trieu1	Name: OK123445	 DelItem: Kim Phong Lan §×nh Ngäc
19:33:48	 Account: trieu1	Name: OK123445	 DelItem: Kim Phong Kú L©n HuyÕt
19:37:12	 Account: trieu1	Name: OK123445	 DelItem: Kim Phong Thanh D­¬ng Kh«i
19:38:32	 Account: rudykik4	Name: NMQÙVTÙNDD	 DelItem: Kim Phong Tr¹c Liªn Quang
19:43:26	 Account: trieu1	Name: OK2212121	 DelItem: Kim Phong §ång T­íc Xu©n Th©m
19:43:26	 Account: trieu1	Name: OK2212121	 DelItem: Kim Phong Lan §×nh Ngäc
19:43:26	 Account: trieu1	Name: OK2212121	 DelItem: Kim Phong C«ng CÈn Tam Th¸n
19:43:26	 Account: trieu1	Name: OK2212121	 DelItem: Kim Phong Tr¹c Liªn Quang
19:43:26	 Account: trieu1	Name: OK2212121	 DelItem: Tóc S­¬ng
19:44:10	 Account: rudykik	Name: NMQÙVTÙDM	 DelItem: Kim Phong Tr¹c Liªn Quang
19:45:24	 Account: trieu1	Name: OK1212135	 DelItem: Kim Phong §ång T­íc Xu©n Th©m
19:45:24	 Account: trieu1	Name: OK1212135	 DelItem: Kim Phong Lan §×nh Ngäc
19:45:24	 Account: trieu1	Name: OK1212135	 DelItem: Kim Phong C«ng CÈn Tam Th¸n
19:45:24	 Account: trieu1	Name: OK1212135	 DelItem: Kim Phong Tr¹c Liªn Quang
19:45:24	 Account: trieu1	Name: OK1212135	 DelItem: Tóc S­¬ng
19:52:00	 Account: trieu1	Name: OK1212135	 DelItem: Kim Phong Kú L©n HuyÕt
19:52:00	 Account: trieu1	Name: OK1212135	 DelItem: Kim Phong Thanh D­¬ng Kh«i
19:57:56	 Account: trieu1	Name: OK1212135	 DelItem: Kim Phong §o¹t Hån Ngäc ®¸i
19:58:12	 Account: rudykik2	Name: NMQÙVTÙNM	 DelItem: Kim Phong §ång T­íc Xu©n Th©m
22:07:06	 Account: gaokojz1	Name: HµnNh­îcTuyÕt	 DelItem: Kim Phong Kú L©n HuyÕt
22:07:06	 Account: gaokojz1	Name: HµnNh­îcTuyÕt	 DelItem: Kim Phong §o¹t Hån Ngäc ®¸i
22:07:06	 Account: gaokojz1	Name: HµnNh­îcTuyÕt	 DelItem: Kim Phong Lan §×nh Ngäc
22:41:22	 Account: xuanhung3	Name: LıÙMéÙUyÓn	 DelItem: Kim Phong §o¹t Hån Ngäc ®¸i
22:43:21	 Account: xuanhung3	Name: LıÙMéÙUyÓn	 DelItem: Kim Phong Tr¹c Liªn Quang
