01:25:20	 Account: xobadboy1	Name: TrainÙx2	 DelItem: Kim Phong Thanh D­¬ng Kh«i
01:25:20	 Account: xobadboy1	Name: TrainÙx2	 DelItem: Kim Phong Tr¹c Liªn Quang
01:25:20	 Account: xobadboy1	Name: TrainÙx2	 DelItem: Kim Phong C«ng CÈn Tam Th¸n
01:25:20	 Account: xobadboy1	Name: TrainÙx2	 DelItem: Kim Phong §o¹t Hån Ngäc ®¸i
01:25:20	 Account: xobadboy1	Name: TrainÙx2	 DelItem: Kim Phong HËu NghÖ dÉn cung
01:25:20	 Account: xobadboy1	Name: TrainÙx2	 DelItem: Kim Phong Lan §×nh Ngäc
01:25:20	 Account: xobadboy1	Name: TrainÙx2	 DelItem: Kim Phong Thiªn Lý Th¶o Th­îng Phi
01:25:20	 Account: xobadboy1	Name: TrainÙx2	 DelItem: Kim Phong §ång T­íc Xu©n Th©m
01:28:50	 Account: xobadboy2	Name: TrainÙx4	 DelItem: Kim Phong Thanh D­¬ng Kh«i
01:28:50	 Account: xobadboy2	Name: TrainÙx4	 DelItem: Kim Phong Tr¹c Liªn Quang
01:28:50	 Account: xobadboy2	Name: TrainÙx4	 DelItem: Kim Phong C«ng CÈn Tam Th¸n
01:28:50	 Account: xobadboy2	Name: TrainÙx4	 DelItem: Kim Phong §o¹t Hån Ngäc ®¸i
01:28:50	 Account: xobadboy2	Name: TrainÙx4	 DelItem: Kim Phong HËu NghÖ dÉn cung
01:28:50	 Account: xobadboy2	Name: TrainÙx4	 DelItem: Kim Phong Lan §×nh Ngäc
01:28:50	 Account: xobadboy2	Name: TrainÙx4	 DelItem: Kim Phong Thiªn Lý Th¶o Th­îng Phi
01:28:50	 Account: xobadboy2	Name: TrainÙx4	 DelItem: Kim Phong §ång T­íc Xu©n Th©m
01:29:00	 Account: xobadboy2	Name: TrainÙx4	 DelItem: Kim Phong Kú L©n HuyÕt
01:34:07	 Account: xobadboy1	Name: TrainÙx2	 DelItem: Kim Phong Kú L©n HuyÕt
01:52:58	 Account: xobadboy3	Name: TrainÙx7	 DelItem: Kim Phong §ång T­íc Xu©n Th©m
01:52:58	 Account: xobadboy3	Name: TrainÙx7	 DelItem: Kim Phong Thiªn Lý Th¶o Th­îng Phi
01:52:58	 Account: xobadboy3	Name: TrainÙx7	 DelItem: Kim Phong Lan §×nh Ngäc
01:52:58	 Account: xobadboy3	Name: TrainÙx7	 DelItem: Kim Phong HËu NghÖ dÉn cung
01:52:58	 Account: xobadboy3	Name: TrainÙx7	 DelItem: Kim Phong §o¹t Hån Ngäc ®¸i
01:52:58	 Account: xobadboy3	Name: TrainÙx7	 DelItem: Kim Phong C«ng CÈn Tam Th¸n
01:52:58	 Account: xobadboy3	Name: TrainÙx7	 DelItem: Kim Phong Tr¹c Liªn Quang
01:52:58	 Account: xobadboy3	Name: TrainÙx7	 DelItem: Kim Phong Kú L©n HuyÕt
01:52:58	 Account: xobadboy3	Name: TrainÙx7	 DelItem: Kim Phong Thanh D­¬ng Kh«i
01:57:23	 Account: xobadboy4	Name: TrainÙx10	 DelItem: Kim Phong §ång T­íc Xu©n Th©m
01:57:23	 Account: xobadboy4	Name: TrainÙx10	 DelItem: Kim Phong Thiªn Lý Th¶o Th­îng Phi
01:57:23	 Account: xobadboy4	Name: TrainÙx10	 DelItem: Kim Phong Lan §×nh Ngäc
01:57:23	 Account: xobadboy4	Name: TrainÙx10	 DelItem: Kim Phong HËu NghÖ dÉn cung
01:57:23	 Account: xobadboy4	Name: TrainÙx10	 DelItem: Kim Phong §o¹t Hån Ngäc ®¸i
01:57:23	 Account: xobadboy4	Name: TrainÙx10	 DelItem: Kim Phong C«ng CÈn Tam Th¸n
01:57:23	 Account: xobadboy4	Name: TrainÙx10	 DelItem: Kim Phong Tr¹c Liªn Quang
01:57:23	 Account: xobadboy4	Name: TrainÙx10	 DelItem: Kim Phong Kú L©n HuyÕt
01:57:23	 Account: xobadboy4	Name: TrainÙx10	 DelItem: Kim Phong Thanh D­¬ng Kh«i
02:24:39	 Account: huuhoa	Name: SaliKa	 DelItem: HuyÒn ThiÕt KiÕm
02:24:39	 Account: huuhoa	Name: SaliKa	 DelItem: HuyÒn ThiÕt KiÕm
02:26:50	 Account: huuhoa	Name: SaliKa	 DelItem: Kim Phong §ång T­íc Xu©n Th©m
02:26:50	 Account: huuhoa	Name: SaliKa	 DelItem: Kim Phong Thiªn Lý Th¶o Th­îng Phi
02:26:50	 Account: huuhoa	Name: SaliKa	 DelItem: Kim Phong Lan §×nh Ngäc
02:26:50	 Account: huuhoa	Name: SaliKa	 DelItem: Kim Phong HËu NghÖ dÉn cung
02:26:50	 Account: huuhoa	Name: SaliKa	 DelItem: Kim Phong §o¹t Hån Ngäc ®¸i
02:26:50	 Account: huuhoa	Name: SaliKa	 DelItem: Kim Phong Tr¹c Liªn Quang
02:26:50	 Account: huuhoa	Name: SaliKa	 DelItem: Kim Phong Kú L©n HuyÕt
02:26:50	 Account: huuhoa	Name: SaliKa	 DelItem: Kim Phong Thanh D­¬ng Kh«i
02:32:34	 Account: huuhoa1	Name: XéaliKa1	 DelItem: Kim Phong §ång T­íc Xu©n Th©m
02:32:34	 Account: huuhoa1	Name: XéaliKa1	 DelItem: Kim Phong Thiªn Lý Th¶o Th­îng Phi
02:32:34	 Account: huuhoa1	Name: XéaliKa1	 DelItem: Kim Phong Lan §×nh Ngäc
02:32:34	 Account: huuhoa1	Name: XéaliKa1	 DelItem: Kim Phong HËu NghÖ dÉn cung
02:32:34	 Account: huuhoa1	Name: XéaliKa1	 DelItem: Kim Phong §o¹t Hån Ngäc ®¸i
02:32:34	 Account: huuhoa1	Name: XéaliKa1	 DelItem: Kim Phong C«ng CÈn Tam Th¸n
02:32:34	 Account: huuhoa1	Name: XéaliKa1	 DelItem: Kim Phong Tr¹c Liªn Quang
02:32:34	 Account: huuhoa1	Name: XéaliKa1	 DelItem: Kim Phong Kú L©n HuyÕt
02:32:34	 Account: huuhoa1	Name: XéaliKa1	 DelItem: Kim Phong Thanh D­¬ng Kh«i
02:40:53	 Account: huuhoa2	Name: XéaliKa2	 DelItem: Kim Phong §ång T­íc Xu©n Th©m
02:40:53	 Account: huuhoa2	Name: XéaliKa2	 DelItem: Kim Phong Thiªn Lý Th¶o Th­îng Phi
02:40:53	 Account: huuhoa2	Name: XéaliKa2	 DelItem: Kim Phong Lan §×nh Ngäc
02:40:53	 Account: huuhoa2	Name: XéaliKa2	 DelItem: Kim Phong HËu NghÖ dÉn cung
02:40:53	 Account: huuhoa2	Name: XéaliKa2	 DelItem: Kim Phong §o¹t Hån Ngäc ®¸i
02:40:53	 Account: huuhoa2	Name: XéaliKa2	 DelItem: Kim Phong C«ng CÈn Tam Th¸n
02:40:53	 Account: huuhoa2	Name: XéaliKa2	 DelItem: Kim Phong Tr¹c Liªn Quang
02:40:53	 Account: huuhoa2	Name: XéaliKa2	 DelItem: Kim Phong Kú L©n HuyÕt
02:40:53	 Account: huuhoa2	Name: XéaliKa2	 DelItem: Kim Phong Thanh D­¬ng Kh«i
02:52:02	 Account: huuhoa3	Name: XéaliKa3	 DelItem: Kim Phong §ång T­íc Xu©n Th©m
02:52:02	 Account: huuhoa3	Name: XéaliKa3	 DelItem: Kim Phong Thiªn Lý Th¶o Th­îng Phi
02:52:02	 Account: huuhoa3	Name: XéaliKa3	 DelItem: Kim Phong §o¹t Hån Ngäc ®¸i
02:52:02	 Account: huuhoa3	Name: XéaliKa3	 DelItem: Kim Phong C«ng CÈn Tam Th¸n
02:52:02	 Account: huuhoa3	Name: XéaliKa3	 DelItem: Kim Phong Kú L©n HuyÕt
02:54:46	 Account: huuhoa3	Name: XéaliKa3	 DelItem: Kim Phong Thanh D­¬ng Kh«i
03:26:26	 Account: quangthaian	Name: S¸tÙThÇnÙ	 DelItem: [ Nguyªn So¸i ] chiÕn m·
03:35:58	 Account: quangthaian3	Name: S¸tÙQuû	 DelItem: [ Nguyªn So¸i ] chiÕn m·
03:35:58	 Account: quangthaian3	Name: S¸tÙQuû	 DelItem: [ Nguyªn So¸i ] quan Ên
03:35:58	 Account: quangthaian3	Name: S¸tÙQuû	 DelItem: [ Nguyªn So¸i ] trang søc
03:35:58	 Account: quangthaian3	Name: S¸tÙQuû	 DelItem: [ Nguyªn So¸i ] mÆt n¹ [cÊp 1]
03:38:15	 Account: quangthaian1	Name: S¸tÙTh¸nh	 DelItem: [ Nguyªn So¸i ] chiÕn m·
03:39:09	 Account: quangthaian	Name: S¸tÙThÇnÙ	 DelItem: [ Nguyªn So¸i ] mÆt n¹ [cÊp 1]
03:39:09	 Account: quangthaian	Name: S¸tÙThÇnÙ	 DelItem: [ Nguyªn So¸i ] chiÕn m·
03:39:46	 Account: quangthaian2	Name: S¸tÙThiªn	 DelItem: [ Nguyªn So¸i ] mÆt n¹ [cÊp 1]
03:39:46	 Account: quangthaian2	Name: S¸tÙThiªn	 DelItem: [ Nguyªn So¸i ] quan Ên
03:39:46	 Account: quangthaian2	Name: S¸tÙThiªn	 DelItem: [ Nguyªn So¸i ] chiÕn m·
04:15:40	 Account: xuanhung1	Name: NáÙHÕtÙ§¹n	 DelItem: Phong V©n Phi Tèc hoµn
04:15:40	 Account: xuanhung1	Name: NáÙHÕtÙ§¹n	 DelItem: LÖnh bµi
04:15:40	 Account: xuanhung1	Name: NáÙHÕtÙ§¹n	 DelItem: ChiÕn cæ 
04:15:40	 Account: xuanhung1	Name: NáÙHÕtÙ§¹n	 DelItem: Kh¸ng §¬n Chi Gi¸c 
04:15:40	 Account: xuanhung1	Name: NáÙHÕtÙ§¹n	 DelItem: MÆt n¹ §¹i T­íng qu©n
04:15:40	 Account: xuanhung1	Name: NáÙHÕtÙ§¹n	 DelItem: LÖnh bµi
09:04:46	 Account: okilaz3	Name: Okilax3	 DelItem: Kim Phong HËu NghÖ dÉn cung
09:05:05	 Account: okilaz3	Name: Okilax3	 DelItem: Kim Phong Kú L©n HuyÕt
09:23:56	 Account: okila03	Name: Okila03	 DelItem: Kim Phong HËu NghÖ dÉn cung
09:47:47	 Account: xuanhung1	Name: NáÙHÕtÙ§¹n	 DelItem: [ Nguyªn So¸i ] chiÕn m·
12:08:24	 Account: thieny2	Name: §écÙChÕtÙMµy	 DelItem: [ Nguyªn So¸i ] chiÕn m·
12:09:25	 Account: thieny2	Name: §écÙChÕtÙMµy	 DelItem: [ Nguyªn So¸i ] trang søc
12:09:25	 Account: thieny2	Name: §écÙChÕtÙMµy	 DelItem: [ Nguyªn So¸i ] phi phong
12:09:25	 Account: thieny2	Name: §écÙChÕtÙMµy	 DelItem: [ Nguyªn So¸i ] mÆt n¹ [cÊp 1]
12:11:41	 Account: xuanhung	Name: C«ÙG¸iÙ£Ù§ª	 DelItem: [ Nguyªn So¸i ] chiÕn m·
12:11:41	 Account: xuanhung	Name: C«ÙG¸iÙ£Ù§ª	 DelItem: [ Nguyªn So¸i ] mÆt n¹ [cÊp 1]
12:11:41	 Account: xuanhung	Name: C«ÙG¸iÙ£Ù§ª	 DelItem: [ Nguyªn So¸i ] phi phong
13:23:27	 Account: vugiang4	Name: zKaiNeZ	 DelItem: Kim Phong §ång T­íc Xu©n Th©m
13:23:27	 Account: vugiang4	Name: zKaiNeZ	 DelItem: Kim Phong Thiªn Lý Th¶o Th­îng Phi
13:23:27	 Account: vugiang4	Name: zKaiNeZ	 DelItem: Kim Phong Lan §×nh Ngäc
13:23:27	 Account: vugiang4	Name: zKaiNeZ	 DelItem: Kim Phong HËu NghÖ dÉn cung
13:23:27	 Account: vugiang4	Name: zKaiNeZ	 DelItem: Kim Phong §o¹t Hån Ngäc ®¸i
13:23:27	 Account: vugiang4	Name: zKaiNeZ	 DelItem: Kim Phong C«ng CÈn Tam Th¸n
13:23:27	 Account: vugiang4	Name: zKaiNeZ	 DelItem: Kim Phong Tr¹c Liªn Quang
13:23:27	 Account: vugiang4	Name: zKaiNeZ	 DelItem: Kim Phong Kú L©n HuyÕt
13:23:27	 Account: vugiang4	Name: zKaiNeZ	 DelItem: Kim Phong Thanh D­¬ng Kh«i
13:23:46	 Account: vugiang4	Name: zKaiNeZ	 DelItem: Tóc S­¬ng
13:27:07	 Account: khacman7	Name: CayTien7	 DelItem: Kim Phong Thanh D­¬ng Kh«i
13:31:21	 Account: khacman5	Name: CayTien05	 DelItem: Kim Phong §ång T­íc Xu©n Th©m
13:31:21	 Account: khacman5	Name: CayTien05	 DelItem: Kim Phong Lan §×nh Ngäc
13:42:03	 Account: khacman7	Name: CayTien7	 DelItem: Kim Phong Lan §×nh Ngäc
13:43:25	 Account: khacman2	Name: CayTien002	 DelItem: Kim Phong Kú L©n HuyÕt
13:57:43	 Account: khacman1	Name: CayTien0001	 DelItem: Kim Phong Thanh D­¬ng Kh«i
13:57:43	 Account: khacman1	Name: CayTien0001	 DelItem: Kim Phong Kú L©n HuyÕt
13:57:43	 Account: khacman1	Name: CayTien0001	 DelItem: Kim Phong Thiªn Lý Th¶o Th­îng Phi
13:58:06	 Account: khacman1	Name: CayTien0001	 DelItem: Kim Phong §o¹t Hån Ngäc ®¸i
13:58:06	 Account: khacman1	Name: CayTien0001	 DelItem: Kim Phong HËu NghÖ dÉn cung
13:58:06	 Account: khacman1	Name: CayTien0001	 DelItem: Kim Phong Lan §×nh Ngäc
13:58:06	 Account: khacman1	Name: CayTien0001	 DelItem: Kim Phong §ång T­íc Xu©n Th©m
15:12:07	 Account: haumiss07	Name: nacacrot6	 DelItem: HuyÒn ThiÕt KiÕm
15:12:40	 Account: haumiss07	Name: nacacrot6	 DelItem: Tóc S­¬ng
15:13:39	 Account: haumiss07	Name: nacacrot6	 DelItem: HuyÒn ThiÕt KiÕm
15:13:39	 Account: haumiss07	Name: nacacrot6	 DelItem: HuyÒn ThiÕt KiÕm
15:13:39	 Account: haumiss07	Name: nacacrot6	 DelItem: HuyÒn ThiÕt KiÕm
15:17:10	 Account: haumiss07	Name: nacacrot6	 DelItem: Kim Phong Thanh D­¬ng Kh«i
15:17:10	 Account: haumiss07	Name: nacacrot6	 DelItem: Kim Phong Tr¹c Liªn Quang
15:17:10	 Account: haumiss07	Name: nacacrot6	 DelItem: Kim Phong §o¹t Hån Ngäc ®¸i
15:17:10	 Account: haumiss07	Name: nacacrot6	 DelItem: Kim Phong Lan §×nh Ngäc
15:17:10	 Account: haumiss07	Name: nacacrot6	 DelItem: Kim Phong §ång T­íc Xu©n Th©m
15:18:39	 Account: haumiss07	Name: nacacrot6	 DelItem: Toµn Th¹ch Giíi ChØ
15:18:39	 Account: haumiss07	Name: nacacrot6	 DelItem: Kim Phong Kú L©n HuyÕt
15:18:39	 Account: haumiss07	Name: nacacrot6	 DelItem: Kim Phong HËu NghÖ dÉn cung
15:18:39	 Account: haumiss07	Name: nacacrot6	 DelItem: Kim Phong Thiªn Lý Th¶o Th­îng Phi
16:06:11	 Account: okila12	Name: Okila12	 DelItem: Kim Phong HËu NghÖ dÉn cung
16:06:11	 Account: okila12	Name: Okila12	 DelItem: Kim Phong §o¹t Hån Ngäc ®¸i
17:26:10	 Account: okilaz3	Name: Okilax3	 DelItem: Kim Phong Tr¹c Liªn Quang
17:26:10	 Account: okilaz3	Name: Okilax3	 DelItem: Kim Phong §o¹t Hån Ngäc ®¸i
17:26:10	 Account: okilaz3	Name: Okilax3	 DelItem: Kim Phong Lan §×nh Ngäc
17:26:10	 Account: okilaz3	Name: Okilax3	 DelItem: Kim Phong §ång T­íc Xu©n Th©m
17:32:23	 Account: volamkiemthu77	Name: HoaR¬iCöaPhËt	 DelItem: Kim Phong Kú L©n HuyÕt
17:33:01	 Account: volamkiemthu77	Name: HoaR¬iCöaPhËt	 DelItem: Kim Phong Thanh D­¬ng Kh«i
17:33:01	 Account: volamkiemthu77	Name: HoaR¬iCöaPhËt	 DelItem: Kim Phong C«ng CÈn Tam Th¸n
17:33:01	 Account: volamkiemthu77	Name: HoaR¬iCöaPhËt	 DelItem: Kim Phong §o¹t Hån Ngäc ®¸i
17:33:01	 Account: volamkiemthu77	Name: HoaR¬iCöaPhËt	 DelItem: Kim Phong HËu NghÖ dÉn cung
17:33:01	 Account: volamkiemthu77	Name: HoaR¬iCöaPhËt	 DelItem: Kim Phong Thiªn Lý Th¶o Th­îng Phi
17:33:01	 Account: volamkiemthu77	Name: HoaR¬iCöaPhËt	 DelItem: Kim Phong §ång T­íc Xu©n Th©m
18:06:31	 Account: volamkiemthu79	Name: HoaV«KhuyÕt	 DelItem: Kim Phong Thiªn Lý Th¶o Th­îng Phi
18:06:31	 Account: volamkiemthu79	Name: HoaV«KhuyÕt	 DelItem: Kim Phong Lan §×nh Ngäc
18:06:31	 Account: volamkiemthu79	Name: HoaV«KhuyÕt	 DelItem: Kim Phong §o¹t Hån Ngäc ®¸i
18:06:31	 Account: volamkiemthu79	Name: HoaV«KhuyÕt	 DelItem: Kim Phong C«ng CÈn Tam Th¸n
18:06:31	 Account: volamkiemthu79	Name: HoaV«KhuyÕt	 DelItem: Kim Phong Kú L©n HuyÕt
