09:22:27	 Account: hatuthuyen1	Name: Teolas	 DelItem: Tóc S­¬ng
09:37:03	 Account: gacngay1	Name: HoangTD	 DelItem: Tóc S­¬ng
10:04:35	 Account: hatuthuyen2	Name: testsever	 DelItem: Tóc S­¬ng
10:20:43	 Account: bbt001	Name: TiªuÙPhong	 DelItem: Tóc S­¬ng
10:27:01	 Account: bbt002	Name: TiÓuÙLong	 DelItem: Tóc S­¬ng
10:32:22	 Account: yok001	Name: Damiemes	 DelItem: Tóc S­¬ng
10:33:41	 Account: tuphuongmau1	Name: adfgjjk	 DelItem: Kim Phong C«ng CÈn Tam Th¸n
10:33:41	 Account: tuphuongmau1	Name: adfgjjk	 DelItem: Tóc S­¬ng
10:35:48	 Account: tuphuongmau2	Name: xhggxhg	 DelItem: Kim Phong C«ng CÈn Tam Th¸n
10:35:48	 Account: tuphuongmau2	Name: xhggxhg	 DelItem: Tóc S­¬ng
10:56:55	 Account: bbt003	Name: TiÓuÙNg­	 DelItem: Kim Phong §ång T­íc Xu©n Th©m
10:56:55	 Account: bbt003	Name: TiÓuÙNg­	 DelItem: Kim Phong Kú L©n HuyÕt
10:56:55	 Account: bbt003	Name: TiÓuÙNg­	 DelItem: Kim Phong Thanh D­¬ng Kh«i
11:00:18	 Account: bbt003	Name: TiÓuÙNg­	 DelItem: Kim Phong Tr¹c Liªn Quang
11:10:24	 Account: bbt003	Name: TiÓuÙNg­	 DelItem: Kim Phong Thiªn Lı Th¶o Th­îng Phi
11:10:24	 Account: bbt003	Name: TiÓuÙNg­	 DelItem: Kim Phong HËu NghÖ dÉn cung
11:26:05	 Account: kiet1994	Name: ChayChoChet	 DelItem: Tóc S­¬ng
11:26:05	 Account: kiet1994	Name: ChayChoChet	 DelItem: Kim Phong §ång T­íc Xu©n Th©m
11:26:39	 Account: kiet1994	Name: ChayChoChet	 DelItem: Kim Phong Thiªn Lı Th¶o Th­îng Phi
11:40:06	 Account: kiet1994	Name: ChayChoChet	 DelItem: Kim Phong §o¹t Hån Ngäc ®¸i
11:40:06	 Account: kiet1994	Name: ChayChoChet	 DelItem: Kim Phong C«ng CÈn Tam Th¸n
11:50:49	 Account: kiet1994	Name: ChayChoChet	 DelItem: Kim Phong Kú L©n HuyÕt
11:55:54	 Account: kiet1992	Name: dsadasdas	 DelItem: Kim Phong Thiªn Lı Th¶o Th­îng Phi
11:59:16	 Account: khacman6	Name: CayTien06	 DelItem: Kim Phong Thanh D­¬ng Kh«i
12:00:33	 Account: khacman5	Name: CayTien05	 DelItem: Kim Phong Thanh D­¬ng Kh«i
12:05:44	 Account: kiet1994	Name: ChayChoChet	 DelItem: Kim Phong Thanh D­¬ng Kh«i
12:58:52	 Account: hatuthuyen2	Name: ongbabi	 DelItem: Kim Phong §ång T­íc Xu©n Th©m
12:58:52	 Account: hatuthuyen2	Name: ongbabi	 DelItem: Kim Phong C«ng CÈn Tam Th¸n
12:58:52	 Account: hatuthuyen2	Name: ongbabi	 DelItem: Tóc S­¬ng
13:09:14	 Account: vugiang	Name: GaÙRung	 DelItem: Tóc S­¬ng
13:35:50	 Account: vugiang	Name: GaÙRung	 DelItem: [ Nguyªn So¸i ] chiÕn m·
13:38:48	 Account: kuttun4	Name: HeNDMoc	 DelItem: Tóc S­¬ng
13:38:48	 Account: kuttun4	Name: HeNDMoc	 DelItem: Kim Phong Thanh D­¬ng Kh«i
13:38:48	 Account: kuttun4	Name: HeNDMoc	 DelItem: Kim Phong C«ng CÈn Tam Th¸n
13:40:11	 Account: vugiang2	Name: SanBossa	 DelItem: Kim Phong §ång T­íc Xu©n Th©m
13:40:11	 Account: vugiang2	Name: SanBossa	 DelItem: Kim Phong C«ng CÈn Tam Th¸n
13:40:11	 Account: vugiang2	Name: SanBossa	 DelItem: Kim Phong Kú L©n HuyÕt
13:40:11	 Account: vugiang2	Name: SanBossa	 DelItem: Kim Phong Thanh D­¬ng Kh«i
13:41:36	 Account: vugiang2	Name: SanBossa	 DelItem: Kim Phong Tr¹c Liªn Quang
13:41:41	 Account: bocaian	Name: CAÙPenarol	 DelItem: Tóc S­¬ng
13:42:44	 Account: bocaian1	Name: ThİchCh©nQuang	 DelItem: Tóc S­¬ng
13:43:21	 Account: vugiang	Name: GaÙRung	 DelItem: Lam Thñy Tinh
13:43:21	 Account: vugiang	Name: GaÙRung	 DelItem: Tö Thñy Tinh
13:43:21	 Account: vugiang	Name: GaÙRung	 DelItem: Tö Thñy Tinh
13:43:21	 Account: vugiang	Name: GaÙRung	 DelItem: Lam Thñy Tinh
13:43:21	 Account: vugiang	Name: GaÙRung	 DelItem: Lam Thñy Tinh
13:43:21	 Account: vugiang	Name: GaÙRung	 DelItem: Lôc Thñy Tinh
13:43:21	 Account: vugiang	Name: GaÙRung	 DelItem: Tö Thñy Tinh
13:43:21	 Account: vugiang	Name: GaÙRung	 DelItem: Lam Thñy Tinh
13:43:21	 Account: vugiang	Name: GaÙRung	 DelItem: Lôc Thñy Tinh
13:43:21	 Account: vugiang	Name: GaÙRung	 DelItem: Lam Thñy Tinh
13:43:21	 Account: vugiang	Name: GaÙRung	 DelItem: Tö Thñy Tinh
13:43:21	 Account: vugiang	Name: GaÙRung	 DelItem: Lôc Thñy Tinh
13:43:21	 Account: vugiang	Name: GaÙRung	 DelItem: Tö Thñy Tinh
13:43:21	 Account: vugiang	Name: GaÙRung	 DelItem: Lam Thñy Tinh
13:43:21	 Account: vugiang	Name: GaÙRung	 DelItem: Tö Thñy Tinh
13:43:21	 Account: vugiang	Name: GaÙRung	 DelItem: Lam Thñy Tinh
13:43:21	 Account: vugiang	Name: GaÙRung	 DelItem: Lam Thñy Tinh
13:43:21	 Account: vugiang	Name: GaÙRung	 DelItem: Tö Thñy Tinh
13:43:35	 Account: bocaian2	Name: ThİchMécTr©n	 DelItem: Tóc S­¬ng
13:44:44	 Account: bocaian3	Name: Thİch§ñThø	 DelItem: Tóc S­¬ng
13:46:32	 Account: bocaian5	Name: ThİchMinhTuÖ	 DelItem: Tóc S­¬ng
13:59:04	 Account: vugiang	Name: GaÙRung	 DelItem: Thiªn s¬n  B¶o Lé 
13:59:04	 Account: vugiang	Name: GaÙRung	 DelItem: Thiªn s¬n  B¶o Lé 
13:59:04	 Account: vugiang	Name: GaÙRung	 DelItem: ChiÕn cæ 
13:59:04	 Account: vugiang	Name: GaÙRung	 DelItem: Phong V©n Phi Tèc hoµn
13:59:04	 Account: vugiang	Name: GaÙRung	 DelItem: LÖnh Bµi D· TÈu
13:59:04	 Account: vugiang	Name: GaÙRung	 DelItem: Phong V©n Phi Tèc hoµn
13:59:04	 Account: vugiang	Name: GaÙRung	 DelItem: Tinh Hång B¶o Th¹ch
13:59:04	 Account: vugiang	Name: GaÙRung	 DelItem: Tinh Hång B¶o Th¹ch
13:59:04	 Account: vugiang	Name: GaÙRung	 DelItem: Tinh Hång B¶o Th¹ch
13:59:04	 Account: vugiang	Name: GaÙRung	 DelItem: Tinh Hång B¶o Th¹ch
13:59:04	 Account: vugiang	Name: GaÙRung	 DelItem: Tinh Hång B¶o Th¹ch
13:59:04	 Account: vugiang	Name: GaÙRung	 DelItem: Tinh Hång B¶o Th¹ch
13:59:04	 Account: vugiang	Name: GaÙRung	 DelItem: Tinh Hång B¶o Th¹ch
13:59:04	 Account: vugiang	Name: GaÙRung	 DelItem: Tinh Hång B¶o Th¹ch
13:59:04	 Account: vugiang	Name: GaÙRung	 DelItem: Tinh Hång B¶o Th¹ch
13:59:04	 Account: vugiang	Name: GaÙRung	 DelItem: Tinh Hång B¶o Th¹ch
13:59:04	 Account: vugiang	Name: GaÙRung	 DelItem: Tinh Hång B¶o Th¹ch
13:59:04	 Account: vugiang	Name: GaÙRung	 DelItem: Tinh Hång B¶o Th¹ch
13:59:04	 Account: vugiang	Name: GaÙRung	 DelItem: Tinh Hång B¶o Th¹ch
13:59:04	 Account: vugiang	Name: GaÙRung	 DelItem: Tinh Hång B¶o Th¹ch
13:59:04	 Account: vugiang	Name: GaÙRung	 DelItem: Tinh Hång B¶o Th¹ch
14:05:00	 Account: kimdonghuynh02	Name: MécÙThiªnÙNhai	 DelItem: Tóc S­¬ng
14:10:07	 Account: gacngay03	Name: TestDMN	 DelItem: Kim Phong Kú L©n HuyÕt
14:10:07	 Account: gacngay03	Name: TestDMN	 DelItem: Kim Phong Thanh D­¬ng Kh«i
14:14:08	 Account: vugiang3	Name: SoaiÙKa	 DelItem: Kim Phong Thanh D­¬ng Kh«i
14:14:08	 Account: vugiang3	Name: SoaiÙKa	 DelItem: Kim Phong Kú L©n HuyÕt
14:14:45	 Account: gacngay03	Name: TestDMN	 DelItem: Kim Phong Lan §×nh Ngäc
14:14:45	 Account: gacngay03	Name: TestDMN	 DelItem: Kim Phong HËu NghÖ dÉn cung
14:14:53	 Account: vugiang2	Name: SanBossa	 DelItem: Kim Phong Thiªn Lı Th¶o Th­îng Phi
14:14:53	 Account: vugiang2	Name: SanBossa	 DelItem: Kim Phong Lan §×nh Ngäc
14:18:23	 Account: gacngay04	Name: Test5D	 DelItem: Kim Phong Lan §×nh Ngäc
14:21:15	 Account: kiet1995	Name: dasdasdasd	 DelItem: Tóc S­¬ng
14:22:20	 Account: kiet1996	Name: dsdasdasd	 DelItem: Kim Phong C«ng CÈn Tam Th¸n
14:22:30	 Account: kiet1996	Name: dsdasdasd	 DelItem: Tóc S­¬ng
14:27:04	 Account: vugiang1	Name: ChiÙ13	 DelItem: Kim Phong Thanh D­¬ng Kh«i
14:27:04	 Account: vugiang1	Name: ChiÙ13	 DelItem: Kim Phong Kú L©n HuyÕt
14:27:04	 Account: vugiang1	Name: ChiÙ13	 DelItem: Kim Phong Tr¹c Liªn Quang
14:27:04	 Account: vugiang1	Name: ChiÙ13	 DelItem: Kim Phong §o¹t Hån Ngäc ®¸i
14:27:04	 Account: vugiang1	Name: ChiÙ13	 DelItem: Kim Phong HËu NghÖ dÉn cung
14:27:04	 Account: vugiang1	Name: ChiÙ13	 DelItem: Kim Phong Lan §×nh Ngäc
14:27:04	 Account: vugiang1	Name: ChiÙ13	 DelItem: Kim Phong Thiªn Lı Th¶o Th­îng Phi
14:27:04	 Account: vugiang1	Name: ChiÙ13	 DelItem: Kim Phong §ång T­íc Xu©n Th©m
14:27:40	 Account: vugiang1	Name: ChiÙ13	 DelItem: Tóc S­¬ng
14:27:40	 Account: vugiang1	Name: ChiÙ13	 DelItem: Kim Phong C«ng CÈn Tam Th¸n
14:27:40	 Account: vugiang1	Name: ChiÙ13	 DelItem: Tinh Hång B¶o Th¹ch
14:27:40	 Account: vugiang1	Name: ChiÙ13	 DelItem: Tinh Hång B¶o Th¹ch
14:27:40	 Account: vugiang1	Name: ChiÙ13	 DelItem: Tinh Hång B¶o Th¹ch
14:29:34	 Account: nhidaica007	Name: anmayquakhu	 DelItem: Kim Phong C«ng CÈn Tam Th¸n
14:29:34	 Account: nhidaica007	Name: anmayquakhu	 DelItem: Kim Phong §o¹t Hån Ngäc ®¸i
14:29:57	 Account: vugiang2	Name: SanBossa	 DelItem: [ Nguyªn So¸i ] mÆt n¹ [cÊp 9]
14:29:57	 Account: vugiang2	Name: SanBossa	 DelItem: [ Nguyªn So¸i ] mÆt n¹ [cÊp 8]
14:29:57	 Account: vugiang2	Name: SanBossa	 DelItem: [ Nguyªn So¸i ] mÆt n¹ [cÊp 7]
14:29:57	 Account: vugiang2	Name: SanBossa	 DelItem: [ Nguyªn So¸i ] mÆt n¹ [cÊp 6]
14:29:57	 Account: vugiang2	Name: SanBossa	 DelItem: [ Nguyªn So¸i ] mÆt n¹ [cÊp 5]
14:29:57	 Account: vugiang2	Name: SanBossa	 DelItem: [ Nguyªn So¸i ] mÆt n¹ [cÊp 4]
14:29:57	 Account: vugiang2	Name: SanBossa	 DelItem: [ Nguyªn So¸i ] mÆt n¹ [cÊp 3]
14:29:57	 Account: vugiang2	Name: SanBossa	 DelItem: [ Nguyªn So¸i ] mÆt n¹ [cÊp 2]
14:29:57	 Account: vugiang2	Name: SanBossa	 DelItem: [ Nguyªn So¸i ] mÆt n¹ [cÊp 1]
14:29:57	 Account: vugiang2	Name: SanBossa	 DelItem: [ Nguyªn So¸i ] mÆt n¹ [cÊp 1]
14:36:40	 Account: vugiang	Name: GaÙRung	 DelItem: [ Nguyªn So¸i ] phi phong
14:36:40	 Account: vugiang	Name: GaÙRung	 DelItem: [ Nguyªn So¸i ] phi phong
14:36:40	 Account: vugiang	Name: GaÙRung	 DelItem: [ Nguyªn So¸i ] phi phong
14:36:40	 Account: vugiang	Name: GaÙRung	 DelItem: [ Nguyªn So¸i ] phi phong
14:36:40	 Account: vugiang	Name: GaÙRung	 DelItem: [ Nguyªn So¸i ] phi phong
14:36:40	 Account: vugiang	Name: GaÙRung	 DelItem: [ Nguyªn So¸i ] phi phong
14:36:40	 Account: vugiang	Name: GaÙRung	 DelItem: [ Nguyªn So¸i ] phi phong
14:36:40	 Account: vugiang	Name: GaÙRung	 DelItem: [ Nguyªn So¸i ] phi phong
14:36:40	 Account: vugiang	Name: GaÙRung	 DelItem: [ Nguyªn So¸i ] phi phong
14:36:40	 Account: vugiang	Name: GaÙRung	 DelItem: [ Nguyªn So¸i ] phi phong
14:37:12	 Account: vugiang	Name: GaÙRung	 DelItem: [ Nguyªn So¸i ] quan Ên
14:37:12	 Account: vugiang	Name: GaÙRung	 DelItem: [ Nguyªn So¸i ] quan Ên
14:37:12	 Account: vugiang	Name: GaÙRung	 DelItem: [ Nguyªn So¸i ] quan Ên
14:37:12	 Account: vugiang	Name: GaÙRung	 DelItem: [ Nguyªn So¸i ] quan Ên
14:37:12	 Account: vugiang	Name: GaÙRung	 DelItem: [ Nguyªn So¸i ] quan Ên
14:37:12	 Account: vugiang	Name: GaÙRung	 DelItem: [ Nguyªn So¸i ] quan Ên
14:37:12	 Account: vugiang	Name: GaÙRung	 DelItem: [ Nguyªn So¸i ] quan Ên
14:37:12	 Account: vugiang	Name: GaÙRung	 DelItem: [ Nguyªn So¸i ] quan Ên
14:37:12	 Account: vugiang	Name: GaÙRung	 DelItem: [ Nguyªn So¸i ] quan Ên
14:37:12	 Account: vugiang	Name: GaÙRung	 DelItem: [ Nguyªn So¸i ] quan Ên
14:37:21	 Account: kiet1994	Name: ChayChoChet	 DelItem: Kim Phong Tr¹c Liªn Quang
14:37:57	 Account: vugiang	Name: GaÙRung	 DelItem: [ Nguyªn So¸i ] trang søc
14:37:57	 Account: vugiang	Name: GaÙRung	 DelItem: [ Nguyªn So¸i ] trang søc
14:37:57	 Account: vugiang	Name: GaÙRung	 DelItem: [ Nguyªn So¸i ] trang søc
14:37:57	 Account: vugiang	Name: GaÙRung	 DelItem: [ Nguyªn So¸i ] trang søc
14:37:57	 Account: vugiang	Name: GaÙRung	 DelItem: [ Nguyªn So¸i ] trang søc
14:37:57	 Account: vugiang	Name: GaÙRung	 DelItem: [ Nguyªn So¸i ] trang søc
14:37:57	 Account: vugiang	Name: GaÙRung	 DelItem: [ Nguyªn So¸i ] trang søc
14:37:57	 Account: vugiang	Name: GaÙRung	 DelItem: [ Nguyªn So¸i ] trang søc
14:37:57	 Account: vugiang	Name: GaÙRung	 DelItem: [ Nguyªn So¸i ] trang søc
14:37:57	 Account: vugiang	Name: GaÙRung	 DelItem: [ Nguyªn So¸i ] trang søc
14:50:11	 Account: sanbos01	Name: boss01	 DelItem: [ Nguyªn So¸i ] chiÕn m·
14:50:11	 Account: sanbos01	Name: boss01	 DelItem: Tóc S­¬ng
14:50:44	 Account: nhidaica007	Name: anmayquakhu	 DelItem: [ Nguyªn So¸i ] chiÕn m·
14:50:44	 Account: nhidaica007	Name: anmayquakhu	 DelItem: [ Nguyªn So¸i ] chiÕn m·
14:50:44	 Account: nhidaica007	Name: anmayquakhu	 DelItem: [ Nguyªn So¸i ] chiÕn m·
14:51:22	 Account: meomeo02	Name: GiaÙC¸tÙL­îng	 DelItem: Tóc S­¬ng
14:52:18	 Account: nhidaica007	Name: anmayquakhu	 DelItem: [ Nguyªn So¸i ] chiÕn m·
14:52:21	 Account: meomeo02	Name: GiaÙC¸tÙL­îng	 DelItem: §¹i Phong §ao
14:52:21	 Account: meomeo02	Name: GiaÙC¸tÙL­îng	 DelItem: [ Nguyªn So¸i ] mÆt n¹ [cÊp 3]
14:52:21	 Account: meomeo02	Name: GiaÙC¸tÙL­îng	 DelItem: [ Nguyªn So¸i ] mÆt n¹ [cÊp 2]
14:52:21	 Account: meomeo02	Name: GiaÙC¸tÙL­îng	 DelItem: [ Nguyªn So¸i ] mÆt n¹ [cÊp 1]
14:52:21	 Account: meomeo02	Name: GiaÙC¸tÙL­îng	 DelItem: B¸ V­¬ngTiªu
14:52:21	 Account: meomeo02	Name: GiaÙC¸tÙL­îng	 DelItem: [ Nguyªn So¸i ] trang søc
14:52:21	 Account: meomeo02	Name: GiaÙC¸tÙL­îng	 DelItem: [ Nguyªn So¸i ] trang søc
14:52:21	 Account: meomeo02	Name: GiaÙC¸tÙL­îng	 DelItem: [ Nguyªn So¸i ] trang søc
14:52:21	 Account: meomeo02	Name: GiaÙC¸tÙL­îng	 DelItem: [ Nguyªn So¸i ] trang søc
14:52:21	 Account: meomeo02	Name: GiaÙC¸tÙL­îng	 DelItem: [ Nguyªn So¸i ] trang søc
14:52:21	 Account: meomeo02	Name: GiaÙC¸tÙL­îng	 DelItem: [ Nguyªn So¸i ] trang søc
14:52:21	 Account: meomeo02	Name: GiaÙC¸tÙL­îng	 DelItem: [ Nguyªn So¸i ] trang søc
14:52:21	 Account: meomeo02	Name: GiaÙC¸tÙL­îng	 DelItem: [ Nguyªn So¸i ] trang søc
14:52:21	 Account: meomeo02	Name: GiaÙC¸tÙL­îng	 DelItem: [ Nguyªn So¸i ] trang søc
14:52:53	 Account: nhidaica007	Name: anmayquakhu	 DelItem: [ Nguyªn So¸i ] quan Ên
14:52:53	 Account: nhidaica007	Name: anmayquakhu	 DelItem: [ Nguyªn So¸i ] trang søc
14:52:56	 Account: meomeo02	Name: GiaÙC¸tÙL­îng	 DelItem: [ Nguyªn So¸i ] mÆt n¹ [cÊp 9]
14:52:56	 Account: meomeo02	Name: GiaÙC¸tÙL­îng	 DelItem: [ Nguyªn So¸i ] mÆt n¹ [cÊp 8]
14:52:56	 Account: meomeo02	Name: GiaÙC¸tÙL­îng	 DelItem: [ Nguyªn So¸i ] mÆt n¹ [cÊp 7]
14:52:56	 Account: meomeo02	Name: GiaÙC¸tÙL­îng	 DelItem: [ Nguyªn So¸i ] mÆt n¹ [cÊp 6]
14:52:56	 Account: meomeo02	Name: GiaÙC¸tÙL­îng	 DelItem: [ Nguyªn So¸i ] mÆt n¹ [cÊp 5]
14:52:56	 Account: meomeo02	Name: GiaÙC¸tÙL­îng	 DelItem: [ Nguyªn So¸i ] mÆt n¹ [cÊp 4]
14:52:56	 Account: meomeo02	Name: GiaÙC¸tÙL­îng	 DelItem: MËt tŞch kÜ n¨ng 90 (CÊp 25)
14:52:56	 Account: meomeo02	Name: GiaÙC¸tÙL­îng	 DelItem: MËt tŞch kÜ n¨ng 90 (CÊp 24)
14:52:56	 Account: meomeo02	Name: GiaÙC¸tÙL­îng	 DelItem: MËt tŞch kÜ n¨ng 90 (CÊp 23)
14:52:56	 Account: meomeo02	Name: GiaÙC¸tÙL­îng	 DelItem: MËt tŞch kÜ n¨ng 90 (CÊp 22)
14:52:56	 Account: meomeo02	Name: GiaÙC¸tÙL­îng	 DelItem: MËt tŞch kÜ n¨ng 90 (CÊp 21)
14:52:56	 Account: meomeo02	Name: GiaÙC¸tÙL­îng	 DelItem: Vßng Hoa ThÊt TŞch
14:52:56	 Account: meomeo02	Name: GiaÙC¸tÙL­îng	 DelItem: B¸nh Trung Thu Nh©n Dõa
14:52:56	 Account: meomeo02	Name: GiaÙC¸tÙL­îng	 DelItem: Kim Phong §ång T­íc Xu©n Th©m
14:57:40	 Account: sanbos01	Name: boss01	 DelItem: [ Nguyªn So¸i ] trang søc
14:57:40	 Account: sanbos01	Name: boss01	 DelItem: [ Nguyªn So¸i ] trang søc
14:57:40	 Account: sanbos01	Name: boss01	 DelItem: [ Nguyªn So¸i ] trang søc
14:57:40	 Account: sanbos01	Name: boss01	 DelItem: [ Nguyªn So¸i ] phi phong
14:57:40	 Account: sanbos01	Name: boss01	 DelItem: [ Nguyªn So¸i ] phi phong
14:57:40	 Account: sanbos01	Name: boss01	 DelItem: [ Nguyªn So¸i ] phi phong
14:57:40	 Account: sanbos01	Name: boss01	 DelItem: [ Nguyªn So¸i ] phi phong
14:57:40	 Account: sanbos01	Name: boss01	 DelItem: [ Nguyªn So¸i ] phi phong
14:57:40	 Account: sanbos01	Name: boss01	 DelItem: [ Nguyªn So¸i ] phi phong
14:57:40	 Account: sanbos01	Name: boss01	 DelItem: [ Nguyªn So¸i ] phi phong
14:57:40	 Account: sanbos01	Name: boss01	 DelItem: [ Nguyªn So¸i ] phi phong
14:57:40	 Account: sanbos01	Name: boss01	 DelItem: [ Nguyªn So¸i ] phi phong
14:57:40	 Account: sanbos01	Name: boss01	 DelItem: [ Nguyªn So¸i ] quan Ên
14:57:40	 Account: sanbos01	Name: boss01	 DelItem: [ Nguyªn So¸i ] quan Ên
14:57:40	 Account: sanbos01	Name: boss01	 DelItem: [ Nguyªn So¸i ] quan Ên
14:57:40	 Account: sanbos01	Name: boss01	 DelItem: [ Nguyªn So¸i ] quan Ên
14:57:40	 Account: sanbos01	Name: boss01	 DelItem: [ Nguyªn So¸i ] quan Ên
14:57:40	 Account: sanbos01	Name: boss01	 DelItem: [ Nguyªn So¸i ] quan Ên
14:57:40	 Account: sanbos01	Name: boss01	 DelItem: [ Nguyªn So¸i ] quan Ên
14:57:40	 Account: sanbos01	Name: boss01	 DelItem: [ Nguyªn So¸i ] quan Ên
14:57:40	 Account: sanbos01	Name: boss01	 DelItem: [ Nguyªn So¸i ] quan Ên
14:57:40	 Account: sanbos01	Name: boss01	 DelItem: [ Nguyªn So¸i ] quan Ên
14:57:40	 Account: sanbos01	Name: boss01	 DelItem: [ Nguyªn So¸i ] trang søc
14:57:40	 Account: sanbos01	Name: boss01	 DelItem: [ Nguyªn So¸i ] phi phong
14:57:52	 Account: sanbos01	Name: boss01	 DelItem: [ Nguyªn So¸i ] trang søc
14:57:52	 Account: sanbos01	Name: boss01	 DelItem: [ Nguyªn So¸i ] trang søc
14:57:52	 Account: sanbos01	Name: boss01	 DelItem: [ Nguyªn So¸i ] trang søc
14:57:52	 Account: sanbos01	Name: boss01	 DelItem: [ Nguyªn So¸i ] trang søc
14:57:52	 Account: sanbos01	Name: boss01	 DelItem: [ Nguyªn So¸i ] trang søc
14:57:52	 Account: sanbos01	Name: boss01	 DelItem: [ Nguyªn So¸i ] trang søc
14:57:52	 Account: sanbos01	Name: boss01	 DelItem: [ Nguyªn So¸i ] chiÕn m·
14:57:52	 Account: sanbos01	Name: boss01	 DelItem: [ Nguyªn So¸i ] mÆt n¹ [cÊp 1]
14:59:13	 Account: sanbos01	Name: boss01	 DelItem: [ Nguyªn So¸i ] chiÕn m·
14:59:13	 Account: sanbos01	Name: boss01	 DelItem: [ Nguyªn So¸i ] chiÕn m·
14:59:20	 Account: sanbos01	Name: boss01	 DelItem: [ Nguyªn So¸i ] chiÕn m·
14:59:20	 Account: sanbos01	Name: boss01	 DelItem: [ Nguyªn So¸i ] chiÕn m·
15:05:41	 Account: kiet1995	Name: dasdasdasd	 DelItem: Kim Phong Kú L©n HuyÕt
15:18:28	 Account: sicola	Name: Th»ngÙQuûÙNhá	 DelItem: LÖnh bµi Phong L¨ng §é
15:18:28	 Account: sicola	Name: Th»ngÙQuûÙNhá	 DelItem: LÖnh bµi Phong L¨ng §é
15:18:28	 Account: sicola	Name: Th»ngÙQuûÙNhá	 DelItem: LÖnh bµi Phong L¨ng §é
15:18:28	 Account: sicola	Name: Th»ngÙQuûÙNhá	 DelItem: LÖnh bµi Phong L¨ng §é
15:18:28	 Account: sicola	Name: Th»ngÙQuûÙNhá	 DelItem: LÖnh bµi Phong L¨ng §é
15:18:28	 Account: sicola	Name: Th»ngÙQuûÙNhá	 DelItem: Phong V©n Phi Tèc hoµn
15:18:28	 Account: sicola	Name: Th»ngÙQuûÙNhá	 DelItem: LÖnh bµi Phong L¨ng §é
15:18:28	 Account: sicola	Name: Th»ngÙQuûÙNhá	 DelItem: LÖnh bµi Phong L¨ng §é
15:18:40	 Account: sicola	Name: Th»ngÙQuûÙNhá	 DelItem: LÖnh bµi Phong L¨ng §é
15:21:56	 Account: kimdonghuynh02	Name: MécÙThiªnÙNhai	 DelItem: [ Nguyªn So¸i ] chiÕn m·
15:21:56	 Account: kimdonghuynh02	Name: MécÙThiªnÙNhai	 DelItem: [ Nguyªn So¸i ] chiÕn m·
15:21:56	 Account: kimdonghuynh02	Name: MécÙThiªnÙNhai	 DelItem: [ Nguyªn So¸i ] mÆt n¹ [cÊp 5]
15:21:56	 Account: kimdonghuynh02	Name: MécÙThiªnÙNhai	 DelItem: [ Nguyªn So¸i ] mÆt n¹ [cÊp 2]
15:21:56	 Account: kimdonghuynh02	Name: MécÙThiªnÙNhai	 DelItem: Hoa cóc tr¾ng
15:22:11	 Account: kimdonghuynh02	Name: MécÙThiªnÙNhai	 DelItem: [ Nguyªn So¸i ] mÆt n¹ [cÊp 9]
15:22:11	 Account: kimdonghuynh02	Name: MécÙThiªnÙNhai	 DelItem: [ Nguyªn So¸i ] mÆt n¹ [cÊp 8]
15:22:11	 Account: kimdonghuynh02	Name: MécÙThiªnÙNhai	 DelItem: [ Nguyªn So¸i ] mÆt n¹ [cÊp 4]
15:22:11	 Account: kimdonghuynh02	Name: MécÙThiªnÙNhai	 DelItem: [ Nguyªn So¸i ] mÆt n¹ [cÊp 1]
15:22:11	 Account: kimdonghuynh02	Name: MécÙThiªnÙNhai	 DelItem: Hoa cóc vµng
15:22:11	 Account: kimdonghuynh02	Name: MécÙThiªnÙNhai	 DelItem: [ Nguyªn So¸i ] mÆt n¹ [cÊp 1]
15:22:34	 Account: kimdonghuynh02	Name: MécÙThiªnÙNhai	 DelItem: [ Nguyªn So¸i ] chiÕn m·
15:22:34	 Account: kimdonghuynh02	Name: MécÙThiªnÙNhai	 DelItem: [ Nguyªn So¸i ] chiÕn m·
15:22:34	 Account: kimdonghuynh02	Name: MécÙThiªnÙNhai	 DelItem: [ Nguyªn So¸i ] chiÕn m·
15:22:46	 Account: kimdonghuynh02	Name: MécÙThiªnÙNhai	 DelItem: [ Nguyªn So¸i ] chiÕn m·
15:22:46	 Account: kimdonghuynh02	Name: MécÙThiªnÙNhai	 DelItem: [ Nguyªn So¸i ] mÆt n¹ [cÊp 7]
15:22:46	 Account: kimdonghuynh02	Name: MécÙThiªnÙNhai	 DelItem: [ Nguyªn So¸i ] mÆt n¹ [cÊp 6]
15:22:46	 Account: kimdonghuynh02	Name: MécÙThiªnÙNhai	 DelItem: [ Nguyªn So¸i ] mÆt n¹ [cÊp 3]
15:38:48	 Account: nhidaica007	Name: anmayquakhu	 DelItem: Kim Phong §ång T­íc Xu©n Th©m
15:38:48	 Account: nhidaica007	Name: anmayquakhu	 DelItem: Kim Phong Thiªn Lı Th¶o Th­îng Phi
15:38:48	 Account: nhidaica007	Name: anmayquakhu	 DelItem: Kim Phong Lan §×nh Ngäc
15:38:48	 Account: nhidaica007	Name: anmayquakhu	 DelItem: Kim Phong HËu NghÖ dÉn cung
15:38:48	 Account: nhidaica007	Name: anmayquakhu	 DelItem: Kim Phong Tr¹c Liªn Quang
15:38:48	 Account: nhidaica007	Name: anmayquakhu	 DelItem: Kim Phong Kú L©n HuyÕt
15:38:48	 Account: nhidaica007	Name: anmayquakhu	 DelItem: Kim Phong Thanh D­¬ng Kh«i
15:45:23	 Account: bocaian1	Name: ThİchCh©nQuang	 DelItem: [ Nguyªn So¸i ] chiÕn m·
15:45:56	 Account: bocaian1	Name: ThİchCh©nQuang	 DelItem: [ Nguyªn So¸i ] chiÕn m·
15:45:56	 Account: bocaian1	Name: ThİchCh©nQuang	 DelItem: [ Nguyªn So¸i ] mÆt n¹ [cÊp 1]
15:46:06	 Account: sanbos01	Name: boss01	 DelItem: ThiÕt La H¸n
15:46:06	 Account: sanbos01	Name: boss01	 DelItem: ThiÕt La H¸n
15:46:06	 Account: sanbos01	Name: boss01	 DelItem: ThiÕt La H¸n
15:46:06	 Account: sanbos01	Name: boss01	 DelItem: Bµn Nh­îc T©m Kinh
15:46:06	 Account: sanbos01	Name: boss01	 DelItem: Bµn Nh­îc T©m Kinh
15:46:06	 Account: sanbos01	Name: boss01	 DelItem: ThiÕt La H¸n
15:46:22	 Account: bocaian1	Name: ThİchCh©nQuang	 DelItem: [ Nguyªn So¸i ] quan Ên
15:46:57	 Account: bocaian1	Name: ThİchCh©nQuang	 DelItem: [ Nguyªn So¸i ] trang søc
15:47:24	 Account: bocaian1	Name: ThİchCh©nQuang	 DelItem: [ Nguyªn So¸i ] phi phong
15:50:13	 Account: sanbos01	Name: boss01	 DelItem: ThiÕt La H¸n
15:50:13	 Account: sanbos01	Name: boss01	 DelItem: Tö Thñy Tinh
15:50:13	 Account: sanbos01	Name: boss01	 DelItem: Tinh Hång B¶o Th¹ch
15:50:13	 Account: sanbos01	Name: boss01	 DelItem: ThiÕt La H¸n
15:50:13	 Account: sanbos01	Name: boss01	 DelItem: Lôc Thñy Tinh
15:50:13	 Account: sanbos01	Name: boss01	 DelItem: ThiÕt La H¸n
15:50:13	 Account: sanbos01	Name: boss01	 DelItem: Lôc Thñy Tinh
15:50:13	 Account: sanbos01	Name: boss01	 DelItem: Tinh Hång B¶o Th¹ch
15:50:13	 Account: sanbos01	Name: boss01	 DelItem: ThiÕt La H¸n
15:50:13	 Account: sanbos01	Name: boss01	 DelItem: ThiÕt La H¸n
15:50:13	 Account: sanbos01	Name: boss01	 DelItem: ThiÕt La H¸n
15:50:13	 Account: sanbos01	Name: boss01	 DelItem: Tinh Hång B¶o Th¹ch
15:50:13	 Account: sanbos01	Name: boss01	 DelItem: Tinh Hång B¶o Th¹ch
15:50:13	 Account: sanbos01	Name: boss01	 DelItem: Lôc Thñy Tinh
15:50:13	 Account: sanbos01	Name: boss01	 DelItem: Tinh Hång B¶o Th¹ch
15:50:13	 Account: sanbos01	Name: boss01	 DelItem: Tö Thñy Tinh
15:52:04	 Account: sanbos01	Name: boss01	 DelItem: Bµn Nh­îc T©m Kinh
15:52:04	 Account: sanbos01	Name: boss01	 DelItem: Bµn Nh­îc T©m Kinh
15:52:04	 Account: sanbos01	Name: boss01	 DelItem: Bµn Nh­îc T©m Kinh
15:52:04	 Account: sanbos01	Name: boss01	 DelItem: ThiÕt La H¸n
15:52:04	 Account: sanbos01	Name: boss01	 DelItem: Lam Thñy Tinh
15:52:04	 Account: sanbos01	Name: boss01	 DelItem: Bµn Nh­îc T©m Kinh
15:52:04	 Account: sanbos01	Name: boss01	 DelItem: Bµn Nh­îc T©m Kinh
15:52:04	 Account: sanbos01	Name: boss01	 DelItem: Lôc Thñy Tinh
15:52:04	 Account: sanbos01	Name: boss01	 DelItem: Tinh Hång B¶o Th¹ch
15:52:04	 Account: sanbos01	Name: boss01	 DelItem: ThiÕt La H¸n
15:52:04	 Account: sanbos01	Name: boss01	 DelItem: Lam Thñy Tinh
15:52:04	 Account: sanbos01	Name: boss01	 DelItem: ThiÕt La H¸n
15:52:04	 Account: sanbos01	Name: boss01	 DelItem: B¸ V­¬ngTiªu
15:52:04	 Account: sanbos01	Name: boss01	 DelItem: Tinh Hång B¶o Th¹ch
15:53:19	 Account: toansu2	Name: ThİchTùDo	 DelItem: Kim Phong §ång T­íc Xu©n Th©m
15:53:19	 Account: toansu2	Name: ThİchTùDo	 DelItem: Kim Phong Thiªn Lı Th¶o Th­îng Phi
15:53:19	 Account: toansu2	Name: ThİchTùDo	 DelItem: Kim Phong Lan §×nh Ngäc
15:53:19	 Account: toansu2	Name: ThİchTùDo	 DelItem: Kim Phong HËu NghÖ dÉn cung
15:53:19	 Account: toansu2	Name: ThİchTùDo	 DelItem: Kim Phong §o¹t Hån Ngäc ®¸i
15:53:19	 Account: toansu2	Name: ThİchTùDo	 DelItem: Kim Phong C«ng CÈn Tam Th¸n
15:53:19	 Account: toansu2	Name: ThİchTùDo	 DelItem: Kim Phong Tr¹c Liªn Quang
15:53:19	 Account: toansu2	Name: ThİchTùDo	 DelItem: Kim Phong Kú L©n HuyÕt
15:53:19	 Account: toansu2	Name: ThİchTùDo	 DelItem: Kim Phong Thanh D­¬ng Kh«i
15:53:34	 Account: haumiss01	Name: nacarot01	 DelItem: Kim Phong §ång T­íc Xu©n Th©m
15:53:34	 Account: haumiss01	Name: nacarot01	 DelItem: Kim Phong Thiªn Lı Th¶o Th­îng Phi
15:53:34	 Account: haumiss01	Name: nacarot01	 DelItem: Kim Phong Lan §×nh Ngäc
15:53:34	 Account: haumiss01	Name: nacarot01	 DelItem: Kim Phong HËu NghÖ dÉn cung
15:53:34	 Account: haumiss01	Name: nacarot01	 DelItem: Kim Phong §o¹t Hån Ngäc ®¸i
15:53:34	 Account: haumiss01	Name: nacarot01	 DelItem: Kim Phong C«ng CÈn Tam Th¸n
15:53:34	 Account: haumiss01	Name: nacarot01	 DelItem: Kim Phong Tr¹c Liªn Quang
15:53:34	 Account: haumiss01	Name: nacarot01	 DelItem: Kim Phong Kú L©n HuyÕt
15:53:34	 Account: haumiss01	Name: nacarot01	 DelItem: Kim Phong Thanh D­¬ng Kh«i
15:54:01	 Account: haumiss01	Name: nacarot01	 DelItem: Tóc S­¬ng
15:56:54	 Account: kimdonghuynh02	Name: MécÙThiªnÙNhai	 DelItem: Thiªn s¬n  B¶o Lé 
15:56:54	 Account: kimdonghuynh02	Name: MécÙThiªnÙNhai	 DelItem: Thiªn s¬n  B¶o Lé 
15:56:54	 Account: kimdonghuynh02	Name: MécÙThiªnÙNhai	 DelItem: Thiªn s¬n  B¶o Lé 
15:56:54	 Account: kimdonghuynh02	Name: MécÙThiªnÙNhai	 DelItem: QuÕ Hoa Töu
15:56:54	 Account: kimdonghuynh02	Name: MécÙThiªnÙNhai	 DelItem: Thiªn s¬n  B¶o Lé 
15:56:54	 Account: kimdonghuynh02	Name: MécÙThiªnÙNhai	 DelItem: QuÕ Hoa Töu
15:56:54	 Account: kimdonghuynh02	Name: MécÙThiªnÙNhai	 DelItem: QuÕ Hoa Töu
15:56:54	 Account: kimdonghuynh02	Name: MécÙThiªnÙNhai	 DelItem: Thiªn s¬n  B¶o Lé 
15:56:54	 Account: kimdonghuynh02	Name: MécÙThiªnÙNhai	 DelItem: QuÕ Hoa Töu
15:56:54	 Account: kimdonghuynh02	Name: MécÙThiªnÙNhai	 DelItem: QuÕ Hoa Töu
15:56:54	 Account: kimdonghuynh02	Name: MécÙThiªnÙNhai	 DelItem: Thiªn s¬n  B¶o Lé 
15:56:54	 Account: kimdonghuynh02	Name: MécÙThiªnÙNhai	 DelItem: QuÕ Hoa Töu
15:56:54	 Account: kimdonghuynh02	Name: MécÙThiªnÙNhai	 DelItem: Thiªn s¬n  B¶o Lé 
15:56:54	 Account: kimdonghuynh02	Name: MécÙThiªnÙNhai	 DelItem: Thiªn s¬n  B¶o Lé 
15:56:54	 Account: kimdonghuynh02	Name: MécÙThiªnÙNhai	 DelItem: QuÕ Hoa Töu
15:56:54	 Account: kimdonghuynh02	Name: MécÙThiªnÙNhai	 DelItem: Thiªn s¬n  B¶o Lé 
15:56:54	 Account: kimdonghuynh02	Name: MécÙThiªnÙNhai	 DelItem: Thiªn s¬n  B¶o Lé 
15:56:54	 Account: kimdonghuynh02	Name: MécÙThiªnÙNhai	 DelItem: Thiªn s¬n  B¶o Lé 
15:56:54	 Account: kimdonghuynh02	Name: MécÙThiªnÙNhai	 DelItem: Thiªn s¬n  B¶o Lé 
15:56:54	 Account: kimdonghuynh02	Name: MécÙThiªnÙNhai	 DelItem: Thiªn s¬n  B¶o Lé 
15:56:54	 Account: kimdonghuynh02	Name: MécÙThiªnÙNhai	 DelItem: Thiªn s¬n  B¶o Lé 
15:56:54	 Account: kimdonghuynh02	Name: MécÙThiªnÙNhai	 DelItem: Thiªn s¬n  B¶o Lé 
15:56:54	 Account: kimdonghuynh02	Name: MécÙThiªnÙNhai	 DelItem: ThiÕt La H¸n
15:56:54	 Account: kimdonghuynh02	Name: MécÙThiªnÙNhai	 DelItem: ThiÕt La H¸n
15:57:26	 Account: kimdonghuynh02	Name: MécÙThiªnÙNhai	 DelItem: Thiªn s¬n  B¶o Lé 
15:57:26	 Account: kimdonghuynh02	Name: MécÙThiªnÙNhai	 DelItem: QuÕ Hoa Töu
15:57:26	 Account: kimdonghuynh02	Name: MécÙThiªnÙNhai	 DelItem: QuÕ Hoa Töu
15:57:26	 Account: kimdonghuynh02	Name: MécÙThiªnÙNhai	 DelItem: Thiªn s¬n  B¶o Lé 
15:57:26	 Account: kimdonghuynh02	Name: MécÙThiªnÙNhai	 DelItem: Thiªn s¬n  B¶o Lé 
15:57:26	 Account: kimdonghuynh02	Name: MécÙThiªnÙNhai	 DelItem: Thiªn s¬n  B¶o Lé 
15:57:26	 Account: kimdonghuynh02	Name: MécÙThiªnÙNhai	 DelItem: QuÕ Hoa Töu
15:57:26	 Account: kimdonghuynh02	Name: MécÙThiªnÙNhai	 DelItem: QuÕ Hoa Töu
15:57:26	 Account: kimdonghuynh02	Name: MécÙThiªnÙNhai	 DelItem: QuÕ Hoa Töu
15:57:26	 Account: kimdonghuynh02	Name: MécÙThiªnÙNhai	 DelItem: QuÕ Hoa Töu
15:57:26	 Account: kimdonghuynh02	Name: MécÙThiªnÙNhai	 DelItem: QuÕ Hoa Töu
15:57:26	 Account: kimdonghuynh02	Name: MécÙThiªnÙNhai	 DelItem: QuÕ Hoa Töu
15:57:26	 Account: kimdonghuynh02	Name: MécÙThiªnÙNhai	 DelItem: Thiªn s¬n  B¶o Lé 
15:57:26	 Account: kimdonghuynh02	Name: MécÙThiªnÙNhai	 DelItem: Thiªn s¬n  B¶o Lé 
15:57:26	 Account: kimdonghuynh02	Name: MécÙThiªnÙNhai	 DelItem: QuÕ Hoa Töu
15:57:26	 Account: kimdonghuynh02	Name: MécÙThiªnÙNhai	 DelItem: QuÕ Hoa Töu
15:57:26	 Account: kimdonghuynh02	Name: MécÙThiªnÙNhai	 DelItem: QuÕ Hoa Töu
15:57:26	 Account: kimdonghuynh02	Name: MécÙThiªnÙNhai	 DelItem: QuÕ Hoa Töu
15:57:26	 Account: kimdonghuynh02	Name: MécÙThiªnÙNhai	 DelItem: QuÕ Hoa Töu
15:57:26	 Account: kimdonghuynh02	Name: MécÙThiªnÙNhai	 DelItem: QuÕ Hoa Töu
15:57:26	 Account: kimdonghuynh02	Name: MécÙThiªnÙNhai	 DelItem: QuÕ Hoa Töu
15:57:26	 Account: kimdonghuynh02	Name: MécÙThiªnÙNhai	 DelItem: QuÕ Hoa Töu
15:57:26	 Account: kimdonghuynh02	Name: MécÙThiªnÙNhai	 DelItem: QuÕ Hoa Töu
15:57:26	 Account: kimdonghuynh02	Name: MécÙThiªnÙNhai	 DelItem: QuÕ Hoa Töu
15:57:51	 Account: kimdonghuynh02	Name: MécÙThiªnÙNhai	 DelItem: [ Nguyªn So¸i ] chiÕn m·
15:57:51	 Account: kimdonghuynh02	Name: MécÙThiªnÙNhai	 DelItem: Thiªn s¬n  B¶o Lé 
15:57:51	 Account: kimdonghuynh02	Name: MécÙThiªnÙNhai	 DelItem: Thiªn s¬n  B¶o Lé 
15:57:51	 Account: kimdonghuynh02	Name: MécÙThiªnÙNhai	 DelItem: Thiªn s¬n  B¶o Lé 
15:57:51	 Account: kimdonghuynh02	Name: MécÙThiªnÙNhai	 DelItem: Thiªn s¬n  B¶o Lé 
15:57:51	 Account: kimdonghuynh02	Name: MécÙThiªnÙNhai	 DelItem: Thiªn s¬n  B¶o Lé 
15:57:51	 Account: kimdonghuynh02	Name: MécÙThiªnÙNhai	 DelItem: Thiªn s¬n  B¶o Lé 
15:57:51	 Account: kimdonghuynh02	Name: MécÙThiªnÙNhai	 DelItem: Tinh Hång B¶o Th¹ch
15:58:23	 Account: kimdonghuynh02	Name: MécÙThiªnÙNhai	 DelItem: QuÕ Hoa Töu
15:58:23	 Account: kimdonghuynh02	Name: MécÙThiªnÙNhai	 DelItem: Thiªn s¬n  B¶o Lé 
15:58:23	 Account: kimdonghuynh02	Name: MécÙThiªnÙNhai	 DelItem: QuÕ Hoa Töu
15:58:23	 Account: kimdonghuynh02	Name: MécÙThiªnÙNhai	 DelItem: QuÕ Hoa Töu
15:58:23	 Account: kimdonghuynh02	Name: MécÙThiªnÙNhai	 DelItem: QuÕ Hoa Töu
15:58:23	 Account: kimdonghuynh02	Name: MécÙThiªnÙNhai	 DelItem: Thiªn s¬n  B¶o Lé 
15:58:23	 Account: kimdonghuynh02	Name: MécÙThiªnÙNhai	 DelItem: Thiªn s¬n  B¶o Lé 
15:58:23	 Account: kimdonghuynh02	Name: MécÙThiªnÙNhai	 DelItem: Thiªn s¬n  B¶o Lé 
15:58:23	 Account: kimdonghuynh02	Name: MécÙThiªnÙNhai	 DelItem: Thiªn s¬n  B¶o Lé 
15:58:23	 Account: kimdonghuynh02	Name: MécÙThiªnÙNhai	 DelItem: QuÕ Hoa Töu
15:58:23	 Account: kimdonghuynh02	Name: MécÙThiªnÙNhai	 DelItem: QuÕ Hoa Töu
15:58:23	 Account: kimdonghuynh02	Name: MécÙThiªnÙNhai	 DelItem: QuÕ Hoa Töu
15:58:23	 Account: kimdonghuynh02	Name: MécÙThiªnÙNhai	 DelItem: Thiªn s¬n  B¶o Lé 
15:58:23	 Account: kimdonghuynh02	Name: MécÙThiªnÙNhai	 DelItem: Thiªn s¬n  B¶o Lé 
15:58:23	 Account: kimdonghuynh02	Name: MécÙThiªnÙNhai	 DelItem: QuÕ Hoa Töu
15:58:23	 Account: kimdonghuynh02	Name: MécÙThiªnÙNhai	 DelItem: QuÕ Hoa Töu
15:58:23	 Account: kimdonghuynh02	Name: MécÙThiªnÙNhai	 DelItem: Thiªn s¬n  B¶o Lé 
15:58:23	 Account: kimdonghuynh02	Name: MécÙThiªnÙNhai	 DelItem: QuÕ Hoa Töu
15:58:23	 Account: kimdonghuynh02	Name: MécÙThiªnÙNhai	 DelItem: QuÕ Hoa Töu
15:58:23	 Account: kimdonghuynh02	Name: MécÙThiªnÙNhai	 DelItem: QuÕ Hoa Töu
15:58:23	 Account: kimdonghuynh02	Name: MécÙThiªnÙNhai	 DelItem: QuÕ Hoa Töu
15:58:23	 Account: kimdonghuynh02	Name: MécÙThiªnÙNhai	 DelItem: Thiªn s¬n  B¶o Lé 
15:58:23	 Account: kimdonghuynh02	Name: MécÙThiªnÙNhai	 DelItem: QuÕ Hoa Töu
15:58:23	 Account: kimdonghuynh02	Name: MécÙThiªnÙNhai	 DelItem: Thiªn s¬n  B¶o Lé 
15:58:51	 Account: kimdonghuynh02	Name: MécÙThiªnÙNhai	 DelItem: Thiªn s¬n  B¶o Lé 
15:58:51	 Account: kimdonghuynh02	Name: MécÙThiªnÙNhai	 DelItem: QuÕ Hoa Töu
15:58:51	 Account: kimdonghuynh02	Name: MécÙThiªnÙNhai	 DelItem: QuÕ Hoa Töu
15:58:51	 Account: kimdonghuynh02	Name: MécÙThiªnÙNhai	 DelItem: Thiªn s¬n  B¶o Lé 
15:58:51	 Account: kimdonghuynh02	Name: MécÙThiªnÙNhai	 DelItem: Thiªn s¬n  B¶o Lé 
15:58:51	 Account: kimdonghuynh02	Name: MécÙThiªnÙNhai	 DelItem: Thiªn s¬n  B¶o Lé 
15:58:51	 Account: kimdonghuynh02	Name: MécÙThiªnÙNhai	 DelItem: Thiªn s¬n  B¶o Lé 
15:58:51	 Account: kimdonghuynh02	Name: MécÙThiªnÙNhai	 DelItem: Thiªn s¬n  B¶o Lé 
15:58:51	 Account: kimdonghuynh02	Name: MécÙThiªnÙNhai	 DelItem: QuÕ Hoa Töu
15:58:51	 Account: kimdonghuynh02	Name: MécÙThiªnÙNhai	 DelItem: Thiªn s¬n  B¶o Lé 
15:58:51	 Account: kimdonghuynh02	Name: MécÙThiªnÙNhai	 DelItem: QuÕ Hoa Töu
15:58:51	 Account: kimdonghuynh02	Name: MécÙThiªnÙNhai	 DelItem: QuÕ Hoa Töu
15:58:51	 Account: kimdonghuynh02	Name: MécÙThiªnÙNhai	 DelItem: QuÕ Hoa Töu
15:58:51	 Account: kimdonghuynh02	Name: MécÙThiªnÙNhai	 DelItem: Thiªn s¬n  B¶o Lé 
15:58:51	 Account: kimdonghuynh02	Name: MécÙThiªnÙNhai	 DelItem: Thiªn s¬n  B¶o Lé 
15:58:51	 Account: kimdonghuynh02	Name: MécÙThiªnÙNhai	 DelItem: Thiªn s¬n  B¶o Lé 
15:58:51	 Account: kimdonghuynh02	Name: MécÙThiªnÙNhai	 DelItem: Thiªn s¬n  B¶o Lé 
15:58:51	 Account: kimdonghuynh02	Name: MécÙThiªnÙNhai	 DelItem: Thiªn s¬n  B¶o Lé 
15:58:51	 Account: kimdonghuynh02	Name: MécÙThiªnÙNhai	 DelItem: Thiªn s¬n  B¶o Lé 
15:58:51	 Account: kimdonghuynh02	Name: MécÙThiªnÙNhai	 DelItem: Tiªn Th¶o Lé 
15:58:51	 Account: kimdonghuynh02	Name: MécÙThiªnÙNhai	 DelItem: Tiªn Th¶o Lé 
15:58:51	 Account: kimdonghuynh02	Name: MécÙThiªnÙNhai	 DelItem: Phong V©n Phi Tèc hoµn
15:58:51	 Account: kimdonghuynh02	Name: MécÙThiªnÙNhai	 DelItem: Tiªn Th¶o Lé 
15:58:51	 Account: kimdonghuynh02	Name: MécÙThiªnÙNhai	 DelItem: Phong V©n Phi Tèc hoµn
15:59:12	 Account: kimdonghuynh02	Name: MécÙThiªnÙNhai	 DelItem: QuÕ Hoa Töu
15:59:12	 Account: kimdonghuynh02	Name: MécÙThiªnÙNhai	 DelItem: QuÕ Hoa Töu
15:59:12	 Account: kimdonghuynh02	Name: MécÙThiªnÙNhai	 DelItem: QuÕ Hoa Töu
15:59:12	 Account: kimdonghuynh02	Name: MécÙThiªnÙNhai	 DelItem: [ Nguyªn So¸i ] mÆt n¹ [cÊp 1]
15:59:12	 Account: kimdonghuynh02	Name: MécÙThiªnÙNhai	 DelItem: [ Nguyªn So¸i ] phi phong
15:59:12	 Account: kimdonghuynh02	Name: MécÙThiªnÙNhai	 DelItem: LÖnh bµi
15:59:12	 Account: kimdonghuynh02	Name: MécÙThiªnÙNhai	 DelItem: QuÕ Hoa Töu
15:59:12	 Account: kimdonghuynh02	Name: MécÙThiªnÙNhai	 DelItem: [ Nguyªn So¸i ] quan Ên
15:59:12	 Account: kimdonghuynh02	Name: MécÙThiªnÙNhai	 DelItem: LÖnh bµi
15:59:12	 Account: kimdonghuynh02	Name: MécÙThiªnÙNhai	 DelItem: LÖnh bµi
15:59:40	 Account: kimdonghuynh02	Name: MécÙThiªnÙNhai	 DelItem: Thiªn s¬n  B¶o Lé 
15:59:40	 Account: kimdonghuynh02	Name: MécÙThiªnÙNhai	 DelItem: Thiªn s¬n  B¶o Lé 
15:59:40	 Account: kimdonghuynh02	Name: MécÙThiªnÙNhai	 DelItem: Thiªn s¬n  B¶o Lé 
15:59:40	 Account: kimdonghuynh02	Name: MécÙThiªnÙNhai	 DelItem: QuÕ Hoa Töu
15:59:40	 Account: kimdonghuynh02	Name: MécÙThiªnÙNhai	 DelItem: Thiªn s¬n  B¶o Lé 
15:59:40	 Account: kimdonghuynh02	Name: MécÙThiªnÙNhai	 DelItem: QuÕ Hoa Töu
15:59:40	 Account: kimdonghuynh02	Name: MécÙThiªnÙNhai	 DelItem: QuÕ Hoa Töu
15:59:40	 Account: kimdonghuynh02	Name: MécÙThiªnÙNhai	 DelItem: Thiªn s¬n  B¶o Lé 
15:59:40	 Account: kimdonghuynh02	Name: MécÙThiªnÙNhai	 DelItem: Thiªn s¬n  B¶o Lé 
15:59:40	 Account: kimdonghuynh02	Name: MécÙThiªnÙNhai	 DelItem: Thiªn s¬n  B¶o Lé 
15:59:40	 Account: kimdonghuynh02	Name: MécÙThiªnÙNhai	 DelItem: QuÕ Hoa Töu
15:59:40	 Account: kimdonghuynh02	Name: MécÙThiªnÙNhai	 DelItem: QuÕ Hoa Töu
15:59:40	 Account: kimdonghuynh02	Name: MécÙThiªnÙNhai	 DelItem: QuÕ Hoa Töu
15:59:40	 Account: kimdonghuynh02	Name: MécÙThiªnÙNhai	 DelItem: QuÕ Hoa Töu
15:59:40	 Account: kimdonghuynh02	Name: MécÙThiªnÙNhai	 DelItem: QuÕ Hoa Töu
15:59:40	 Account: kimdonghuynh02	Name: MécÙThiªnÙNhai	 DelItem: Thiªn s¬n  B¶o Lé 
15:59:40	 Account: kimdonghuynh02	Name: MécÙThiªnÙNhai	 DelItem: QuÕ Hoa Töu
15:59:40	 Account: kimdonghuynh02	Name: MécÙThiªnÙNhai	 DelItem: Thiªn s¬n  B¶o Lé 
15:59:40	 Account: kimdonghuynh02	Name: MécÙThiªnÙNhai	 DelItem: Thiªn s¬n  B¶o Lé 
15:59:40	 Account: kimdonghuynh02	Name: MécÙThiªnÙNhai	 DelItem: QuÕ Hoa Töu
15:59:40	 Account: kimdonghuynh02	Name: MécÙThiªnÙNhai	 DelItem: QuÕ Hoa Töu
15:59:40	 Account: kimdonghuynh02	Name: MécÙThiªnÙNhai	 DelItem: Thiªn s¬n  B¶o Lé 
15:59:40	 Account: kimdonghuynh02	Name: MécÙThiªnÙNhai	 DelItem: QuÕ Hoa Töu
15:59:40	 Account: kimdonghuynh02	Name: MécÙThiªnÙNhai	 DelItem: QuÕ Hoa Töu
16:00:21	 Account: kimdonghuynh02	Name: MécÙThiªnÙNhai	 DelItem: LÖnh bµi Phong L¨ng §é
16:00:21	 Account: kimdonghuynh02	Name: MécÙThiªnÙNhai	 DelItem: ChiÕn cæ 
16:00:21	 Account: kimdonghuynh02	Name: MécÙThiªnÙNhai	 DelItem: LÖnh bµi Phong L¨ng §é
16:00:21	 Account: kimdonghuynh02	Name: MécÙThiªnÙNhai	 DelItem: LÖnh bµi Phong L¨ng §é
16:00:21	 Account: kimdonghuynh02	Name: MécÙThiªnÙNhai	 DelItem: ChiÕn cæ 
16:00:21	 Account: kimdonghuynh02	Name: MécÙThiªnÙNhai	 DelItem: [ Nguyªn So¸i ] chiÕn m·
16:00:21	 Account: kimdonghuynh02	Name: MécÙThiªnÙNhai	 DelItem: [ Nguyªn So¸i ] chiÕn m·
16:00:21	 Account: kimdonghuynh02	Name: MécÙThiªnÙNhai	 DelItem: [ Nguyªn So¸i ] chiÕn m·
16:00:21	 Account: kimdonghuynh02	Name: MécÙThiªnÙNhai	 DelItem: ChiÕn cæ 
16:10:57	 Account: kimdonghuynh02	Name: MécÙThiªnÙNhai	 DelItem: QuÕ Hoa Töu
16:10:57	 Account: kimdonghuynh02	Name: MécÙThiªnÙNhai	 DelItem: Thiªn s¬n  B¶o Lé 
16:10:57	 Account: kimdonghuynh02	Name: MécÙThiªnÙNhai	 DelItem: QuÕ Hoa Töu
16:10:57	 Account: kimdonghuynh02	Name: MécÙThiªnÙNhai	 DelItem: QuÕ Hoa Töu
16:10:57	 Account: kimdonghuynh02	Name: MécÙThiªnÙNhai	 DelItem: Thiªn s¬n  B¶o Lé 
16:10:57	 Account: kimdonghuynh02	Name: MécÙThiªnÙNhai	 DelItem: Thiªn s¬n  B¶o Lé 
16:10:57	 Account: kimdonghuynh02	Name: MécÙThiªnÙNhai	 DelItem: QuÕ Hoa Töu
16:10:57	 Account: kimdonghuynh02	Name: MécÙThiªnÙNhai	 DelItem: QuÕ Hoa Töu
16:10:57	 Account: kimdonghuynh02	Name: MécÙThiªnÙNhai	 DelItem: Thiªn s¬n  B¶o Lé 
16:10:57	 Account: kimdonghuynh02	Name: MécÙThiªnÙNhai	 DelItem: QuÕ Hoa Töu
16:10:57	 Account: kimdonghuynh02	Name: MécÙThiªnÙNhai	 DelItem: QuÕ Hoa Töu
16:10:57	 Account: kimdonghuynh02	Name: MécÙThiªnÙNhai	 DelItem: Thiªn s¬n  B¶o Lé 
16:10:57	 Account: kimdonghuynh02	Name: MécÙThiªnÙNhai	 DelItem: Thiªn s¬n  B¶o Lé 
16:10:57	 Account: kimdonghuynh02	Name: MécÙThiªnÙNhai	 DelItem: QuÕ Hoa Töu
16:10:57	 Account: kimdonghuynh02	Name: MécÙThiªnÙNhai	 DelItem: Thiªn s¬n  B¶o Lé 
16:10:57	 Account: kimdonghuynh02	Name: MécÙThiªnÙNhai	 DelItem: QuÕ Hoa Töu
16:10:57	 Account: kimdonghuynh02	Name: MécÙThiªnÙNhai	 DelItem: QuÕ Hoa Töu
16:10:57	 Account: kimdonghuynh02	Name: MécÙThiªnÙNhai	 DelItem: QuÕ Hoa Töu
16:10:57	 Account: kimdonghuynh02	Name: MécÙThiªnÙNhai	 DelItem: Thiªn s¬n  B¶o Lé 
16:10:57	 Account: kimdonghuynh02	Name: MécÙThiªnÙNhai	 DelItem: Tiªn Th¶o Lé 
16:10:57	 Account: kimdonghuynh02	Name: MécÙThiªnÙNhai	 DelItem: QuÕ Hoa Töu
16:10:57	 Account: kimdonghuynh02	Name: MécÙThiªnÙNhai	 DelItem: Tiªn Th¶o Lé 
16:10:57	 Account: kimdonghuynh02	Name: MécÙThiªnÙNhai	 DelItem: QuÕ Hoa Töu
16:10:57	 Account: kimdonghuynh02	Name: MécÙThiªnÙNhai	 DelItem: QuÕ Hoa Töu
16:11:26	 Account: kimdonghuynh02	Name: MécÙThiªnÙNhai	 DelItem: Thiªn s¬n  B¶o Lé 
16:11:26	 Account: kimdonghuynh02	Name: MécÙThiªnÙNhai	 DelItem: Thiªn s¬n  B¶o Lé 
16:11:26	 Account: kimdonghuynh02	Name: MécÙThiªnÙNhai	 DelItem: QuÕ Hoa Töu
16:11:26	 Account: kimdonghuynh02	Name: MécÙThiªnÙNhai	 DelItem: QuÕ Hoa Töu
16:11:26	 Account: kimdonghuynh02	Name: MécÙThiªnÙNhai	 DelItem: Thiªn s¬n  B¶o Lé 
16:11:26	 Account: kimdonghuynh02	Name: MécÙThiªnÙNhai	 DelItem: Thiªn s¬n  B¶o Lé 
16:11:26	 Account: kimdonghuynh02	Name: MécÙThiªnÙNhai	 DelItem: QuÕ Hoa Töu
16:11:26	 Account: kimdonghuynh02	Name: MécÙThiªnÙNhai	 DelItem: Thiªn s¬n  B¶o Lé 
16:11:26	 Account: kimdonghuynh02	Name: MécÙThiªnÙNhai	 DelItem: Thiªn s¬n  B¶o Lé 
16:11:26	 Account: kimdonghuynh02	Name: MécÙThiªnÙNhai	 DelItem: QuÕ Hoa Töu
16:11:26	 Account: kimdonghuynh02	Name: MécÙThiªnÙNhai	 DelItem: Thiªn s¬n  B¶o Lé 
16:11:26	 Account: kimdonghuynh02	Name: MécÙThiªnÙNhai	 DelItem: Thiªn s¬n  B¶o Lé 
16:11:26	 Account: kimdonghuynh02	Name: MécÙThiªnÙNhai	 DelItem: Thiªn s¬n  B¶o Lé 
16:11:26	 Account: kimdonghuynh02	Name: MécÙThiªnÙNhai	 DelItem: Tiªn Th¶o Lé 
16:11:26	 Account: kimdonghuynh02	Name: MécÙThiªnÙNhai	 DelItem: QuÕ Hoa Töu
16:11:26	 Account: kimdonghuynh02	Name: MécÙThiªnÙNhai	 DelItem: Thiªn s¬n  B¶o Lé 
16:11:26	 Account: kimdonghuynh02	Name: MécÙThiªnÙNhai	 DelItem: Thiªn s¬n  B¶o Lé 
16:11:26	 Account: kimdonghuynh02	Name: MécÙThiªnÙNhai	 DelItem: Thiªn s¬n  B¶o Lé 
16:11:26	 Account: kimdonghuynh02	Name: MécÙThiªnÙNhai	 DelItem: Thiªn s¬n  B¶o Lé 
16:11:26	 Account: kimdonghuynh02	Name: MécÙThiªnÙNhai	 DelItem: Thiªn s¬n  B¶o Lé 
16:11:26	 Account: kimdonghuynh02	Name: MécÙThiªnÙNhai	 DelItem: Thiªn s¬n  B¶o Lé 
16:11:26	 Account: kimdonghuynh02	Name: MécÙThiªnÙNhai	 DelItem: Thiªn s¬n  B¶o Lé 
16:11:26	 Account: kimdonghuynh02	Name: MécÙThiªnÙNhai	 DelItem: Thiªn s¬n  B¶o Lé 
16:11:26	 Account: kimdonghuynh02	Name: MécÙThiªnÙNhai	 DelItem: Thiªn s¬n  B¶o Lé 
16:11:57	 Account: kimdonghuynh02	Name: MécÙThiªnÙNhai	 DelItem: QuÕ Hoa Töu
16:11:57	 Account: kimdonghuynh02	Name: MécÙThiªnÙNhai	 DelItem: Håi thiªn t¸i t¹o lÔ bao
16:11:57	 Account: kimdonghuynh02	Name: MécÙThiªnÙNhai	 DelItem: Håi thiªn t¸i t¹o lÔ bao
16:11:57	 Account: kimdonghuynh02	Name: MécÙThiªnÙNhai	 DelItem: Håi thiªn t¸i t¹o lÔ bao
16:11:57	 Account: kimdonghuynh02	Name: MécÙThiªnÙNhai	 DelItem: [ Nguyªn So¸i ] mÆt n¹ [cÊp 1]
16:11:57	 Account: kimdonghuynh02	Name: MécÙThiªnÙNhai	 DelItem: LÖnh bµi Phong L¨ng §é
16:11:57	 Account: kimdonghuynh02	Name: MécÙThiªnÙNhai	 DelItem: [ Nguyªn So¸i ] trang søc
16:11:57	 Account: kimdonghuynh02	Name: MécÙThiªnÙNhai	 DelItem: [ Nguyªn So¸i ] mÆt n¹ [cÊp 1]
16:11:57	 Account: kimdonghuynh02	Name: MécÙThiªnÙNhai	 DelItem: MÆt n¹ chiÕn tr­êng Th¸nh Gi¶
16:11:57	 Account: kimdonghuynh02	Name: MécÙThiªnÙNhai	 DelItem: ChiÕn cæ 
16:11:57	 Account: kimdonghuynh02	Name: MécÙThiªnÙNhai	 DelItem: LÖnh bµi
16:11:57	 Account: kimdonghuynh02	Name: MécÙThiªnÙNhai	 DelItem: Håi thiªn t¸i t¹o lÔ bao
16:11:57	 Account: kimdonghuynh02	Name: MécÙThiªnÙNhai	 DelItem: Håi thiªn t¸i t¹o lÔ bao
16:11:57	 Account: kimdonghuynh02	Name: MécÙThiªnÙNhai	 DelItem: Håi thiªn t¸i t¹o lÔ bao
16:11:57	 Account: kimdonghuynh02	Name: MécÙThiªnÙNhai	 DelItem: Håi thiªn t¸i t¹o lÔ bao
16:12:24	 Account: kimdonghuynh02	Name: MécÙThiªnÙNhai	 DelItem: QuÕ Hoa Töu
16:12:24	 Account: kimdonghuynh02	Name: MécÙThiªnÙNhai	 DelItem: Thiªn s¬n  B¶o Lé 
16:12:24	 Account: kimdonghuynh02	Name: MécÙThiªnÙNhai	 DelItem: Thiªn s¬n  B¶o Lé 
16:12:24	 Account: kimdonghuynh02	Name: MécÙThiªnÙNhai	 DelItem: QuÕ Hoa Töu
16:12:24	 Account: kimdonghuynh02	Name: MécÙThiªnÙNhai	 DelItem: Thiªn s¬n  B¶o Lé 
16:12:24	 Account: kimdonghuynh02	Name: MécÙThiªnÙNhai	 DelItem: QuÕ Hoa Töu
16:12:24	 Account: kimdonghuynh02	Name: MécÙThiªnÙNhai	 DelItem: QuÕ Hoa Töu
16:12:24	 Account: kimdonghuynh02	Name: MécÙThiªnÙNhai	 DelItem: Thiªn s¬n  B¶o Lé 
16:12:24	 Account: kimdonghuynh02	Name: MécÙThiªnÙNhai	 DelItem: QuÕ Hoa Töu
16:12:24	 Account: kimdonghuynh02	Name: MécÙThiªnÙNhai	 DelItem: QuÕ Hoa Töu
16:12:24	 Account: kimdonghuynh02	Name: MécÙThiªnÙNhai	 DelItem: QuÕ Hoa Töu
16:12:24	 Account: kimdonghuynh02	Name: MécÙThiªnÙNhai	 DelItem: QuÕ Hoa Töu
16:12:24	 Account: kimdonghuynh02	Name: MécÙThiªnÙNhai	 DelItem: QuÕ Hoa Töu
16:12:24	 Account: kimdonghuynh02	Name: MécÙThiªnÙNhai	 DelItem: Thiªn s¬n  B¶o Lé 
16:12:24	 Account: kimdonghuynh02	Name: MécÙThiªnÙNhai	 DelItem: QuÕ Hoa Töu
16:12:24	 Account: kimdonghuynh02	Name: MécÙThiªnÙNhai	 DelItem: QuÕ Hoa Töu
16:12:24	 Account: kimdonghuynh02	Name: MécÙThiªnÙNhai	 DelItem: QuÕ Hoa Töu
16:12:24	 Account: kimdonghuynh02	Name: MécÙThiªnÙNhai	 DelItem: Thiªn s¬n  B¶o Lé 
16:12:24	 Account: kimdonghuynh02	Name: MécÙThiªnÙNhai	 DelItem: QuÕ Hoa Töu
16:12:24	 Account: kimdonghuynh02	Name: MécÙThiªnÙNhai	 DelItem: QuÕ Hoa Töu
16:12:24	 Account: kimdonghuynh02	Name: MécÙThiªnÙNhai	 DelItem: QuÕ Hoa Töu
16:12:24	 Account: kimdonghuynh02	Name: MécÙThiªnÙNhai	 DelItem: QuÕ Hoa Töu
16:12:24	 Account: kimdonghuynh02	Name: MécÙThiªnÙNhai	 DelItem: QuÕ Hoa Töu
16:12:24	 Account: kimdonghuynh02	Name: MécÙThiªnÙNhai	 DelItem: QuÕ Hoa Töu
16:12:42	 Account: kimdonghuynh02	Name: MécÙThiªnÙNhai	 DelItem: Thiªn s¬n  B¶o Lé 
16:12:42	 Account: kimdonghuynh02	Name: MécÙThiªnÙNhai	 DelItem: Håi thiªn t¸i t¹o lÔ bao
16:12:42	 Account: kimdonghuynh02	Name: MécÙThiªnÙNhai	 DelItem: Thiªn s¬n  B¶o Lé 
16:12:42	 Account: kimdonghuynh02	Name: MécÙThiªnÙNhai	 DelItem: Thiªn s¬n  B¶o Lé 
16:12:42	 Account: kimdonghuynh02	Name: MécÙThiªnÙNhai	 DelItem: Thiªn s¬n  B¶o Lé 
16:12:42	 Account: kimdonghuynh02	Name: MécÙThiªnÙNhai	 DelItem: Thiªn s¬n  B¶o Lé 
16:12:42	 Account: kimdonghuynh02	Name: MécÙThiªnÙNhai	 DelItem: LÖnh bµi Phong L¨ng §é
16:12:42	 Account: kimdonghuynh02	Name: MécÙThiªnÙNhai	 DelItem: Thiªn s¬n  B¶o Lé 
16:12:42	 Account: kimdonghuynh02	Name: MécÙThiªnÙNhai	 DelItem: Thiªn s¬n  B¶o Lé 
16:12:42	 Account: kimdonghuynh02	Name: MécÙThiªnÙNhai	 DelItem: Thiªn s¬n  B¶o Lé 
16:12:42	 Account: kimdonghuynh02	Name: MécÙThiªnÙNhai	 DelItem: Håi thiªn t¸i t¹o lÔ bao
16:12:42	 Account: kimdonghuynh02	Name: MécÙThiªnÙNhai	 DelItem: Thiªn s¬n  B¶o Lé 
16:12:42	 Account: kimdonghuynh02	Name: MécÙThiªnÙNhai	 DelItem: LÖnh bµi Phong L¨ng §é
16:12:42	 Account: kimdonghuynh02	Name: MécÙThiªnÙNhai	 DelItem: Thiªn s¬n  B¶o Lé 
16:12:42	 Account: kimdonghuynh02	Name: MécÙThiªnÙNhai	 DelItem: LÖnh bµi
16:12:42	 Account: kimdonghuynh02	Name: MécÙThiªnÙNhai	 DelItem: Thiªn s¬n  B¶o Lé 
16:12:42	 Account: kimdonghuynh02	Name: MécÙThiªnÙNhai	 DelItem: Thiªn s¬n  B¶o Lé 
16:12:42	 Account: kimdonghuynh02	Name: MécÙThiªnÙNhai	 DelItem: LÖnh bµi Phong L¨ng §é
16:12:42	 Account: kimdonghuynh02	Name: MécÙThiªnÙNhai	 DelItem: LÖnh bµi Phong L¨ng §é
16:12:42	 Account: kimdonghuynh02	Name: MécÙThiªnÙNhai	 DelItem: LÖnh bµi Phong L¨ng §é
16:12:42	 Account: kimdonghuynh02	Name: MécÙThiªnÙNhai	 DelItem: LÖnh bµi Phong L¨ng §é
16:12:42	 Account: kimdonghuynh02	Name: MécÙThiªnÙNhai	 DelItem: Tiªn Th¶o Lé ®Æc biÖt
16:29:00	 Account: toansu2	Name: LúNh­Tr©u	 DelItem: Kim Phong §ång T­íc Xu©n Th©m
16:29:00	 Account: toansu2	Name: LúNh­Tr©u	 DelItem: Kim Phong Thiªn Lı Th¶o Th­îng Phi
16:29:00	 Account: toansu2	Name: LúNh­Tr©u	 DelItem: Kim Phong Lan §×nh Ngäc
16:29:00	 Account: toansu2	Name: LúNh­Tr©u	 DelItem: Kim Phong HËu NghÖ dÉn cung
16:29:00	 Account: toansu2	Name: LúNh­Tr©u	 DelItem: Kim Phong C«ng CÈn Tam Th¸n
16:29:00	 Account: toansu2	Name: LúNh­Tr©u	 DelItem: Kim Phong Tr¹c Liªn Quang
16:29:00	 Account: toansu2	Name: LúNh­Tr©u	 DelItem: Kim Phong Thanh D­¬ng Kh«i
16:29:00	 Account: toansu2	Name: LúNh­Tr©u	 DelItem: Tóc S­¬ng
16:29:08	 Account: toansu2	Name: LúNh­Tr©u	 DelItem: Kim Phong §o¹t Hån Ngäc ®¸i
16:29:08	 Account: toansu2	Name: LúNh­Tr©u	 DelItem: Kim Phong Kú L©n HuyÕt
16:36:54	 Account: cannhatnam	Name: TaÙ§iÙT×mÙEm	 DelItem: [ Nguyªn So¸i ] chiÕn m·
16:36:54	 Account: cannhatnam	Name: TaÙ§iÙT×mÙEm	 DelItem: [ Nguyªn So¸i ] chiÕn m·
16:36:54	 Account: cannhatnam	Name: TaÙ§iÙT×mÙEm	 DelItem: Tóc S­¬ng
16:37:21	 Account: cannhatnam	Name: TaÙ§iÙT×mÙEm	 DelItem: [ Nguyªn So¸i ] chiÕn m·
16:37:21	 Account: cannhatnam	Name: TaÙ§iÙT×mÙEm	 DelItem: [ Nguyªn So¸i ] chiÕn m·
16:37:21	 Account: cannhatnam	Name: TaÙ§iÙT×mÙEm	 DelItem: [ Nguyªn So¸i ] chiÕn m·
16:37:36	 Account: cannhatnam	Name: TaÙ§iÙT×mÙEm	 DelItem: [ Nguyªn So¸i ] chiÕn m·
16:38:52	 Account: cannhatnam	Name: TaÙ§iÙT×mÙEm	 DelItem: [ Nguyªn So¸i ] chiÕn m·
16:38:52	 Account: cannhatnam	Name: TaÙ§iÙT×mÙEm	 DelItem: [ Nguyªn So¸i ] chiÕn m·
16:39:08	 Account: cannhatnam	Name: TaÙ§iÙT×mÙEm	 DelItem: [ Nguyªn So¸i ] chiÕn m·
16:39:08	 Account: cannhatnam	Name: TaÙ§iÙT×mÙEm	 DelItem: [ Nguyªn So¸i ] chiÕn m·
16:39:08	 Account: cannhatnam	Name: TaÙ§iÙT×mÙEm	 DelItem: [ Nguyªn So¸i ] chiÕn m·
16:39:17	 Account: cannhatnam	Name: TaÙ§iÙT×mÙEm	 DelItem: [ Nguyªn So¸i ] chiÕn m·
16:41:44	 Account: kimdonghuynh02	Name: MécÙThiªnÙNhai	 DelItem: [ Nguyªn So¸i ] quan Ên
16:41:44	 Account: kimdonghuynh02	Name: MécÙThiªnÙNhai	 DelItem: [ Nguyªn So¸i ] quan Ên
16:41:44	 Account: kimdonghuynh02	Name: MécÙThiªnÙNhai	 DelItem: [ Nguyªn So¸i ] quan Ên
16:41:44	 Account: kimdonghuynh02	Name: MécÙThiªnÙNhai	 DelItem: [ Nguyªn So¸i ] quan Ên
16:41:44	 Account: kimdonghuynh02	Name: MécÙThiªnÙNhai	 DelItem: [ Nguyªn So¸i ] quan Ên
16:41:44	 Account: kimdonghuynh02	Name: MécÙThiªnÙNhai	 DelItem: [ Nguyªn So¸i ] quan Ên
16:41:44	 Account: kimdonghuynh02	Name: MécÙThiªnÙNhai	 DelItem: [ Nguyªn So¸i ] quan Ên
16:41:44	 Account: kimdonghuynh02	Name: MécÙThiªnÙNhai	 DelItem: [ Nguyªn So¸i ] quan Ên
16:41:44	 Account: kimdonghuynh02	Name: MécÙThiªnÙNhai	 DelItem: [ Nguyªn So¸i ] quan Ên
16:41:44	 Account: kimdonghuynh02	Name: MécÙThiªnÙNhai	 DelItem: [ Nguyªn So¸i ] mÆt n¹ [cÊp 9]
16:41:44	 Account: kimdonghuynh02	Name: MécÙThiªnÙNhai	 DelItem: [ Nguyªn So¸i ] mÆt n¹ [cÊp 8]
16:41:44	 Account: kimdonghuynh02	Name: MécÙThiªnÙNhai	 DelItem: [ Nguyªn So¸i ] mÆt n¹ [cÊp 7]
16:41:44	 Account: kimdonghuynh02	Name: MécÙThiªnÙNhai	 DelItem: [ Nguyªn So¸i ] mÆt n¹ [cÊp 6]
16:41:44	 Account: kimdonghuynh02	Name: MécÙThiªnÙNhai	 DelItem: [ Nguyªn So¸i ] mÆt n¹ [cÊp 5]
16:41:44	 Account: kimdonghuynh02	Name: MécÙThiªnÙNhai	 DelItem: [ Nguyªn So¸i ] mÆt n¹ [cÊp 4]
16:41:44	 Account: kimdonghuynh02	Name: MécÙThiªnÙNhai	 DelItem: [ Nguyªn So¸i ] mÆt n¹ [cÊp 3]
16:41:44	 Account: kimdonghuynh02	Name: MécÙThiªnÙNhai	 DelItem: [ Nguyªn So¸i ] mÆt n¹ [cÊp 2]
16:41:44	 Account: kimdonghuynh02	Name: MécÙThiªnÙNhai	 DelItem: [ Nguyªn So¸i ] mÆt n¹ [cÊp 1]
16:41:44	 Account: kimdonghuynh02	Name: MécÙThiªnÙNhai	 DelItem: B¸nh TiÒm N¨ng
16:41:44	 Account: kimdonghuynh02	Name: MécÙThiªnÙNhai	 DelItem: [ Nguyªn So¸i ] quan Ên
16:42:21	 Account: kimdonghuynh02	Name: MécÙThiªnÙNhai	 DelItem: [ Nguyªn So¸i ] trang søc
16:42:21	 Account: kimdonghuynh02	Name: MécÙThiªnÙNhai	 DelItem: [ Nguyªn So¸i ] trang søc
16:42:21	 Account: kimdonghuynh02	Name: MécÙThiªnÙNhai	 DelItem: [ Nguyªn So¸i ] trang søc
16:42:21	 Account: kimdonghuynh02	Name: MécÙThiªnÙNhai	 DelItem: [ Nguyªn So¸i ] trang søc
16:42:21	 Account: kimdonghuynh02	Name: MécÙThiªnÙNhai	 DelItem: [ Nguyªn So¸i ] trang søc
16:42:21	 Account: kimdonghuynh02	Name: MécÙThiªnÙNhai	 DelItem: [ Nguyªn So¸i ] trang søc
16:42:21	 Account: kimdonghuynh02	Name: MécÙThiªnÙNhai	 DelItem: [ Nguyªn So¸i ] trang søc
16:42:21	 Account: kimdonghuynh02	Name: MécÙThiªnÙNhai	 DelItem: [ Nguyªn So¸i ] trang søc
16:42:21	 Account: kimdonghuynh02	Name: MécÙThiªnÙNhai	 DelItem: [ Nguyªn So¸i ] trang søc
16:42:21	 Account: kimdonghuynh02	Name: MécÙThiªnÙNhai	 DelItem: [ Nguyªn So¸i ] phi phong
16:42:21	 Account: kimdonghuynh02	Name: MécÙThiªnÙNhai	 DelItem: [ Nguyªn So¸i ] phi phong
16:42:21	 Account: kimdonghuynh02	Name: MécÙThiªnÙNhai	 DelItem: [ Nguyªn So¸i ] phi phong
16:42:21	 Account: kimdonghuynh02	Name: MécÙThiªnÙNhai	 DelItem: [ Nguyªn So¸i ] phi phong
16:42:21	 Account: kimdonghuynh02	Name: MécÙThiªnÙNhai	 DelItem: [ Nguyªn So¸i ] phi phong
16:42:21	 Account: kimdonghuynh02	Name: MécÙThiªnÙNhai	 DelItem: [ Nguyªn So¸i ] phi phong
16:42:21	 Account: kimdonghuynh02	Name: MécÙThiªnÙNhai	 DelItem: [ Nguyªn So¸i ] phi phong
16:42:21	 Account: kimdonghuynh02	Name: MécÙThiªnÙNhai	 DelItem: [ Nguyªn So¸i ] phi phong
16:42:21	 Account: kimdonghuynh02	Name: MécÙThiªnÙNhai	 DelItem: [ Nguyªn So¸i ] phi phong
16:42:21	 Account: kimdonghuynh02	Name: MécÙThiªnÙNhai	 DelItem: [ Nguyªn So¸i ] mÆt n¹ [cÊp 10]
16:42:21	 Account: kimdonghuynh02	Name: MécÙThiªnÙNhai	 DelItem: [ Nguyªn So¸i ] trang søc
16:42:21	 Account: kimdonghuynh02	Name: MécÙThiªnÙNhai	 DelItem: [ Nguyªn So¸i ] phi phong
16:42:47	 Account: bocaian	Name: CAÙPenarol	 DelItem: [ Nguyªn So¸i ] quan Ên
16:42:47	 Account: bocaian	Name: CAÙPenarol	 DelItem: [ Nguyªn So¸i ] trang søc
16:42:47	 Account: bocaian	Name: CAÙPenarol	 DelItem: [ Nguyªn So¸i ] phi phong
16:42:47	 Account: bocaian	Name: CAÙPenarol	 DelItem: [ Nguyªn So¸i ] mÆt n¹ [cÊp 1]
16:43:32	 Account: bocaian	Name: CAÙPenarol	 DelItem: [ Nguyªn So¸i ] chiÕn m·
16:44:12	 Account: cannhatnam	Name: TaÙ§iÙT×mÙEm	 DelItem: [ Nguyªn So¸i ] quan Ên
16:44:12	 Account: cannhatnam	Name: TaÙ§iÙT×mÙEm	 DelItem: [ Nguyªn So¸i ] quan Ên
16:44:12	 Account: cannhatnam	Name: TaÙ§iÙT×mÙEm	 DelItem: [ Nguyªn So¸i ] quan Ên
16:44:12	 Account: cannhatnam	Name: TaÙ§iÙT×mÙEm	 DelItem: [ Nguyªn So¸i ] quan Ên
16:44:12	 Account: cannhatnam	Name: TaÙ§iÙT×mÙEm	 DelItem: [ Nguyªn So¸i ] quan Ên
16:44:12	 Account: cannhatnam	Name: TaÙ§iÙT×mÙEm	 DelItem: [ Nguyªn So¸i ] quan Ên
16:44:12	 Account: cannhatnam	Name: TaÙ§iÙT×mÙEm	 DelItem: [ Nguyªn So¸i ] quan Ên
16:44:12	 Account: cannhatnam	Name: TaÙ§iÙT×mÙEm	 DelItem: [ Nguyªn So¸i ] quan Ên
16:44:12	 Account: cannhatnam	Name: TaÙ§iÙT×mÙEm	 DelItem: [ Nguyªn So¸i ] quan Ên
16:44:12	 Account: cannhatnam	Name: TaÙ§iÙT×mÙEm	 DelItem: [ Nguyªn So¸i ] phi phong
16:44:12	 Account: cannhatnam	Name: TaÙ§iÙT×mÙEm	 DelItem: [ Nguyªn So¸i ] phi phong
16:44:12	 Account: cannhatnam	Name: TaÙ§iÙT×mÙEm	 DelItem: [ Nguyªn So¸i ] phi phong
16:44:12	 Account: cannhatnam	Name: TaÙ§iÙT×mÙEm	 DelItem: [ Nguyªn So¸i ] phi phong
16:44:12	 Account: cannhatnam	Name: TaÙ§iÙT×mÙEm	 DelItem: [ Nguyªn So¸i ] phi phong
16:44:12	 Account: cannhatnam	Name: TaÙ§iÙT×mÙEm	 DelItem: [ Nguyªn So¸i ] phi phong
16:44:12	 Account: cannhatnam	Name: TaÙ§iÙT×mÙEm	 DelItem: [ Nguyªn So¸i ] phi phong
16:44:12	 Account: cannhatnam	Name: TaÙ§iÙT×mÙEm	 DelItem: [ Nguyªn So¸i ] phi phong
16:44:12	 Account: cannhatnam	Name: TaÙ§iÙT×mÙEm	 DelItem: [ Nguyªn So¸i ] phi phong
16:44:12	 Account: cannhatnam	Name: TaÙ§iÙT×mÙEm	 DelItem: [ Nguyªn So¸i ] trang søc
16:44:12	 Account: cannhatnam	Name: TaÙ§iÙT×mÙEm	 DelItem: [ Nguyªn So¸i ] trang søc
16:44:12	 Account: cannhatnam	Name: TaÙ§iÙT×mÙEm	 DelItem: [ Nguyªn So¸i ] trang søc
16:44:12	 Account: cannhatnam	Name: TaÙ§iÙT×mÙEm	 DelItem: [ Nguyªn So¸i ] trang søc
16:44:12	 Account: cannhatnam	Name: TaÙ§iÙT×mÙEm	 DelItem: [ Nguyªn So¸i ] trang søc
16:44:12	 Account: cannhatnam	Name: TaÙ§iÙT×mÙEm	 DelItem: [ Nguyªn So¸i ] trang søc
16:44:23	 Account: kimdonghuynh02	Name: MécÙThiªnÙNhai	 DelItem: To¸i NguyÖt §ao
16:44:23	 Account: kimdonghuynh02	Name: MécÙThiªnÙNhai	 DelItem: To¸i NguyÖt §ao
16:44:23	 Account: kimdonghuynh02	Name: MécÙThiªnÙNhai	 DelItem: To¸i NguyÖt §ao
16:44:23	 Account: kimdonghuynh02	Name: MécÙThiªnÙNhai	 DelItem: To¸i NguyÖt §ao
16:44:23	 Account: kimdonghuynh02	Name: MécÙThiªnÙNhai	 DelItem: To¸i NguyÖt §ao
16:44:23	 Account: kimdonghuynh02	Name: MécÙThiªnÙNhai	 DelItem: To¸i NguyÖt §ao
16:44:23	 Account: kimdonghuynh02	Name: MécÙThiªnÙNhai	 DelItem: To¸i NguyÖt §ao
16:44:23	 Account: kimdonghuynh02	Name: MécÙThiªnÙNhai	 DelItem: To¸i NguyÖt §ao
16:44:23	 Account: kimdonghuynh02	Name: MécÙThiªnÙNhai	 DelItem: To¸i NguyÖt §ao
16:44:23	 Account: kimdonghuynh02	Name: MécÙThiªnÙNhai	 DelItem: To¸i NguyÖt §ao
16:44:23	 Account: kimdonghuynh02	Name: MécÙThiªnÙNhai	 DelItem: To¸i NguyÖt §ao
16:44:23	 Account: kimdonghuynh02	Name: MécÙThiªnÙNhai	 DelItem: To¸i NguyÖt §ao
16:44:23	 Account: kimdonghuynh02	Name: MécÙThiªnÙNhai	 DelItem: To¸i NguyÖt §ao
16:44:23	 Account: kimdonghuynh02	Name: MécÙThiªnÙNhai	 DelItem: To¸i NguyÖt §ao
16:44:23	 Account: kimdonghuynh02	Name: MécÙThiªnÙNhai	 DelItem: To¸i NguyÖt §ao
16:44:23	 Account: kimdonghuynh02	Name: MécÙThiªnÙNhai	 DelItem: To¸i NguyÖt §ao
16:44:23	 Account: kimdonghuynh02	Name: MécÙThiªnÙNhai	 DelItem: To¸i NguyÖt §ao
16:44:23	 Account: kimdonghuynh02	Name: MécÙThiªnÙNhai	 DelItem: To¸i NguyÖt §ao
16:44:23	 Account: kimdonghuynh02	Name: MécÙThiªnÙNhai	 DelItem: To¸i NguyÖt §ao
16:44:23	 Account: kimdonghuynh02	Name: MécÙThiªnÙNhai	 DelItem: To¸i NguyÖt §ao
16:44:23	 Account: kimdonghuynh02	Name: MécÙThiªnÙNhai	 DelItem: To¸i NguyÖt §ao
16:44:23	 Account: kimdonghuynh02	Name: MécÙThiªnÙNhai	 DelItem: To¸i NguyÖt §ao
16:44:23	 Account: kimdonghuynh02	Name: MécÙThiªnÙNhai	 DelItem: To¸i NguyÖt §ao
16:44:23	 Account: kimdonghuynh02	Name: MécÙThiªnÙNhai	 DelItem: To¸i NguyÖt §ao
16:44:34	 Account: cannhatnam	Name: TaÙ§iÙT×mÙEm	 DelItem: [ Nguyªn So¸i ] trang søc
16:44:34	 Account: cannhatnam	Name: TaÙ§iÙT×mÙEm	 DelItem: [ Nguyªn So¸i ] trang søc
16:44:34	 Account: cannhatnam	Name: TaÙ§iÙT×mÙEm	 DelItem: [ Nguyªn So¸i ] trang søc
16:52:18	 Account: taochiai	Name: CuuKiemTY	 DelItem: [ Nguyªn So¸i ] chiÕn m·
16:52:18	 Account: taochiai	Name: CuuKiemTY	 DelItem: [ Nguyªn So¸i ] chiÕn m·
16:52:18	 Account: taochiai	Name: CuuKiemTY	 DelItem: [ Nguyªn So¸i ] chiÕn m·
16:52:31	 Account: taochiai	Name: CuuKiemTY	 DelItem: [ Nguyªn So¸i ] chiÕn m·
16:52:31	 Account: taochiai	Name: CuuKiemTY	 DelItem: [ Nguyªn So¸i ] chiÕn m·
16:52:31	 Account: taochiai	Name: CuuKiemTY	 DelItem: Tóc S­¬ng
16:53:10	 Account: vanchuong	Name: ÙzPiiÙÙ	 DelItem: [ Nguyªn So¸i ] chiÕn m·
16:53:10	 Account: vanchuong	Name: ÙzPiiÙÙ	 DelItem: [ Nguyªn So¸i ] chiÕn m·
16:53:10	 Account: vanchuong	Name: ÙzPiiÙÙ	 DelItem: [ Nguyªn So¸i ] mÆt n¹ [cÊp 9]
16:53:10	 Account: vanchuong	Name: ÙzPiiÙÙ	 DelItem: [ Nguyªn So¸i ] mÆt n¹ [cÊp 8]
16:53:10	 Account: vanchuong	Name: ÙzPiiÙÙ	 DelItem: [ Nguyªn So¸i ] mÆt n¹ [cÊp 7]
16:53:10	 Account: vanchuong	Name: ÙzPiiÙÙ	 DelItem: [ Nguyªn So¸i ] mÆt n¹ [cÊp 6]
16:53:10	 Account: vanchuong	Name: ÙzPiiÙÙ	 DelItem: [ Nguyªn So¸i ] mÆt n¹ [cÊp 5]
16:53:10	 Account: vanchuong	Name: ÙzPiiÙÙ	 DelItem: [ Nguyªn So¸i ] mÆt n¹ [cÊp 4]
16:53:10	 Account: vanchuong	Name: ÙzPiiÙÙ	 DelItem: [ Nguyªn So¸i ] mÆt n¹ [cÊp 3]
16:53:10	 Account: vanchuong	Name: ÙzPiiÙÙ	 DelItem: [ Nguyªn So¸i ] mÆt n¹ [cÊp 2]
16:53:10	 Account: vanchuong	Name: ÙzPiiÙÙ	 DelItem: [ Nguyªn So¸i ] mÆt n¹ [cÊp 1]
16:53:10	 Account: vanchuong	Name: ÙzPiiÙÙ	 DelItem: Kim Phong C«ng CÈn Tam Th¸n
16:53:22	 Account: vanchuong	Name: ÙzPiiÙÙ	 DelItem: [ Nguyªn So¸i ] chiÕn m·
16:53:22	 Account: vanchuong	Name: ÙzPiiÙÙ	 DelItem: [ Nguyªn So¸i ] chiÕn m·
16:53:22	 Account: vanchuong	Name: ÙzPiiÙÙ	 DelItem: [ Nguyªn So¸i ] chiÕn m·
16:53:29	 Account: vanchuong	Name: ÙzPiiÙÙ	 DelItem: [ Nguyªn So¸i ] chiÕn m·
16:54:07	 Account: kimdonghuynh01	Name: §ŞaÙT¹ngÙV­¬ngÙ	 DelItem: [ Nguyªn So¸i ] trang søc
16:54:07	 Account: kimdonghuynh01	Name: §ŞaÙT¹ngÙV­¬ngÙ	 DelItem: [ Nguyªn So¸i ] trang søc
16:54:07	 Account: kimdonghuynh01	Name: §ŞaÙT¹ngÙV­¬ngÙ	 DelItem: [ Nguyªn So¸i ] trang søc
16:54:07	 Account: kimdonghuynh01	Name: §ŞaÙT¹ngÙV­¬ngÙ	 DelItem: [ Nguyªn So¸i ] trang søc
16:54:07	 Account: kimdonghuynh01	Name: §ŞaÙT¹ngÙV­¬ngÙ	 DelItem: [ Nguyªn So¸i ] trang søc
16:54:07	 Account: kimdonghuynh01	Name: §ŞaÙT¹ngÙV­¬ngÙ	 DelItem: [ Nguyªn So¸i ] trang søc
16:54:07	 Account: kimdonghuynh01	Name: §ŞaÙT¹ngÙV­¬ngÙ	 DelItem: [ Nguyªn So¸i ] trang søc
16:54:07	 Account: kimdonghuynh01	Name: §ŞaÙT¹ngÙV­¬ngÙ	 DelItem: [ Nguyªn So¸i ] trang søc
16:54:07	 Account: kimdonghuynh01	Name: §ŞaÙT¹ngÙV­¬ngÙ	 DelItem: [ Nguyªn So¸i ] trang søc
16:54:07	 Account: kimdonghuynh01	Name: §ŞaÙT¹ngÙV­¬ngÙ	 DelItem: [ Nguyªn So¸i ] phi phong
16:54:07	 Account: kimdonghuynh01	Name: §ŞaÙT¹ngÙV­¬ngÙ	 DelItem: [ Nguyªn So¸i ] phi phong
16:54:07	 Account: kimdonghuynh01	Name: §ŞaÙT¹ngÙV­¬ngÙ	 DelItem: [ Nguyªn So¸i ] phi phong
16:54:07	 Account: kimdonghuynh01	Name: §ŞaÙT¹ngÙV­¬ngÙ	 DelItem: [ Nguyªn So¸i ] phi phong
16:54:07	 Account: kimdonghuynh01	Name: §ŞaÙT¹ngÙV­¬ngÙ	 DelItem: [ Nguyªn So¸i ] phi phong
16:54:07	 Account: kimdonghuynh01	Name: §ŞaÙT¹ngÙV­¬ngÙ	 DelItem: [ Nguyªn So¸i ] phi phong
16:54:07	 Account: kimdonghuynh01	Name: §ŞaÙT¹ngÙV­¬ngÙ	 DelItem: [ Nguyªn So¸i ] phi phong
16:54:07	 Account: kimdonghuynh01	Name: §ŞaÙT¹ngÙV­¬ngÙ	 DelItem: [ Nguyªn So¸i ] phi phong
16:54:07	 Account: kimdonghuynh01	Name: §ŞaÙT¹ngÙV­¬ngÙ	 DelItem: [ Nguyªn So¸i ] phi phong
16:54:07	 Account: kimdonghuynh01	Name: §ŞaÙT¹ngÙV­¬ngÙ	 DelItem: [ Nguyªn So¸i ] quan Ên
16:54:07	 Account: kimdonghuynh01	Name: §ŞaÙT¹ngÙV­¬ngÙ	 DelItem: [ Nguyªn So¸i ] quan Ên
16:54:07	 Account: kimdonghuynh01	Name: §ŞaÙT¹ngÙV­¬ngÙ	 DelItem: [ Nguyªn So¸i ] quan Ên
16:54:07	 Account: kimdonghuynh01	Name: §ŞaÙT¹ngÙV­¬ngÙ	 DelItem: [ Nguyªn So¸i ] quan Ên
16:54:07	 Account: kimdonghuynh01	Name: §ŞaÙT¹ngÙV­¬ngÙ	 DelItem: [ Nguyªn So¸i ] quan Ên
16:54:07	 Account: kimdonghuynh01	Name: §ŞaÙT¹ngÙV­¬ngÙ	 DelItem: [ Nguyªn So¸i ] quan Ên
16:54:20	 Account: vanchuong	Name: ÙzPiiÙÙ	 DelItem: [ Nguyªn So¸i ] chiÕn m·
16:54:20	 Account: vanchuong	Name: ÙzPiiÙÙ	 DelItem: [ Nguyªn So¸i ] chiÕn m·
16:54:20	 Account: vanchuong	Name: ÙzPiiÙÙ	 DelItem: [ Nguyªn So¸i ] chiÕn m·
16:54:20	 Account: kimdonghuynh01	Name: §ŞaÙT¹ngÙV­¬ngÙ	 DelItem: [ Nguyªn So¸i ] quan Ên
16:54:20	 Account: kimdonghuynh01	Name: §ŞaÙT¹ngÙV­¬ngÙ	 DelItem: [ Nguyªn So¸i ] quan Ên
16:54:20	 Account: kimdonghuynh01	Name: §ŞaÙT¹ngÙV­¬ngÙ	 DelItem: [ Nguyªn So¸i ] quan Ên
16:54:20	 Account: kimdonghuynh01	Name: §ŞaÙT¹ngÙV­¬ngÙ	 DelItem: Tóc S­¬ng
16:54:26	 Account: taochiai	Name: CuuKiemTY	 DelItem: [ Nguyªn So¸i ] quan Ên
16:54:26	 Account: taochiai	Name: CuuKiemTY	 DelItem: [ Nguyªn So¸i ] quan Ên
16:54:26	 Account: taochiai	Name: CuuKiemTY	 DelItem: [ Nguyªn So¸i ] phi phong
16:54:26	 Account: taochiai	Name: CuuKiemTY	 DelItem: [ Nguyªn So¸i ] phi phong
16:54:26	 Account: taochiai	Name: CuuKiemTY	 DelItem: [ Nguyªn So¸i ] phi phong
16:54:26	 Account: taochiai	Name: CuuKiemTY	 DelItem: Kim Phong §ång T­íc Xu©n Th©m
16:54:34	 Account: vanchuong	Name: ÙzPiiÙÙ	 DelItem: [ Nguyªn So¸i ] chiÕn m·
16:54:34	 Account: vanchuong	Name: ÙzPiiÙÙ	 DelItem: [ Nguyªn So¸i ] chiÕn m·
16:54:34	 Account: vanchuong	Name: ÙzPiiÙÙ	 DelItem: [ Nguyªn So¸i ] chiÕn m·
16:54:46	 Account: vanchuong	Name: ÙzPiiÙÙ	 DelItem: Tóc S­¬ng
16:55:16	 Account: vanchuong	Name: ÙzPiiÙÙ	 DelItem: [ Nguyªn So¸i ] phi phong
16:55:16	 Account: vanchuong	Name: ÙzPiiÙÙ	 DelItem: [ Nguyªn So¸i ] phi phong
16:55:16	 Account: vanchuong	Name: ÙzPiiÙÙ	 DelItem: [ Nguyªn So¸i ] phi phong
16:55:16	 Account: vanchuong	Name: ÙzPiiÙÙ	 DelItem: [ Nguyªn So¸i ] phi phong
16:55:16	 Account: vanchuong	Name: ÙzPiiÙÙ	 DelItem: [ Nguyªn So¸i ] phi phong
16:55:16	 Account: vanchuong	Name: ÙzPiiÙÙ	 DelItem: [ Nguyªn So¸i ] phi phong
16:55:16	 Account: vanchuong	Name: ÙzPiiÙÙ	 DelItem: [ Nguyªn So¸i ] phi phong
16:55:16	 Account: vanchuong	Name: ÙzPiiÙÙ	 DelItem: [ Nguyªn So¸i ] phi phong
16:55:16	 Account: vanchuong	Name: ÙzPiiÙÙ	 DelItem: [ Nguyªn So¸i ] phi phong
16:55:47	 Account: vanchuong	Name: ÙzPiiÙÙ	 DelItem: [ Nguyªn So¸i ] trang søc
16:55:47	 Account: vanchuong	Name: ÙzPiiÙÙ	 DelItem: [ Nguyªn So¸i ] trang søc
16:55:47	 Account: vanchuong	Name: ÙzPiiÙÙ	 DelItem: [ Nguyªn So¸i ] trang søc
16:55:47	 Account: vanchuong	Name: ÙzPiiÙÙ	 DelItem: [ Nguyªn So¸i ] trang søc
16:55:47	 Account: vanchuong	Name: ÙzPiiÙÙ	 DelItem: [ Nguyªn So¸i ] trang søc
16:55:47	 Account: vanchuong	Name: ÙzPiiÙÙ	 DelItem: [ Nguyªn So¸i ] trang søc
16:55:47	 Account: vanchuong	Name: ÙzPiiÙÙ	 DelItem: [ Nguyªn So¸i ] trang søc
16:55:47	 Account: vanchuong	Name: ÙzPiiÙÙ	 DelItem: [ Nguyªn So¸i ] trang søc
16:55:47	 Account: vanchuong	Name: ÙzPiiÙÙ	 DelItem: [ Nguyªn So¸i ] trang søc
16:59:41	 Account: vanchuong	Name: ÙzPiiÙÙ	 DelItem: Kim Phong Kú L©n HuyÕt
17:00:20	 Account: vanchuong	Name: ÙzPiiÙÙ	 DelItem: Kim Phong §ång T­íc Xu©n Th©m
17:00:20	 Account: vanchuong	Name: ÙzPiiÙÙ	 DelItem: Kim Phong Thiªn Lı Th¶o Th­îng Phi
17:00:20	 Account: vanchuong	Name: ÙzPiiÙÙ	 DelItem: Kim Phong Lan §×nh Ngäc
17:00:20	 Account: vanchuong	Name: ÙzPiiÙÙ	 DelItem: Kim Phong HËu NghÖ dÉn cung
17:00:20	 Account: vanchuong	Name: ÙzPiiÙÙ	 DelItem: Kim Phong §o¹t Hån Ngäc ®¸i
17:00:20	 Account: vanchuong	Name: ÙzPiiÙÙ	 DelItem: Kim Phong Tr¹c Liªn Quang
17:00:20	 Account: vanchuong	Name: ÙzPiiÙÙ	 DelItem: Kim Phong Thanh D­¬ng Kh«i
17:05:27	 Account: toansu4	Name: ThİchÙTh×ÙCh¬i	 DelItem: Kim Phong §ång T­íc Xu©n Th©m
17:05:27	 Account: toansu4	Name: ThİchÙTh×ÙCh¬i	 DelItem: Kim Phong Thiªn Lı Th¶o Th­îng Phi
17:05:27	 Account: toansu4	Name: ThİchÙTh×ÙCh¬i	 DelItem: Kim Phong Lan §×nh Ngäc
17:05:27	 Account: toansu4	Name: ThİchÙTh×ÙCh¬i	 DelItem: Kim Phong HËu NghÖ dÉn cung
17:05:27	 Account: toansu4	Name: ThİchÙTh×ÙCh¬i	 DelItem: Kim Phong §o¹t Hån Ngäc ®¸i
17:05:27	 Account: toansu4	Name: ThİchÙTh×ÙCh¬i	 DelItem: Kim Phong C«ng CÈn Tam Th¸n
17:05:27	 Account: toansu4	Name: ThİchÙTh×ÙCh¬i	 DelItem: Kim Phong Kú L©n HuyÕt
17:05:27	 Account: toansu4	Name: ThİchÙTh×ÙCh¬i	 DelItem: Kim Phong Thanh D­¬ng Kh«i
17:08:17	 Account: haitran4	Name: AutoSieuBua	 DelItem: Tóc S­¬ng
17:10:19	 Account: haitran4	Name: AutoSieuBua	 DelItem: [ Nguyªn So¸i ] mÆt n¹ [cÊp 9]
17:10:19	 Account: haitran4	Name: AutoSieuBua	 DelItem: [ Nguyªn So¸i ] mÆt n¹ [cÊp 8]
17:10:19	 Account: haitran4	Name: AutoSieuBua	 DelItem: [ Nguyªn So¸i ] mÆt n¹ [cÊp 7]
17:10:19	 Account: haitran4	Name: AutoSieuBua	 DelItem: [ Nguyªn So¸i ] mÆt n¹ [cÊp 6]
17:10:19	 Account: haitran4	Name: AutoSieuBua	 DelItem: [ Nguyªn So¸i ] mÆt n¹ [cÊp 5]
17:10:19	 Account: haitran4	Name: AutoSieuBua	 DelItem: [ Nguyªn So¸i ] mÆt n¹ [cÊp 4]
17:10:19	 Account: haitran4	Name: AutoSieuBua	 DelItem: [ Nguyªn So¸i ] mÆt n¹ [cÊp 3]
17:10:19	 Account: haitran4	Name: AutoSieuBua	 DelItem: [ Nguyªn So¸i ] mÆt n¹ [cÊp 2]
17:10:19	 Account: haitran4	Name: AutoSieuBua	 DelItem: [ Nguyªn So¸i ] mÆt n¹ [cÊp 1]
17:12:05	 Account: haitran4	Name: AutoSieuBua	 DelItem: [ Nguyªn So¸i ] chiÕn m·
17:12:05	 Account: haitran4	Name: AutoSieuBua	 DelItem: [ Nguyªn So¸i ] chiÕn m·
17:20:27	 Account: bocaian3	Name: Thİch§ñThø	 DelItem: [ Nguyªn So¸i ] quan Ên
17:20:27	 Account: bocaian3	Name: Thİch§ñThø	 DelItem: [ Nguyªn So¸i ] trang søc
17:20:27	 Account: bocaian3	Name: Thİch§ñThø	 DelItem: [ Nguyªn So¸i ] phi phong
17:20:27	 Account: bocaian3	Name: Thİch§ñThø	 DelItem: [ Nguyªn So¸i ] mÆt n¹ [cÊp 1]
17:22:07	 Account: haitran3	Name: AutoQuay	 DelItem: Tóc S­¬ng
17:24:25	 Account: bocaian3	Name: Thİch§ñThø	 DelItem: [ Nguyªn So¸i ] chiÕn m·
17:28:58	 Account: hieuphan	Name: DiepCoThanh	 DelItem: B¸ V­¬ngTiªu
17:28:58	 Account: hieuphan	Name: DiepCoThanh	 DelItem: Tóc S­¬ng
17:32:50	 Account: hieuphan	Name: DiepCoThanh	 DelItem: Kim Phong Thiªn Lı Th¶o Th­îng Phi
17:32:50	 Account: hieuphan	Name: DiepCoThanh	 DelItem: Kim Phong Lan §×nh Ngäc
17:32:50	 Account: hieuphan	Name: DiepCoThanh	 DelItem: Kim Phong §o¹t Hån Ngäc ®¸i
17:32:50	 Account: hieuphan	Name: DiepCoThanh	 DelItem: Kim Phong C«ng CÈn Tam Th¸n
17:32:50	 Account: hieuphan	Name: DiepCoThanh	 DelItem: Kim Phong Kú L©n HuyÕt
17:32:50	 Account: hieuphan	Name: DiepCoThanh	 DelItem: Kim Phong Thanh D­¬ng Kh«i
17:34:44	 Account: haitran3	Name: AutoQuay	 DelItem: LÖnh bµi
17:34:44	 Account: haitran3	Name: AutoQuay	 DelItem: [ Nguyªn So¸i ] mÆt n¹ [cÊp 1]
17:34:44	 Account: haitran3	Name: AutoQuay	 DelItem: Thiªn s¬n  B¶o Lé 
17:34:44	 Account: haitran3	Name: AutoQuay	 DelItem: [ Nguyªn So¸i ] mÆt n¹ [cÊp 1]
17:34:44	 Account: haitran3	Name: AutoQuay	 DelItem: [ Nguyªn So¸i ] quan Ên
17:34:44	 Account: haitran3	Name: AutoQuay	 DelItem: B¶o R­¬ng §å Xanh
17:49:36	 Account: okila03	Name: Okilaz	 DelItem: [ Nguyªn So¸i ] chiÕn m·
17:49:36	 Account: okila03	Name: Okilaz	 DelItem: [ Nguyªn So¸i ] chiÕn m·
17:49:36	 Account: okila03	Name: Okilaz	 DelItem: [ Nguyªn So¸i ] chiÕn m·
17:49:49	 Account: okila03	Name: Okilaz	 DelItem: Kim Phong §ång T­íc Xu©n Th©m
17:49:49	 Account: okila03	Name: Okilaz	 DelItem: [ Nguyªn So¸i ] chiÕn m·
17:49:49	 Account: okila03	Name: Okilaz	 DelItem: [ Nguyªn So¸i ] chiÕn m·
17:49:49	 Account: okila03	Name: Okilaz	 DelItem: [ Nguyªn So¸i ] chiÕn m·
17:50:02	 Account: okila03	Name: Okilaz	 DelItem: [ Nguyªn So¸i ] chiÕn m·
17:50:02	 Account: okila03	Name: Okilaz	 DelItem: Tóc S­¬ng
17:50:02	 Account: okila03	Name: Okilaz	 DelItem: [ Nguyªn So¸i ] chiÕn m·
17:50:07	 Account: okila03	Name: Okilaz	 DelItem: [ Nguyªn So¸i ] chiÕn m·
18:12:59	 Account: gacngay03	Name: TestDMN	 DelItem: [ Nguyªn So¸i ] chiÕn m·
18:12:59	 Account: gacngay03	Name: TestDMN	 DelItem: [ Nguyªn So¸i ] chiÕn m·
18:14:58	 Account: gacngay03	Name: TestDMN	 DelItem: [ Nguyªn So¸i ] mÆt n¹ [cÊp 1]
18:14:58	 Account: gacngay03	Name: TestDMN	 DelItem: [ Nguyªn So¸i ] phi phong
18:14:58	 Account: gacngay03	Name: TestDMN	 DelItem: [ Nguyªn So¸i ] trang søc
18:14:58	 Account: gacngay03	Name: TestDMN	 DelItem: [ Nguyªn So¸i ] quan Ên
18:21:49	 Account: gacngay03	Name: TestDMN	 DelItem: Kim Phong Tr¹c Liªn Quang
18:24:05	 Account: gacngay03	Name: TestDMN	 DelItem: [ Nguyªn So¸i ] chiÕn m·
18:24:05	 Account: gacngay03	Name: TestDMN	 DelItem: [ Nguyªn So¸i ] chiÕn m·
18:24:05	 Account: gacngay03	Name: TestDMN	 DelItem: Tóc S­¬ng
18:35:48	 Account: haitran4	Name: AutoSieuBua	 DelItem: [ Nguyªn So¸i ] trang søc
18:46:58	 Account: haumiss01	Name: nacarot01	 DelItem: [ Nguyªn So¸i ] mÆt n¹ [cÊp 1]
23:19:42	 Account: truongac04	Name: RosiÙEmÙBeÙDau	 DelItem: Tóc S­¬ng
23:19:42	 Account: truongac04	Name: RosiÙEmÙBeÙDau	 DelItem: Kim Phong HËu NghÖ dÉn cung
23:19:42	 Account: truongac04	Name: RosiÙEmÙBeÙDau	 DelItem: ChiÕn cæ 
23:19:42	 Account: truongac04	Name: RosiÙEmÙBeÙDau	 DelItem: LÖnh bµi
23:19:42	 Account: truongac04	Name: RosiÙEmÙBeÙDau	 DelItem: Phong V©n Phi Tèc hoµn
23:19:42	 Account: truongac04	Name: RosiÙEmÙBeÙDau	 DelItem: ChiÕn cæ 
23:19:42	 Account: truongac04	Name: RosiÙEmÙBeÙDau	 DelItem: [ Nguyªn So¸i ] chiÕn m·
23:19:42	 Account: truongac04	Name: RosiÙEmÙBeÙDau	 DelItem: [ Nguyªn So¸i ] mÆt n¹ [cÊp 1]
23:19:42	 Account: truongac04	Name: RosiÙEmÙBeÙDau	 DelItem: B¸ V­¬ngTiªu
23:19:42	 Account: truongac04	Name: RosiÙEmÙBeÙDau	 DelItem: Hång B¶o Th¹ch Giíi ChØ
23:20:51	 Account: truongac04	Name: RosiÙEmÙBeÙDau	 DelItem: [ Nguyªn So¸i ] quan Ên
23:20:51	 Account: truongac04	Name: RosiÙEmÙBeÙDau	 DelItem: [ Nguyªn So¸i ] trang søc
23:20:51	 Account: truongac04	Name: RosiÙEmÙBeÙDau	 DelItem: [ Nguyªn So¸i ] phi phong
23:21:59	 Account: truongac04	Name: RosiÙEmÙBeÙDau	 DelItem: [ Nguyªn So¸i ] chiÕn m·
23:21:59	 Account: truongac04	Name: RosiÙEmÙBeÙDau	 DelItem: LÖnh bµi
23:21:59	 Account: truongac04	Name: RosiÙEmÙBeÙDau	 DelItem: ChiÕn cæ 
23:21:59	 Account: truongac04	Name: RosiÙEmÙBeÙDau	 DelItem: Tiªn Th¶o Lé 
23:21:59	 Account: truongac04	Name: RosiÙEmÙBeÙDau	 DelItem: Phong V©n Phi Tèc hoµn
23:21:59	 Account: truongac04	Name: RosiÙEmÙBeÙDau	 DelItem: Vßng Hoa ThÊt TŞch
23:21:59	 Account: truongac04	Name: RosiÙEmÙBeÙDau	 DelItem: B¸nh Trung Thu Nh©n Dõa
23:27:05	 Account: truongac04	Name: RosiÙEmÙBeÙDau	 DelItem: Kim Phong Thiªn Lı Th¶o Th­îng Phi
23:40:24	 Account: truongac04	Name: RosiÙEmÙBeÙDau	 DelItem: Kim Phong Lan §×nh Ngäc
