00:06:14	 Account: xuanhung2	Name: 1Ù§aoÙLÊyÙM¹ng	 DelItem: [ Nguyªn So¸i ] phi phong
00:06:14	 Account: xuanhung2	Name: 1Ù§aoÙLÊyÙM¹ng	 DelItem: Hoa cóc tÝm
00:06:14	 Account: xuanhung2	Name: 1Ù§aoÙLÊyÙM¹ng	 DelItem: Hoa cóc vµng
00:06:14	 Account: xuanhung2	Name: 1Ù§aoÙLÊyÙM¹ng	 DelItem: Phong V©n Phi Tèc hoµn
00:06:14	 Account: xuanhung2	Name: 1Ù§aoÙLÊyÙM¹ng	 DelItem: Hoa cóc tr¾ng
00:06:14	 Account: xuanhung2	Name: 1Ù§aoÙLÊyÙM¹ng	 DelItem: ChiÕn cæ 
00:06:14	 Account: xuanhung2	Name: 1Ù§aoÙLÊyÙM¹ng	 DelItem: LÖnh bµi
00:19:38	 Account: xuanhung2	Name: 1Ù§aoÙLÊyÙM¹ng	 DelItem: Kim Phong C«ng CÈn Tam Th¸n
00:30:33	 Account: thieny	Name: L­uÙDung	 DelItem: Kim Phong §ång T­íc Xu©n Th©m
00:30:33	 Account: thieny	Name: L­uÙDung	 DelItem: Kim Phong Lan §×nh Ngäc
00:30:33	 Account: thieny	Name: L­uÙDung	 DelItem: Kim Phong §o¹t Hån Ngäc ®¸i
00:30:33	 Account: thieny	Name: L­uÙDung	 DelItem: Kim Phong C«ng CÈn Tam Th¸n
00:30:33	 Account: thieny	Name: L­uÙDung	 DelItem: Kim Phong Tr¹c Liªn Quang
00:30:33	 Account: thieny	Name: L­uÙDung	 DelItem: Kim Phong Kú L©n HuyÕt
00:30:33	 Account: thieny	Name: L­uÙDung	 DelItem: Kim Phong Thanh D­¬ng Kh«i
00:30:33	 Account: thieny	Name: L­uÙDung	 DelItem: Tóc S­¬ng
00:30:46	 Account: thieny	Name: L­uÙDung	 DelItem: Kim Phong Thiªn Lý Th¶o Th­îng Phi
00:30:46	 Account: thieny	Name: L­uÙDung	 DelItem: Kim Phong HËu NghÖ dÉn cung
00:31:05	 Account: thieny	Name: L­uÙDung	 DelItem: §¹i Phong §ao
00:31:22	 Account: thieny	Name: L­uÙDung	 DelItem: §¹i Phong §ao
00:31:22	 Account: thieny	Name: L­uÙDung	 DelItem: R­¬ng vò khÝ xanh
00:37:33	 Account: thieny1	Name: ChØÙNh­îc	 DelItem: Kim Phong Thiªn Lý Th¶o Th­îng Phi
00:37:33	 Account: thieny1	Name: ChØÙNh­îc	 DelItem: Kim Phong Kú L©n HuyÕt
00:37:33	 Account: thieny1	Name: ChØÙNh­îc	 DelItem: Kim Phong Thanh D­¬ng Kh«i
00:37:33	 Account: thieny1	Name: ChØÙNh­îc	 DelItem: Tóc S­¬ng
00:37:47	 Account: thieny1	Name: ChØÙNh­îc	 DelItem: Kim Phong §ång T­íc Xu©n Th©m
00:37:47	 Account: thieny1	Name: ChØÙNh­îc	 DelItem: Kim Phong Lan §×nh Ngäc
00:37:47	 Account: thieny1	Name: ChØÙNh­îc	 DelItem: Kim Phong HËu NghÖ dÉn cung
00:37:47	 Account: thieny1	Name: ChØÙNh­îc	 DelItem: Kim Phong §o¹t Hån Ngäc ®¸i
00:37:47	 Account: thieny1	Name: ChØÙNh­îc	 DelItem: Kim Phong C«ng CÈn Tam Th¸n
00:37:47	 Account: thieny1	Name: ChØÙNh­îc	 DelItem: Kim Phong Tr¹c Liªn Quang
00:37:47	 Account: thieny1	Name: ChØÙNh­îc	 DelItem: T©n Thñ Giíi ChØ
00:37:47	 Account: thieny1	Name: ChØÙNh­îc	 DelItem: R­¬ng vò khÝ xanh
00:45:44	 Account: thieny2	Name: §écÙChÕtÙMµy	 DelItem: Kim Phong Thiªn Lý Th¶o Th­îng Phi
00:45:44	 Account: thieny2	Name: §écÙChÕtÙMµy	 DelItem: Kim Phong §o¹t Hån Ngäc ®¸i
00:45:44	 Account: thieny2	Name: §écÙChÕtÙMµy	 DelItem: Kim Phong Tr¹c Liªn Quang
00:45:44	 Account: thieny2	Name: §écÙChÕtÙMµy	 DelItem: Kim Phong Kú L©n HuyÕt
00:45:44	 Account: thieny2	Name: §écÙChÕtÙMµy	 DelItem: Kim Phong Thanh D­¬ng Kh«i
00:45:44	 Account: thieny2	Name: §écÙChÕtÙMµy	 DelItem: Tóc S­¬ng
00:45:54	 Account: thieny2	Name: §écÙChÕtÙMµy	 DelItem: Kim Phong §ång T­íc Xu©n Th©m
00:45:54	 Account: thieny2	Name: §écÙChÕtÙMµy	 DelItem: Kim Phong Lan §×nh Ngäc
00:45:54	 Account: thieny2	Name: §écÙChÕtÙMµy	 DelItem: Kim Phong HËu NghÖ dÉn cung
00:45:54	 Account: thieny2	Name: §écÙChÕtÙMµy	 DelItem: Kim Phong C«ng CÈn Tam Th¸n
00:45:54	 Account: thieny2	Name: §écÙChÕtÙMµy	 DelItem: R­¬ng vò khÝ xanh
00:54:23	 Account: thieny3	Name: §iªuÙThuyÒn	 DelItem: Kim Phong Thiªn Lý Th¶o Th­îng Phi
00:54:23	 Account: thieny3	Name: §iªuÙThuyÒn	 DelItem: Kim Phong Lan §×nh Ngäc
00:54:23	 Account: thieny3	Name: §iªuÙThuyÒn	 DelItem: Kim Phong HËu NghÖ dÉn cung
00:54:23	 Account: thieny3	Name: §iªuÙThuyÒn	 DelItem: Kim Phong §o¹t Hån Ngäc ®¸i
00:54:23	 Account: thieny3	Name: §iªuÙThuyÒn	 DelItem: Kim Phong C«ng CÈn Tam Th¸n
00:54:23	 Account: thieny3	Name: §iªuÙThuyÒn	 DelItem: Kim Phong Tr¹c Liªn Quang
00:54:23	 Account: thieny3	Name: §iªuÙThuyÒn	 DelItem: Kim Phong Thanh D­¬ng Kh«i
00:54:23	 Account: thieny3	Name: §iªuÙThuyÒn	 DelItem: Tóc S­¬ng
00:54:23	 Account: thieny3	Name: §iªuÙThuyÒn	 DelItem: T©n Thñ Giíi ChØ
00:55:18	 Account: thieny3	Name: §iªuÙThuyÒn	 DelItem: Kim Phong §ång T­íc Xu©n Th©m
00:55:18	 Account: thieny3	Name: §iªuÙThuyÒn	 DelItem: Kim Phong Kú L©n HuyÕt
00:55:18	 Account: thieny3	Name: §iªuÙThuyÒn	 DelItem: R­¬ng vò khÝ xanh
00:55:59	 Account: xuanhung1	Name: NáÙHÕtÙ§¹n	 DelItem: Kim Phong §ång T­íc Xu©n Th©m
01:34:08	 Account: duylinh1	Name: duylinh1	 DelItem: Kim Phong §ång T­íc Xu©n Th©m
01:34:08	 Account: duylinh1	Name: duylinh1	 DelItem: Kim Phong C«ng CÈn Tam Th¸n
01:34:08	 Account: duylinh1	Name: duylinh1	 DelItem: Kim Phong Thanh D­¬ng Kh«i
01:49:45	 Account: atulaku	Name: Atulaku	 DelItem: Kim Phong C«ng CÈn Tam Th¸n
01:57:21	 Account: thieny1	Name: ChuÙChØÙNh­îc	 DelItem: Kim Phong §ång T­íc Xu©n Th©m
01:57:21	 Account: thieny1	Name: ChuÙChØÙNh­îc	 DelItem: Kim Phong Lan §×nh Ngäc
01:57:21	 Account: thieny1	Name: ChuÙChØÙNh­îc	 DelItem: Kim Phong HËu NghÖ dÉn cung
01:57:21	 Account: thieny1	Name: ChuÙChØÙNh­îc	 DelItem: Kim Phong C«ng CÈn Tam Th¸n
01:57:21	 Account: thieny1	Name: ChuÙChØÙNh­îc	 DelItem: Kim Phong Tr¹c Liªn Quang
01:57:21	 Account: thieny1	Name: ChuÙChØÙNh­îc	 DelItem: Kim Phong Kú L©n HuyÕt
01:57:21	 Account: thieny1	Name: ChuÙChØÙNh­îc	 DelItem: Kim Phong Thanh D­¬ng Kh«i
01:57:21	 Account: thieny1	Name: ChuÙChØÙNh­îc	 DelItem: Tóc S­¬ng
01:57:28	 Account: thieny1	Name: ChuÙChØÙNh­îc	 DelItem: Kim Phong Thiªn Lý Th¶o Th­îng Phi
01:57:28	 Account: thieny1	Name: ChuÙChØÙNh­îc	 DelItem: Kim Phong §o¹t Hån Ngäc ®¸i
01:57:28	 Account: thieny1	Name: ChuÙChØÙNh­îc	 DelItem: R­¬ng vò khÝ xanh
01:59:22	 Account: atulaku	Name: Atulaku	 DelItem: Tóc S­¬ng
02:04:36	 Account: thieny3	Name: TiÓuÙVò	 DelItem: Kim Phong §ång T­íc Xu©n Th©m
02:04:36	 Account: thieny3	Name: TiÓuÙVò	 DelItem: Kim Phong Thiªn Lý Th¶o Th­îng Phi
02:04:36	 Account: thieny3	Name: TiÓuÙVò	 DelItem: Kim Phong §o¹t Hån Ngäc ®¸i
02:04:36	 Account: thieny3	Name: TiÓuÙVò	 DelItem: Kim Phong C«ng CÈn Tam Th¸n
02:04:36	 Account: thieny3	Name: TiÓuÙVò	 DelItem: Kim Phong Kú L©n HuyÕt
02:04:36	 Account: thieny3	Name: TiÓuÙVò	 DelItem: Kim Phong Thanh D­¬ng Kh«i
02:04:36	 Account: thieny3	Name: TiÓuÙVò	 DelItem: Tóc S­¬ng
02:04:45	 Account: thieny3	Name: TiÓuÙVò	 DelItem: Kim Phong Lan §×nh Ngäc
02:04:45	 Account: thieny3	Name: TiÓuÙVò	 DelItem: Kim Phong HËu NghÖ dÉn cung
02:04:45	 Account: thieny3	Name: TiÓuÙVò	 DelItem: Kim Phong Tr¹c Liªn Quang
02:04:45	 Account: thieny3	Name: TiÓuÙVò	 DelItem: R­¬ng vò khÝ xanh
03:21:18	 Account: khacman3	Name: CayTien003	 DelItem: Kim Phong Thiªn Lý Th¶o Th­îng Phi
03:46:01	 Account: lcduc297c	Name: XeÙCTC	 DelItem: Kim Phong Lan §×nh Ngäc
03:57:54	 Account: huutuanbmt	Name: R­îuÙCÇn	 DelItem: Kim Phong §ång T­íc Xu©n Th©m
03:57:54	 Account: huutuanbmt	Name: R­îuÙCÇn	 DelItem: Kim Phong Thiªn Lý Th¶o Th­îng Phi
03:57:54	 Account: huutuanbmt	Name: R­îuÙCÇn	 DelItem: Kim Phong Lan §×nh Ngäc
03:57:54	 Account: huutuanbmt	Name: R­îuÙCÇn	 DelItem: Kim Phong HËu NghÖ dÉn cung
03:57:54	 Account: huutuanbmt	Name: R­îuÙCÇn	 DelItem: Kim Phong §o¹t Hån Ngäc ®¸i
03:57:54	 Account: huutuanbmt	Name: R­îuÙCÇn	 DelItem: Kim Phong C«ng CÈn Tam Th¸n
03:57:54	 Account: huutuanbmt	Name: R­îuÙCÇn	 DelItem: Kim Phong Thanh D­¬ng Kh«i
03:59:15	 Account: huutuanbmt	Name: R­îuÙCÇn	 DelItem: Kim Phong Tr¹c Liªn Quang
03:59:15	 Account: huutuanbmt	Name: R­îuÙCÇn	 DelItem: Kim Phong Kú L©n HuyÕt
04:08:00	 Account: huutuanbmt3	Name: CËnÙVÖÙTl	 DelItem: Kim Phong §ång T­íc Xu©n Th©m
04:08:00	 Account: huutuanbmt3	Name: CËnÙVÖÙTl	 DelItem: Kim Phong Thiªn Lý Th¶o Th­îng Phi
04:08:00	 Account: huutuanbmt3	Name: CËnÙVÖÙTl	 DelItem: Kim Phong Lan §×nh Ngäc
04:08:00	 Account: huutuanbmt3	Name: CËnÙVÖÙTl	 DelItem: Kim Phong C«ng CÈn Tam Th¸n
04:08:00	 Account: huutuanbmt3	Name: CËnÙVÖÙTl	 DelItem: Kim Phong Tr¹c Liªn Quang
04:08:00	 Account: huutuanbmt3	Name: CËnÙVÖÙTl	 DelItem: Kim Phong Kú L©n HuyÕt
04:08:38	 Account: huutuanbmt2	Name: CËnÙVÖÙNM	 DelItem: Kim Phong Thanh D­¬ng Kh«i
04:08:38	 Account: huutuanbmt2	Name: CËnÙVÖÙNM	 DelItem: Kim Phong Kú L©n HuyÕt
04:08:38	 Account: huutuanbmt2	Name: CËnÙVÖÙNM	 DelItem: Kim Phong Tr¹c Liªn Quang
04:08:38	 Account: huutuanbmt2	Name: CËnÙVÖÙNM	 DelItem: Kim Phong C«ng CÈn Tam Th¸n
04:08:38	 Account: huutuanbmt2	Name: CËnÙVÖÙNM	 DelItem: Kim Phong HËu NghÖ dÉn cung
04:08:38	 Account: huutuanbmt2	Name: CËnÙVÖÙNM	 DelItem: Kim Phong Thiªn Lý Th¶o Th­îng Phi
04:10:39	 Account: huutuanbmt2	Name: CËnÙVÖÙNM	 DelItem: Kim Phong §o¹t Hån Ngäc ®¸i
04:10:39	 Account: huutuanbmt2	Name: CËnÙVÖÙNM	 DelItem: Kim Phong Lan §×nh Ngäc
04:10:39	 Account: huutuanbmt2	Name: CËnÙVÖÙNM	 DelItem: Kim Phong §ång T­íc Xu©n Th©m
04:13:50	 Account: huutuanbmt1	Name: CËnÙVÖÙCL	 DelItem: Kim Phong Kú L©n HuyÕt
04:13:50	 Account: huutuanbmt1	Name: CËnÙVÖÙCL	 DelItem: Kim Phong Tr¹c Liªn Quang
04:13:50	 Account: huutuanbmt1	Name: CËnÙVÖÙCL	 DelItem: Kim Phong C«ng CÈn Tam Th¸n
04:13:50	 Account: huutuanbmt1	Name: CËnÙVÖÙCL	 DelItem: Kim Phong §o¹t Hån Ngäc ®¸i
04:13:50	 Account: huutuanbmt1	Name: CËnÙVÖÙCL	 DelItem: Kim Phong §ång T­íc Xu©n Th©m
04:54:09	 Account: huutuanbmt7	Name: nhattien07	 DelItem: Kim Phong Thanh D­¬ng Kh«i
04:54:09	 Account: huutuanbmt7	Name: nhattien07	 DelItem: Kim Phong Thiªn Lý Th¶o Th­îng Phi
04:54:39	 Account: huutuanbmt7	Name: nhattien07	 DelItem: Kim Phong Tr¹c Liªn Quang
04:54:39	 Account: huutuanbmt7	Name: nhattien07	 DelItem: Kim Phong C«ng CÈn Tam Th¸n
04:56:21	 Account: huutuanbmt5	Name: nhattien05	 DelItem: Kim Phong §ång T­íc Xu©n Th©m
04:56:21	 Account: huutuanbmt5	Name: nhattien05	 DelItem: Kim Phong Thiªn Lý Th¶o Th­îng Phi
04:56:21	 Account: huutuanbmt5	Name: nhattien05	 DelItem: Kim Phong §o¹t Hån Ngäc ®¸i
04:56:21	 Account: huutuanbmt5	Name: nhattien05	 DelItem: Kim Phong Kú L©n HuyÕt
04:56:21	 Account: huutuanbmt5	Name: nhattien05	 DelItem: Kim Phong Thanh D­¬ng Kh«i
04:57:46	 Account: huutuanbmt6	Name: nhattien06	 DelItem: Kim Phong Kú L©n HuyÕt
04:57:46	 Account: huutuanbmt6	Name: nhattien06	 DelItem: Kim Phong §o¹t Hån Ngäc ®¸i
04:57:46	 Account: huutuanbmt6	Name: nhattien06	 DelItem: Kim Phong Thiªn Lý Th¶o Th­îng Phi
04:57:46	 Account: huutuanbmt6	Name: nhattien06	 DelItem: Kim Phong §ång T­íc Xu©n Th©m
04:58:46	 Account: huutuanbmt4	Name: nhattien04	 DelItem: Kim Phong §ång T­íc Xu©n Th©m
04:58:46	 Account: huutuanbmt4	Name: nhattien04	 DelItem: Kim Phong Thiªn Lý Th¶o Th­îng Phi
04:58:46	 Account: huutuanbmt4	Name: nhattien04	 DelItem: Kim Phong §o¹t Hån Ngäc ®¸i
04:58:46	 Account: huutuanbmt4	Name: nhattien04	 DelItem: Kim Phong Tr¹c Liªn Quang
04:58:46	 Account: huutuanbmt4	Name: nhattien04	 DelItem: Kim Phong Kú L©n HuyÕt
04:58:46	 Account: huutuanbmt4	Name: nhattien04	 DelItem: Kim Phong Thanh D­¬ng Kh«i
05:48:13	 Account: vugiang1	Name: SieuPham	 DelItem: Kim Phong Thiªn Lý Th¶o Th­îng Phi
05:50:39	 Account: tandan	Name: Electrolux	 DelItem: Kim Phong C«ng CÈn Tam Th¸n
05:50:39	 Account: tandan	Name: Electrolux	 DelItem: Tóc S­¬ng
05:51:39	 Account: vugiang	Name: SieuToc	 DelItem: Kim Phong Thiªn Lý Th¶o Th­îng Phi
05:52:46	 Account: tandan	Name: Electrolux	 DelItem: Kim Phong Thiªn Lý Th¶o Th­îng Phi
05:52:46	 Account: tandan	Name: Electrolux	 DelItem: Kim Phong §o¹t Hån Ngäc ®¸i
05:52:46	 Account: tandan	Name: Electrolux	 DelItem: Kim Phong Tr¹c Liªn Quang
05:52:46	 Account: tandan	Name: Electrolux	 DelItem: Kim Phong Kú L©n HuyÕt
05:52:46	 Account: tandan	Name: Electrolux	 DelItem: Kim Phong Thanh D­¬ng Kh«i
06:07:59	 Account: vugiang3	Name: Iasdkfg	 DelItem: Khæng T­íc Linh
06:07:59	 Account: vugiang3	Name: Iasdkfg	 DelItem: Khæng T­íc Linh
06:13:18	 Account: lcduc297b	Name: S¸tÙThñ	 DelItem: [ Nguyªn So¸i ] chiÕn m·
06:14:32	 Account: tandan1	Name: ElecTL	 DelItem: Kim Phong C«ng CÈn Tam Th¸n
06:14:32	 Account: tandan1	Name: ElecTL	 DelItem: Tóc S­¬ng
06:14:45	 Account: huutuanbmt7	Name: nhattien07	 DelItem: Kim Phong Kú L©n HuyÕt
06:15:05	 Account: huutuanbmt6	Name: nhattien06	 DelItem: Kim Phong Thanh D­¬ng Kh«i
06:18:07	 Account: tandan	Name: Electrolux	 DelItem: Kim Phong §ång T­íc Xu©n Th©m
06:21:30	 Account: tandan2	Name: Elec5D	 DelItem: Kim Phong C«ng CÈn Tam Th¸n
06:21:30	 Account: tandan2	Name: Elec5D	 DelItem: Tóc S­¬ng
06:23:23	 Account: tandan1	Name: ElecTL	 DelItem: Kim Phong HËu NghÖ dÉn cung
06:23:23	 Account: tandan1	Name: ElecTL	 DelItem: Kim Phong §o¹t Hån Ngäc ®¸i
06:25:31	 Account: tandan3	Name: ElecNMi	 DelItem: Kim Phong §ång T­íc Xu©n Th©m
06:25:31	 Account: tandan3	Name: ElecNMi	 DelItem: Kim Phong Thiªn Lý Th¶o Th­îng Phi
06:25:31	 Account: tandan3	Name: ElecNMi	 DelItem: Kim Phong C«ng CÈn Tam Th¸n
06:25:31	 Account: tandan3	Name: ElecNMi	 DelItem: Tóc S­¬ng
06:58:50	 Account: tuphuongmau2	Name: C¸ÙTra	 DelItem: Kim Phong HËu NghÖ dÉn cung
06:58:50	 Account: tuphuongmau2	Name: C¸ÙTra	 DelItem: Kim Phong §o¹t Hån Ngäc ®¸i
07:13:49	 Account: lcduc297c	Name: XeÙCTC	 DelItem: §¹i Phong §ao
07:14:37	 Account: tandan1	Name: ElecTL	 DelItem: Kim Phong Thanh D­¬ng Kh«i
07:18:25	 Account: tandan	Name: Electrolux	 DelItem: Kim Phong Lan §×nh Ngäc
07:20:17	 Account: xuanhung	Name: C«ÙG¸iÙ£Ù§ª	 DelItem: [ Nguyªn So¸i ] chiÕn m·
07:25:53	 Account: okila04	Name: Okila04	 DelItem: §¹i Phong §ao
07:48:44	 Account: tandan	Name: Electrolux	 DelItem: Nga Mi  PhËt Quang Ch­ëng MËt TÞch
08:10:18	 Account: okilaz3	Name: Okilax3	 DelItem: Th«n NhËt Tr·m
08:12:37	 Account: tandan	Name: Electrolux	 DelItem: Kim Phong HËu NghÖ dÉn cung
08:12:39	 Account: xuanhung2	Name: BUffDoc	 DelItem: Kim Phong §ång T­íc Xu©n Th©m
08:12:39	 Account: xuanhung2	Name: BUffDoc	 DelItem: Kim Phong Thiªn Lý Th¶o Th­îng Phi
08:12:39	 Account: xuanhung2	Name: BUffDoc	 DelItem: Kim Phong HËu NghÖ dÉn cung
08:12:39	 Account: xuanhung2	Name: BUffDoc	 DelItem: Kim Phong §o¹t Hån Ngäc ®¸i
08:12:39	 Account: xuanhung2	Name: BUffDoc	 DelItem: Kim Phong C«ng CÈn Tam Th¸n
08:12:39	 Account: xuanhung2	Name: BUffDoc	 DelItem: Kim Phong Tr¹c Liªn Quang
08:12:39	 Account: xuanhung2	Name: BUffDoc	 DelItem: Kim Phong Kú L©n HuyÕt
08:12:39	 Account: xuanhung2	Name: BUffDoc	 DelItem: Kim Phong Thanh D­¬ng Kh«i
08:12:39	 Account: xuanhung2	Name: BUffDoc	 DelItem: R­¬ng vò khÝ xanh
08:12:48	 Account: xuanhung2	Name: BUffDoc	 DelItem: Kim Phong Lan §×nh Ngäc
08:12:48	 Account: xuanhung2	Name: BUffDoc	 DelItem: Tóc S­¬ng
08:20:25	 Account: tandan1	Name: ElecTL	 DelItem: Kim Phong Lan §×nh Ngäc
08:20:25	 Account: tandan1	Name: ElecTL	 DelItem: Kim Phong §ång T­íc Xu©n Th©m
08:23:30	 Account: khacman3	Name: CayTien003	 DelItem: Kim Phong Tr¹c Liªn Quang
08:23:59	 Account: khacman3	Name: CayTien003	 DelItem: Kim Phong Lan §×nh Ngäc
08:23:59	 Account: khacman3	Name: CayTien003	 DelItem: Kim Phong §ång T­íc Xu©n Th©m
08:35:36	 Account: thanh2	Name: H¾cÙMéc	 DelItem: Kim Phong Lan §×nh Ngäc
08:35:36	 Account: thanh2	Name: H¾cÙMéc	 DelItem: Kim Phong Tr¹c Liªn Quang
08:35:36	 Account: thanh2	Name: H¾cÙMéc	 DelItem: Kim Phong Thanh D­¬ng Kh«i
08:36:13	 Account: okila05	Name: Okila05	 DelItem: Tóc S­¬ng
08:36:13	 Account: okila05	Name: Okila05	 DelItem: Kim Phong §ång T­íc Xu©n Th©m
08:45:18	 Account: thanh2	Name: H¾cÙMéc	 DelItem: Kim Phong Thiªn Lý Th¶o Th­îng Phi
08:45:18	 Account: thanh2	Name: H¾cÙMéc	 DelItem: Kim Phong §o¹t Hån Ngäc ®¸i
08:50:07	 Account: okila05	Name: Okila05	 DelItem: §¹i Phong §ao
08:53:18	 Account: tandan3	Name: ElecNMi	 DelItem: Kim Phong Kú L©n HuyÕt
09:02:12	 Account: thanh4	Name: H¾cÙBV	 DelItem: Kim Phong Tr¹c Liªn Quang
09:02:12	 Account: thanh4	Name: H¾cÙBV	 DelItem: Kim Phong C«ng CÈn Tam Th¸n
09:02:12	 Account: thanh4	Name: H¾cÙBV	 DelItem: Kim Phong §o¹t Hån Ngäc ®¸i
09:02:12	 Account: thanh4	Name: H¾cÙBV	 DelItem: Kim Phong Lan §×nh Ngäc
09:02:21	 Account: huutuanbmt7	Name: nhattien07	 DelItem: Kim Phong §o¹t Hån Ngäc ®¸i
09:06:27	 Account: thanh2	Name: H¾cÙMéc	 DelItem: Kim Phong Kú L©n HuyÕt
09:06:27	 Account: thanh2	Name: H¾cÙMéc	 DelItem: Kim Phong HËu NghÖ dÉn cung
09:13:37	 Account: thanh4	Name: H¾cÙBV	 DelItem: Kim Phong Thanh D­¬ng Kh«i
09:13:37	 Account: thanh4	Name: H¾cÙBV	 DelItem: Kim Phong Kú L©n HuyÕt
09:13:37	 Account: thanh4	Name: H¾cÙBV	 DelItem: Kim Phong Thiªn Lý Th¶o Th­îng Phi
09:16:06	 Account: okila11	Name: ÙÙTieuVienÙÙ	 DelItem: Kim Phong §ång T­íc Xu©n Th©m
09:16:06	 Account: okila11	Name: ÙÙTieuVienÙÙ	 DelItem: Kim Phong C«ng CÈn Tam Th¸n
09:16:06	 Account: okila11	Name: ÙÙTieuVienÙÙ	 DelItem: Tóc S­¬ng
09:31:55	 Account: thanh4	Name: H¾cÙBV	 DelItem: Kim Phong HËu NghÖ dÉn cung
09:58:02	 Account: okila07	Name: Okila07	 DelItem: Phong V©n Phi Tèc hoµn
09:58:02	 Account: okila07	Name: Okila07	 DelItem: LÖnh bµi
09:58:02	 Account: okila07	Name: Okila07	 DelItem: ChiÕn cæ 
09:58:02	 Account: okila07	Name: Okila07	 DelItem: Kim Phong §ång T­íc Xu©n Th©m
09:58:02	 Account: okila07	Name: Okila07	 DelItem: Kim Phong C«ng CÈn Tam Th¸n
09:58:02	 Account: okila07	Name: Okila07	 DelItem: Tóc S­¬ng
09:58:02	 Account: okila07	Name: Okila07	 DelItem: R­¬ng vò khÝ xanh
09:58:02	 Account: okila07	Name: Okila07	 DelItem: Tói M¸u T©n Thñ
09:58:02	 Account: okila07	Name: Okila07	 DelItem: Phi §ao
09:58:26	 Account: huutuanbmt1	Name: CËnÙVÖÙCL	 DelItem: Kim Phong Thiªn Lý Th¶o Th­îng Phi
10:03:02	 Account: lcduc297b	Name: S¸tÙThñ	 DelItem: [ Nguyªn So¸i ] quan Ên
10:03:30	 Account: lcduc297b	Name: S¸tÙThñ	 DelItem: Kim Phong §ång T­íc Xu©n Th©m
10:06:50	 Account: lcduc297c	Name: XeÙCTC	 DelItem: Kim Phong C«ng CÈn Tam Th¸n
10:08:31	 Account: lcduc297c	Name: XeÙCTC	 DelItem: Kim Phong Tr¹c Liªn Quang
10:15:24	 Account: qwerty1	Name: BossST1	 DelItem: Tóc S­¬ng
10:25:31	 Account: lcduc297a	Name: S¸tÙThÇn	 DelItem: [ Nguyªn So¸i ] mÆt n¹ [cÊp 1]
10:25:31	 Account: lcduc297a	Name: S¸tÙThÇn	 DelItem: [ Nguyªn So¸i ] phi phong
10:25:31	 Account: lcduc297a	Name: S¸tÙThÇn	 DelItem: Kim Phong §ång T­íc Xu©n Th©m
11:12:17	 Account: tandan1	Name: ElecTL	 DelItem: Kim Phong Thiªn Lý Th¶o Th­îng Phi
11:21:16	 Account: tandan3	Name: ElecNMi	 DelItem: Kim Phong Thanh D­¬ng Kh«i
11:22:13	 Account: tandan3	Name: ElecNMi	 DelItem: Kim Phong HËu NghÖ dÉn cung
11:22:13	 Account: tandan3	Name: ElecNMi	 DelItem: Kim Phong §o¹t Hån Ngäc ®¸i
11:23:41	 Account: okila11	Name: ÙÙTieuVienÙÙ	 DelItem: Kim Phong Thiªn Lý Th¶o Th­îng Phi
11:23:41	 Account: okila11	Name: ÙÙTieuVienÙÙ	 DelItem: Kim Phong Lan §×nh Ngäc
11:23:41	 Account: okila11	Name: ÙÙTieuVienÙÙ	 DelItem: Kim Phong Tr¹c Liªn Quang
11:29:58	 Account: okila01	Name: Okila01	 DelItem: Kim Phong HËu NghÖ dÉn cung
12:10:21	 Account: thanh1	Name: BVLHÙ1	 DelItem: Kim Phong §ång T­íc Xu©n Th©m
12:10:21	 Account: thanh1	Name: BVLHÙ1	 DelItem: Kim Phong Lan §×nh Ngäc
12:10:21	 Account: thanh1	Name: BVLHÙ1	 DelItem: Kim Phong C«ng CÈn Tam Th¸n
12:10:21	 Account: thanh1	Name: BVLHÙ1	 DelItem: Kim Phong Tr¹c Liªn Quang
12:10:21	 Account: thanh1	Name: BVLHÙ1	 DelItem: Tóc S­¬ng
12:17:11	 Account: thanh1	Name: BVLHÙ1	 DelItem: Kim Phong Thiªn Lý Th¶o Th­îng Phi
12:17:11	 Account: thanh1	Name: BVLHÙ1	 DelItem: Kim Phong Thanh D­¬ng Kh«i
12:46:15	 Account: tandan2	Name: Elec5D	 DelItem: §¹i Phong §ao
12:50:06	 Account: okilaz3	Name: Okilax3	 DelItem: Tóc S­¬ng
12:50:06	 Account: okilaz3	Name: Okilax3	 DelItem: Kim Phong Thiªn Lý Th¶o Th­îng Phi
12:51:43	 Account: okilaz2	Name: Okilax2	 DelItem: Tóc S­¬ng
12:53:26	 Account: okila04	Name: Okila04	 DelItem: Kim Phong §ång T­íc Xu©n Th©m
12:53:26	 Account: okila04	Name: Okila04	 DelItem: Tóc S­¬ng
13:10:55	 Account: okilax1	Name: Khong1Loi	 DelItem: Tiªn Th¶o Lé 
13:10:55	 Account: okilax1	Name: Khong1Loi	 DelItem: Phong V©n Phi Tèc hoµn
13:10:55	 Account: okilax1	Name: Khong1Loi	 DelItem: LÖnh bµi
13:10:55	 Account: okilax1	Name: Khong1Loi	 DelItem: ChiÕn cæ 
13:10:55	 Account: okilax1	Name: Khong1Loi	 DelItem: Kim Phong §ång T­íc Xu©n Th©m
13:10:55	 Account: okilax1	Name: Khong1Loi	 DelItem: Kim Phong C«ng CÈn Tam Th¸n
13:10:55	 Account: okilax1	Name: Khong1Loi	 DelItem: Tóc S­¬ng
13:10:55	 Account: okilax1	Name: Khong1Loi	 DelItem: R­¬ng vò khÝ xanh
13:10:55	 Account: okilax1	Name: Khong1Loi	 DelItem: Tói M¸u T©n Thñ
13:12:29	 Account: okilax2	Name: Khong2Loi	 DelItem: Tiªn Th¶o Lé 
13:12:29	 Account: okilax2	Name: Khong2Loi	 DelItem: Phong V©n Phi Tèc hoµn
13:12:29	 Account: okilax2	Name: Khong2Loi	 DelItem: LÖnh bµi
13:12:29	 Account: okilax2	Name: Khong2Loi	 DelItem: ChiÕn cæ 
13:12:29	 Account: okilax2	Name: Khong2Loi	 DelItem: Kim Phong §ång T­íc Xu©n Th©m
13:12:29	 Account: okilax2	Name: Khong2Loi	 DelItem: Kim Phong C«ng CÈn Tam Th¸n
13:12:29	 Account: okilax2	Name: Khong2Loi	 DelItem: Tóc S­¬ng
13:12:29	 Account: okilax2	Name: Khong2Loi	 DelItem: R­¬ng vò khÝ xanh
13:12:29	 Account: okilax2	Name: Khong2Loi	 DelItem: Tói M¸u T©n Thñ
13:13:22	 Account: okilax3	Name: Khong3Loi	 DelItem: Tiªn Th¶o Lé 
13:13:22	 Account: okilax3	Name: Khong3Loi	 DelItem: Phong V©n Phi Tèc hoµn
13:13:22	 Account: okilax3	Name: Khong3Loi	 DelItem: LÖnh bµi
13:13:22	 Account: okilax3	Name: Khong3Loi	 DelItem: ChiÕn cæ 
13:13:22	 Account: okilax3	Name: Khong3Loi	 DelItem: Kim Phong §ång T­íc Xu©n Th©m
13:13:22	 Account: okilax3	Name: Khong3Loi	 DelItem: Kim Phong C«ng CÈn Tam Th¸n
13:13:22	 Account: okilax3	Name: Khong3Loi	 DelItem: Tóc S­¬ng
13:13:22	 Account: okilax3	Name: Khong3Loi	 DelItem: R­¬ng vò khÝ xanh
13:13:22	 Account: okilax3	Name: Khong3Loi	 DelItem: Tói M¸u T©n Thñ
13:14:12	 Account: khacman2	Name: CayTien002	 DelItem: Kim Phong §ång T­íc Xu©n Th©m
13:14:12	 Account: khacman2	Name: CayTien002	 DelItem: Kim Phong Thiªn Lý Th¶o Th­îng Phi
13:14:12	 Account: khacman2	Name: CayTien002	 DelItem: Kim Phong Lan §×nh Ngäc
13:14:12	 Account: khacman2	Name: CayTien002	 DelItem: Kim Phong HËu NghÖ dÉn cung
13:14:12	 Account: khacman2	Name: CayTien002	 DelItem: Kim Phong §o¹t Hån Ngäc ®¸i
13:14:12	 Account: khacman2	Name: CayTien002	 DelItem: Kim Phong Thanh D­¬ng Kh«i
13:15:33	 Account: khacman2	Name: CayTien002	 DelItem: Ph¸ Thiªn KÝch
13:15:45	 Account: khacman2	Name: CayTien002	 DelItem: HuyÒn ThiÕt KiÕm
13:26:49	 Account: khacman5	Name: CayTien05	 DelItem: Kim Phong Thiªn Lý Th¶o Th­îng Phi
13:26:49	 Account: khacman5	Name: CayTien05	 DelItem: Kim Phong Kú L©n HuyÕt
13:26:49	 Account: khacman5	Name: CayTien05	 DelItem: Kim Phong Thanh D­¬ng Kh«i
13:27:45	 Account: okilax3	Name: Khong3Cau	 DelItem: Tiªn Th¶o Lé 
13:27:45	 Account: okilax3	Name: Khong3Cau	 DelItem: Phong V©n Phi Tèc hoµn
13:27:45	 Account: okilax3	Name: Khong3Cau	 DelItem: LÖnh bµi
13:27:45	 Account: okilax3	Name: Khong3Cau	 DelItem: ChiÕn cæ 
13:27:45	 Account: okilax3	Name: Khong3Cau	 DelItem: Kim Phong §ång T­íc Xu©n Th©m
13:27:45	 Account: okilax3	Name: Khong3Cau	 DelItem: Kim Phong C«ng CÈn Tam Th¸n
13:27:45	 Account: okilax3	Name: Khong3Cau	 DelItem: Tóc S­¬ng
13:27:45	 Account: okilax3	Name: Khong3Cau	 DelItem: R­¬ng vò khÝ xanh
13:27:45	 Account: okilax3	Name: Khong3Cau	 DelItem: Tói M¸u T©n Thñ
13:37:02	 Account: khacman5	Name: CayTien05	 DelItem: Kim Phong §o¹t Hån Ngäc ®¸i
13:39:05	 Account: khacman6	Name: CayTien06	 DelItem: Kim Phong §ång T­íc Xu©n Th©m
13:39:05	 Account: khacman6	Name: CayTien06	 DelItem: Kim Phong Thiªn Lý Th¶o Th­îng Phi
13:39:05	 Account: khacman6	Name: CayTien06	 DelItem: Kim Phong HËu NghÖ dÉn cung
13:39:05	 Account: khacman6	Name: CayTien06	 DelItem: Kim Phong §o¹t Hån Ngäc ®¸i
13:39:05	 Account: khacman6	Name: CayTien06	 DelItem: Kim Phong Kú L©n HuyÕt
13:39:05	 Account: khacman6	Name: CayTien06	 DelItem: Kim Phong Thanh D­¬ng Kh«i
13:42:13	 Account: khacman7	Name: CayTien7	 DelItem: Kim Phong §ång T­íc Xu©n Th©m
13:42:13	 Account: khacman7	Name: CayTien7	 DelItem: Kim Phong Thiªn Lý Th¶o Th­îng Phi
13:42:13	 Account: khacman7	Name: CayTien7	 DelItem: Kim Phong HËu NghÖ dÉn cung
13:42:13	 Account: khacman7	Name: CayTien7	 DelItem: Kim Phong §o¹t Hån Ngäc ®¸i
13:42:13	 Account: khacman7	Name: CayTien7	 DelItem: Kim Phong Tr¹c Liªn Quang
13:42:13	 Account: khacman7	Name: CayTien7	 DelItem: Kim Phong Kú L©n HuyÕt
13:43:58	 Account: okilax3	Name: Khong3Hoa	 DelItem: Tiªn Th¶o Lé 
13:43:58	 Account: okilax3	Name: Khong3Hoa	 DelItem: Phong V©n Phi Tèc hoµn
13:43:58	 Account: okilax3	Name: Khong3Hoa	 DelItem: LÖnh bµi
13:43:58	 Account: okilax3	Name: Khong3Hoa	 DelItem: ChiÕn cæ 
13:43:58	 Account: okilax3	Name: Khong3Hoa	 DelItem: Kim Phong §ång T­íc Xu©n Th©m
13:43:58	 Account: okilax3	Name: Khong3Hoa	 DelItem: Kim Phong C«ng CÈn Tam Th¸n
13:43:58	 Account: okilax3	Name: Khong3Hoa	 DelItem: Tóc S­¬ng
13:43:58	 Account: okilax3	Name: Khong3Hoa	 DelItem: R­¬ng vò khÝ xanh
13:43:58	 Account: okilax3	Name: Khong3Hoa	 DelItem: Tói M¸u T©n Thñ
14:04:18	 Account: khacman5	Name: CayTien05	 DelItem: Kim Phong Tr¹c Liªn Quang
14:35:19	 Account: tandan1	Name: ElecTL	 DelItem: Kim Phong Kú L©n HuyÕt
14:41:53	 Account: tandan3	Name: ElecNMi	 DelItem: HuyÒn ThiÕt KiÕm
14:41:53	 Account: tandan3	Name: ElecNMi	 DelItem: Kim Phong Tr¹c Liªn Quang
14:42:19	 Account: tandan2	Name: Elec5D	 DelItem: Kim Phong Thiªn Lý Th¶o Th­îng Phi
14:42:19	 Account: tandan2	Name: Elec5D	 DelItem: Kim Phong HËu NghÖ dÉn cung
14:42:19	 Account: tandan2	Name: Elec5D	 DelItem: Kim Phong §o¹t Hån Ngäc ®¸i
14:42:19	 Account: tandan2	Name: Elec5D	 DelItem: Kim Phong Kú L©n HuyÕt
14:54:45	 Account: chipl17	Name: BuonLaiChoi	 DelItem: Kim Phong Kú L©n HuyÕt
14:54:45	 Account: chipl17	Name: BuonLaiChoi	 DelItem: Kim Phong Lan §×nh Ngäc
14:54:45	 Account: chipl17	Name: BuonLaiChoi	 DelItem: Kim Phong Thiªn Lý Th¶o Th­îng Phi
14:55:05	 Account: chipl16	Name: MayCayAi	 DelItem: Kim Phong Kú L©n HuyÕt
14:55:05	 Account: chipl16	Name: MayCayAi	 DelItem: Kim Phong §o¹t Hån Ngäc ®¸i
14:55:05	 Account: chipl16	Name: MayCayAi	 DelItem: Kim Phong Thiªn Lý Th¶o Th­îng Phi
14:55:27	 Account: chipl18	Name: ThuyYenLozz	 DelItem: Kim Phong Kú L©n HuyÕt
14:55:27	 Account: chipl18	Name: ThuyYenLozz	 DelItem: Kim Phong Tr¹c Liªn Quang
14:55:27	 Account: chipl18	Name: ThuyYenLozz	 DelItem: Kim Phong HËu NghÖ dÉn cung
14:55:27	 Account: chipl18	Name: ThuyYenLozz	 DelItem: Kim Phong Lan §×nh Ngäc
14:55:27	 Account: chipl18	Name: ThuyYenLozz	 DelItem: Kim Phong Thiªn Lý Th¶o Th­îng Phi
14:55:27	 Account: chipl18	Name: ThuyYenLozz	 DelItem: Kim Phong §ång T­íc Xu©n Th©m
14:56:09	 Account: chipl15	Name: SieuBay	 DelItem: Kim Phong §ång T­íc Xu©n Th©m
14:56:09	 Account: chipl15	Name: SieuBay	 DelItem: Kim Phong Lan §×nh Ngäc
14:56:09	 Account: chipl15	Name: SieuBay	 DelItem: Kim Phong §o¹t Hån Ngäc ®¸i
14:56:09	 Account: chipl15	Name: SieuBay	 DelItem: Kim Phong Tr¹c Liªn Quang
14:56:09	 Account: chipl15	Name: SieuBay	 DelItem: Kim Phong Kú L©n HuyÕt
14:56:09	 Account: chipl15	Name: SieuBay	 DelItem: Kim Phong Thanh D­¬ng Kh«i
14:56:29	 Account: hieuphan4	Name: DiepLang	 DelItem: Kim Phong §ång T­íc Xu©n Th©m
14:56:55	 Account: hieuphan4	Name: DiepLang	 DelItem: Khæng T­íc Linh
14:57:56	 Account: hieuphan4	Name: DiepLang	 DelItem: Khæng T­íc Linh
15:01:34	 Account: hieuphan4	Name: DiepLang	 DelItem: Kim Phong Thiªn Lý Th¶o Th­îng Phi
15:01:34	 Account: hieuphan4	Name: DiepLang	 DelItem: Kim Phong Lan §×nh Ngäc
15:01:34	 Account: hieuphan4	Name: DiepLang	 DelItem: Kim Phong HËu NghÖ dÉn cung
15:01:34	 Account: hieuphan4	Name: DiepLang	 DelItem: Kim Phong §o¹t Hån Ngäc ®¸i
15:01:34	 Account: hieuphan4	Name: DiepLang	 DelItem: Kim Phong C«ng CÈn Tam Th¸n
15:01:34	 Account: hieuphan4	Name: DiepLang	 DelItem: Kim Phong Tr¹c Liªn Quang
15:01:34	 Account: hieuphan4	Name: DiepLang	 DelItem: Kim Phong Kú L©n HuyÕt
15:01:34	 Account: hieuphan4	Name: DiepLang	 DelItem: Kim Phong Thanh D­¬ng Kh«i
15:10:45	 Account: admin	Name: GameMaster	 DelItem: Kim Phong Thiªn Lý Th¶o Th­îng Phi
15:10:45	 Account: admin	Name: GameMaster	 DelItem: Kim Phong Lan §×nh Ngäc
15:10:45	 Account: admin	Name: GameMaster	 DelItem: Kim Phong Thanh D­¬ng Kh«i
15:10:56	 Account: admin	Name: GameMaster	 DelItem: Kim Phong §ång T­íc Xu©n Th©m
15:10:56	 Account: admin	Name: GameMaster	 DelItem: Kim Phong HËu NghÖ dÉn cung
15:10:56	 Account: admin	Name: GameMaster	 DelItem: Kim Phong §o¹t Hån Ngäc ®¸i
15:10:56	 Account: admin	Name: GameMaster	 DelItem: Kim Phong Tr¹c Liªn Quang
15:10:56	 Account: admin	Name: GameMaster	 DelItem: Kim Phong Kú L©n HuyÕt
15:11:05	 Account: admin	Name: GameMaster	 DelItem: Kim Phong C«ng CÈn Tam Th¸n
16:08:37	 Account: hieuphan4	Name: DiepLang	 DelItem: Khæng T­íc Linh
16:11:06	 Account: hieuphan4	Name: DiepLang	 DelItem: Phong V©n Phi Tèc hoµn
16:11:06	 Account: hieuphan4	Name: DiepLang	 DelItem: LÖnh bµi
16:11:06	 Account: hieuphan4	Name: DiepLang	 DelItem: ChiÕn cæ 
16:11:06	 Account: hieuphan4	Name: DiepLang	 DelItem: R­¬ng vò khÝ xanh
16:19:40	 Account: quangthaian2	Name: S¸tÙThiªn	 DelItem: Kim Phong §ång T­íc Xu©n Th©m
16:19:40	 Account: quangthaian2	Name: S¸tÙThiªn	 DelItem: Kim Phong Thiªn Lý Th¶o Th­îng Phi
16:19:40	 Account: quangthaian2	Name: S¸tÙThiªn	 DelItem: Kim Phong Lan §×nh Ngäc
16:19:40	 Account: quangthaian2	Name: S¸tÙThiªn	 DelItem: Kim Phong HËu NghÖ dÉn cung
16:19:40	 Account: quangthaian2	Name: S¸tÙThiªn	 DelItem: Kim Phong §o¹t Hån Ngäc ®¸i
16:19:40	 Account: quangthaian2	Name: S¸tÙThiªn	 DelItem: Kim Phong C«ng CÈn Tam Th¸n
16:19:40	 Account: quangthaian2	Name: S¸tÙThiªn	 DelItem: Kim Phong Tr¹c Liªn Quang
16:19:40	 Account: quangthaian2	Name: S¸tÙThiªn	 DelItem: Kim Phong Kú L©n HuyÕt
16:19:40	 Account: quangthaian2	Name: S¸tÙThiªn	 DelItem: Kim Phong Thanh D­¬ng Kh«i
16:20:08	 Account: quangthaian2	Name: S¸tÙThiªn	 DelItem: §¹i Phong §ao
16:21:08	 Account: quangthaian2	Name: S¸tÙThiªn	 DelItem: §¹i Phong §ao
16:28:33	 Account: quangthaian3	Name: S¸tÙQuû	 DelItem: Kim Phong §ång T­íc Xu©n Th©m
16:28:33	 Account: quangthaian3	Name: S¸tÙQuû	 DelItem: Kim Phong Thiªn Lý Th¶o Th­îng Phi
16:28:33	 Account: quangthaian3	Name: S¸tÙQuû	 DelItem: Kim Phong Lan §×nh Ngäc
16:28:33	 Account: quangthaian3	Name: S¸tÙQuû	 DelItem: Kim Phong HËu NghÖ dÉn cung
16:28:33	 Account: quangthaian3	Name: S¸tÙQuû	 DelItem: Kim Phong §o¹t Hån Ngäc ®¸i
16:28:33	 Account: quangthaian3	Name: S¸tÙQuû	 DelItem: Kim Phong C«ng CÈn Tam Th¸n
16:28:33	 Account: quangthaian3	Name: S¸tÙQuû	 DelItem: Kim Phong Tr¹c Liªn Quang
16:28:33	 Account: quangthaian3	Name: S¸tÙQuû	 DelItem: Kim Phong Kú L©n HuyÕt
16:28:33	 Account: quangthaian3	Name: S¸tÙQuû	 DelItem: Kim Phong Thanh D­¬ng Kh«i
16:41:27	 Account: quangthaian1	Name: S¸tÙTh¸nh	 DelItem: [ Nguyªn So¸i ] chiÕn m·
16:41:27	 Account: quangthaian1	Name: S¸tÙTh¸nh	 DelItem: [ Nguyªn So¸i ] chiÕn m·
16:41:27	 Account: quangthaian1	Name: S¸tÙTh¸nh	 DelItem: [ Nguyªn So¸i ] chiÕn m·
17:06:50	 Account: chipl15	Name: SieuBay	 DelItem: Kim Phong C«ng CÈn Tam Th¸n
17:06:50	 Account: chipl15	Name: SieuBay	 DelItem: Kim Phong Thiªn Lý Th¶o Th­îng Phi
